<?xml version="1.0" encoding="ISO-8859-1" ?>
<link_info>
   <banner>TMS320C2000 Linker PC v22.6.0.LTS</banner>
   <copyright>Copyright (c) 1996-2018 Texas Instruments Incorporated</copyright>
   <link_time>0x691a0bda</link_time>
   <link_errors>0x0</link_errors>
   <output_file>My_FFT_03_Working.out</output_file>
   <entry_point>
      <name>_c_int00</name>
      <address>0xa05a</address>
   </entry_point>
   <input_file_list>
      <input_file id="fl-2">
         <path>.\</path>
         <kind>object</kind>
         <file>fft1024.obj</file>
         <name>fft1024.obj</name>
      </input_file>
      <input_file id="fl-3">
         <path>.\</path>
         <kind>object</kind>
         <file>magnitude.obj</file>
         <name>magnitude.obj</name>
      </input_file>
      <input_file id="fl-4">
         <path>.\</path>
         <kind>object</kind>
         <file>main.obj</file>
         <name>main.obj</name>
      </input_file>
      <input_file id="fl-7">
         <kind>object</kind>
         <file>&lt;internal&gt;</file>
         <name>&lt;internal&gt;</name>
      </input_file>
      <input_file id="fl-14">
         <path>C:\ti\ccs1210\ccs\tools\compiler\ti-cgt-c2000_22.6.0.LTS\lib\</path>
         <kind>archive</kind>
         <file>rts2800_ml.lib</file>
         <name>e_atan2f.c.obj</name>
      </input_file>
      <input_file id="fl-15">
         <path>C:\ti\ccs1210\ccs\tools\compiler\ti-cgt-c2000_22.6.0.LTS\lib\</path>
         <kind>archive</kind>
         <file>rts2800_ml.lib</file>
         <name>e_sqrtf.c.obj</name>
      </input_file>
      <input_file id="fl-16">
         <path>C:\ti\ccs1210\ccs\tools\compiler\ti-cgt-c2000_22.6.0.LTS\lib\</path>
         <kind>archive</kind>
         <file>rts2800_ml.lib</file>
         <name>s_atanf.c.obj</name>
      </input_file>
      <input_file id="fl-17">
         <path>C:\ti\ccs1210\ccs\tools\compiler\ti-cgt-c2000_22.6.0.LTS\lib\</path>
         <kind>archive</kind>
         <file>rts2800_ml.lib</file>
         <name>s_sinf.c.obj</name>
      </input_file>
      <input_file id="fl-18">
         <path>C:\ti\ccs1210\ccs\tools\compiler\ti-cgt-c2000_22.6.0.LTS\lib\</path>
         <kind>archive</kind>
         <file>rts2800_ml.lib</file>
         <name>printf.c.obj</name>
      </input_file>
      <input_file id="fl-19">
         <path>C:\ti\ccs1210\ccs\tools\compiler\ti-cgt-c2000_22.6.0.LTS\lib\</path>
         <kind>archive</kind>
         <file>rts2800_ml.lib</file>
         <name>_printfi.c.obj</name>
      </input_file>
      <input_file id="fl-1a">
         <path>C:\ti\ccs1210\ccs\tools\compiler\ti-cgt-c2000_22.6.0.LTS\lib\</path>
         <kind>archive</kind>
         <file>rts2800_ml.lib</file>
         <name>fputc.c.obj</name>
      </input_file>
      <input_file id="fl-1b">
         <path>C:\ti\ccs1210\ccs\tools\compiler\ti-cgt-c2000_22.6.0.LTS\lib\</path>
         <kind>archive</kind>
         <file>rts2800_ml.lib</file>
         <name>fputs.c.obj</name>
      </input_file>
      <input_file id="fl-1c">
         <path>C:\ti\ccs1210\ccs\tools\compiler\ti-cgt-c2000_22.6.0.LTS\lib\</path>
         <kind>archive</kind>
         <file>rts2800_ml.lib</file>
         <name>_io_perm.c.obj</name>
      </input_file>
      <input_file id="fl-1d">
         <path>C:\ti\ccs1210\ccs\tools\compiler\ti-cgt-c2000_22.6.0.LTS\lib\</path>
         <kind>archive</kind>
         <file>rts2800_ml.lib</file>
         <name>setvbuf.c.obj</name>
      </input_file>
      <input_file id="fl-1e">
         <path>C:\ti\ccs1210\ccs\tools\compiler\ti-cgt-c2000_22.6.0.LTS\lib\</path>
         <kind>archive</kind>
         <file>rts2800_ml.lib</file>
         <name>boot28.asm.obj</name>
      </input_file>
      <input_file id="fl-1f">
         <path>C:\ti\ccs1210\ccs\tools\compiler\ti-cgt-c2000_22.6.0.LTS\lib\</path>
         <kind>archive</kind>
         <file>rts2800_ml.lib</file>
         <name>fd_add28.asm.obj</name>
      </input_file>
      <input_file id="fl-20">
         <path>C:\ti\ccs1210\ccs\tools\compiler\ti-cgt-c2000_22.6.0.LTS\lib\</path>
         <kind>archive</kind>
         <file>rts2800_ml.lib</file>
         <name>fd_cmp28.asm.obj</name>
      </input_file>
      <input_file id="fl-21">
         <path>C:\ti\ccs1210\ccs\tools\compiler\ti-cgt-c2000_22.6.0.LTS\lib\</path>
         <kind>archive</kind>
         <file>rts2800_ml.lib</file>
         <name>fd_mpy28.asm.obj</name>
      </input_file>
      <input_file id="fl-22">
         <path>C:\ti\ccs1210\ccs\tools\compiler\ti-cgt-c2000_22.6.0.LTS\lib\</path>
         <kind>archive</kind>
         <file>rts2800_ml.lib</file>
         <name>fd_neg28.asm.obj</name>
      </input_file>
      <input_file id="fl-23">
         <path>C:\ti\ccs1210\ccs\tools\compiler\ti-cgt-c2000_22.6.0.LTS\lib\</path>
         <kind>archive</kind>
         <file>rts2800_ml.lib</file>
         <name>fd_sub28.asm.obj</name>
      </input_file>
      <input_file id="fl-24">
         <path>C:\ti\ccs1210\ccs\tools\compiler\ti-cgt-c2000_22.6.0.LTS\lib\</path>
         <kind>archive</kind>
         <file>rts2800_ml.lib</file>
         <name>fd_toi28.asm.obj</name>
      </input_file>
      <input_file id="fl-25">
         <path>C:\ti\ccs1210\ccs\tools\compiler\ti-cgt-c2000_22.6.0.LTS\lib\</path>
         <kind>archive</kind>
         <file>rts2800_ml.lib</file>
         <name>fd_tol28.asm.obj</name>
      </input_file>
      <input_file id="fl-26">
         <path>C:\ti\ccs1210\ccs\tools\compiler\ti-cgt-c2000_22.6.0.LTS\lib\</path>
         <kind>archive</kind>
         <file>rts2800_ml.lib</file>
         <name>fs_add28.asm.obj</name>
      </input_file>
      <input_file id="fl-27">
         <path>C:\ti\ccs1210\ccs\tools\compiler\ti-cgt-c2000_22.6.0.LTS\lib\</path>
         <kind>archive</kind>
         <file>rts2800_ml.lib</file>
         <name>fs_cmp28.asm.obj</name>
      </input_file>
      <input_file id="fl-28">
         <path>C:\ti\ccs1210\ccs\tools\compiler\ti-cgt-c2000_22.6.0.LTS\lib\</path>
         <kind>archive</kind>
         <file>rts2800_ml.lib</file>
         <name>fs_div28.asm.obj</name>
      </input_file>
      <input_file id="fl-29">
         <path>C:\ti\ccs1210\ccs\tools\compiler\ti-cgt-c2000_22.6.0.LTS\lib\</path>
         <kind>archive</kind>
         <file>rts2800_ml.lib</file>
         <name>fs_mpy28.asm.obj</name>
      </input_file>
      <input_file id="fl-2a">
         <path>C:\ti\ccs1210\ccs\tools\compiler\ti-cgt-c2000_22.6.0.LTS\lib\</path>
         <kind>archive</kind>
         <file>rts2800_ml.lib</file>
         <name>fs_neg28.asm.obj</name>
      </input_file>
      <input_file id="fl-2b">
         <path>C:\ti\ccs1210\ccs\tools\compiler\ti-cgt-c2000_22.6.0.LTS\lib\</path>
         <kind>archive</kind>
         <file>rts2800_ml.lib</file>
         <name>fs_toi28.asm.obj</name>
      </input_file>
      <input_file id="fl-2c">
         <path>C:\ti\ccs1210\ccs\tools\compiler\ti-cgt-c2000_22.6.0.LTS\lib\</path>
         <kind>archive</kind>
         <file>rts2800_ml.lib</file>
         <name>ll_aox28.asm.obj</name>
      </input_file>
      <input_file id="fl-2d">
         <path>C:\ti\ccs1210\ccs\tools\compiler\ti-cgt-c2000_22.6.0.LTS\lib\</path>
         <kind>archive</kind>
         <file>rts2800_ml.lib</file>
         <name>ll_cmp28.asm.obj</name>
      </input_file>
      <input_file id="fl-2e">
         <path>C:\ti\ccs1210\ccs\tools\compiler\ti-cgt-c2000_22.6.0.LTS\lib\</path>
         <kind>archive</kind>
         <file>rts2800_ml.lib</file>
         <name>ll_div28.asm.obj</name>
      </input_file>
      <input_file id="fl-2f">
         <path>C:\ti\ccs1210\ccs\tools\compiler\ti-cgt-c2000_22.6.0.LTS\lib\</path>
         <kind>archive</kind>
         <file>rts2800_ml.lib</file>
         <name>i_tofd28.asm.obj</name>
      </input_file>
      <input_file id="fl-30">
         <path>C:\ti\ccs1210\ccs\tools\compiler\ti-cgt-c2000_22.6.0.LTS\lib\</path>
         <kind>archive</kind>
         <file>rts2800_ml.lib</file>
         <name>i_tofs28.asm.obj</name>
      </input_file>
      <input_file id="fl-31">
         <path>C:\ti\ccs1210\ccs\tools\compiler\ti-cgt-c2000_22.6.0.LTS\lib\</path>
         <kind>archive</kind>
         <file>rts2800_ml.lib</file>
         <name>l_tofd28.asm.obj</name>
      </input_file>
      <input_file id="fl-32">
         <path>C:\ti\ccs1210\ccs\tools\compiler\ti-cgt-c2000_22.6.0.LTS\lib\</path>
         <kind>archive</kind>
         <file>rts2800_ml.lib</file>
         <name>fs_tofd28.asm.obj</name>
      </input_file>
      <input_file id="fl-33">
         <path>C:\ti\ccs1210\ccs\tools\compiler\ti-cgt-c2000_22.6.0.LTS\lib\</path>
         <kind>archive</kind>
         <file>rts2800_ml.lib</file>
         <name>ll_tofs28.asm.obj</name>
      </input_file>
      <input_file id="fl-34">
         <path>C:\ti\ccs1210\ccs\tools\compiler\ti-cgt-c2000_22.6.0.LTS\lib\</path>
         <kind>archive</kind>
         <file>rts2800_ml.lib</file>
         <name>fd_div28.asm.obj</name>
      </input_file>
      <input_file id="fl-35">
         <path>C:\ti\ccs1210\ccs\tools\compiler\ti-cgt-c2000_22.6.0.LTS\lib\</path>
         <kind>archive</kind>
         <file>rts2800_ml.lib</file>
         <name>cpy_tbl.c.obj</name>
      </input_file>
      <input_file id="fl-36">
         <path>C:\ti\ccs1210\ccs\tools\compiler\ti-cgt-c2000_22.6.0.LTS\lib\</path>
         <kind>archive</kind>
         <file>rts2800_ml.lib</file>
         <name>memcpy.c.obj</name>
      </input_file>
      <input_file id="fl-37">
         <path>C:\ti\ccs1210\ccs\tools\compiler\ti-cgt-c2000_22.6.0.LTS\lib\</path>
         <kind>archive</kind>
         <file>rts2800_ml.lib</file>
         <name>pre_init.c.obj</name>
      </input_file>
      <input_file id="fl-38">
         <path>C:\ti\ccs1210\ccs\tools\compiler\ti-cgt-c2000_22.6.0.LTS\lib\</path>
         <kind>archive</kind>
         <file>rts2800_ml.lib</file>
         <name>startup.c.obj</name>
      </input_file>
      <input_file id="fl-39">
         <path>C:\ti\ccs1210\ccs\tools\compiler\ti-cgt-c2000_22.6.0.LTS\lib\</path>
         <kind>archive</kind>
         <file>rts2800_ml.lib</file>
         <name>e_rem_pio2f.c.obj</name>
      </input_file>
      <input_file id="fl-3a">
         <path>C:\ti\ccs1210\ccs\tools\compiler\ti-cgt-c2000_22.6.0.LTS\lib\</path>
         <kind>archive</kind>
         <file>rts2800_ml.lib</file>
         <name>k_rem_pio2.c.obj</name>
      </input_file>
      <input_file id="fl-3b">
         <path>C:\ti\ccs1210\ccs\tools\compiler\ti-cgt-c2000_22.6.0.LTS\lib\</path>
         <kind>archive</kind>
         <file>rts2800_ml.lib</file>
         <name>exit.c.obj</name>
      </input_file>
      <input_file id="fl-3c">
         <path>C:\ti\ccs1210\ccs\tools\compiler\ti-cgt-c2000_22.6.0.LTS\lib\</path>
         <kind>archive</kind>
         <file>rts2800_ml.lib</file>
         <name>_lock.c.obj</name>
      </input_file>
      <input_file id="fl-3d">
         <path>C:\ti\ccs1210\ccs\tools\compiler\ti-cgt-c2000_22.6.0.LTS\lib\</path>
         <kind>archive</kind>
         <file>rts2800_ml.lib</file>
         <name>_ltoa.c.obj</name>
      </input_file>
      <input_file id="fl-3e">
         <path>C:\ti\ccs1210\ccs\tools\compiler\ti-cgt-c2000_22.6.0.LTS\lib\</path>
         <kind>archive</kind>
         <file>rts2800_ml.lib</file>
         <name>args_main.c.obj</name>
      </input_file>
      <input_file id="fl-3f">
         <path>C:\ti\ccs1210\ccs\tools\compiler\ti-cgt-c2000_22.6.0.LTS\lib\</path>
         <kind>archive</kind>
         <file>rts2800_ml.lib</file>
         <name>atoi.c.obj</name>
      </input_file>
      <input_file id="fl-40">
         <path>C:\ti\ccs1210\ccs\tools\compiler\ti-cgt-c2000_22.6.0.LTS\lib\</path>
         <kind>archive</kind>
         <file>rts2800_ml.lib</file>
         <name>ctype.c.obj</name>
      </input_file>
      <input_file id="fl-41">
         <path>C:\ti\ccs1210\ccs\tools\compiler\ti-cgt-c2000_22.6.0.LTS\lib\</path>
         <kind>archive</kind>
         <file>rts2800_ml.lib</file>
         <name>defs.c.obj</name>
      </input_file>
      <input_file id="fl-42">
         <path>C:\ti\ccs1210\ccs\tools\compiler\ti-cgt-c2000_22.6.0.LTS\lib\</path>
         <kind>archive</kind>
         <file>rts2800_ml.lib</file>
         <name>memccpy.c.obj</name>
      </input_file>
      <input_file id="fl-43">
         <path>C:\ti\ccs1210\ccs\tools\compiler\ti-cgt-c2000_22.6.0.LTS\lib\</path>
         <kind>archive</kind>
         <file>rts2800_ml.lib</file>
         <name>memchr.c.obj</name>
      </input_file>
      <input_file id="fl-44">
         <path>C:\ti\ccs1210\ccs\tools\compiler\ti-cgt-c2000_22.6.0.LTS\lib\</path>
         <kind>archive</kind>
         <file>rts2800_ml.lib</file>
         <name>memory.c.obj</name>
      </input_file>
      <input_file id="fl-45">
         <path>C:\ti\ccs1210\ccs\tools\compiler\ti-cgt-c2000_22.6.0.LTS\lib\</path>
         <kind>archive</kind>
         <file>rts2800_ml.lib</file>
         <name>memset.c.obj</name>
      </input_file>
      <input_file id="fl-46">
         <path>C:\ti\ccs1210\ccs\tools\compiler\ti-cgt-c2000_22.6.0.LTS\lib\</path>
         <kind>archive</kind>
         <file>rts2800_ml.lib</file>
         <name>strchr.c.obj</name>
      </input_file>
      <input_file id="fl-47">
         <path>C:\ti\ccs1210\ccs\tools\compiler\ti-cgt-c2000_22.6.0.LTS\lib\</path>
         <kind>archive</kind>
         <file>rts2800_ml.lib</file>
         <name>strcpy.c.obj</name>
      </input_file>
      <input_file id="fl-48">
         <path>C:\ti\ccs1210\ccs\tools\compiler\ti-cgt-c2000_22.6.0.LTS\lib\</path>
         <kind>archive</kind>
         <file>rts2800_ml.lib</file>
         <name>strlen.c.obj</name>
      </input_file>
      <input_file id="fl-49">
         <path>C:\ti\ccs1210\ccs\tools\compiler\ti-cgt-c2000_22.6.0.LTS\lib\</path>
         <kind>archive</kind>
         <file>rts2800_ml.lib</file>
         <name>errno.c.obj</name>
      </input_file>
      <input_file id="fl-4a">
         <path>C:\ti\ccs1210\ccs\tools\compiler\ti-cgt-c2000_22.6.0.LTS\lib\</path>
         <kind>archive</kind>
         <file>rts2800_ml.lib</file>
         <name>write.c.obj</name>
      </input_file>
      <input_file id="fl-4b">
         <path>C:\ti\ccs1210\ccs\tools\compiler\ti-cgt-c2000_22.6.0.LTS\lib\</path>
         <kind>archive</kind>
         <file>rts2800_ml.lib</file>
         <name>host_device.c.obj</name>
      </input_file>
      <input_file id="fl-4c">
         <path>C:\ti\ccs1210\ccs\tools\compiler\ti-cgt-c2000_22.6.0.LTS\lib\</path>
         <kind>archive</kind>
         <file>rts2800_ml.lib</file>
         <name>s_floor.c.obj</name>
      </input_file>
      <input_file id="fl-4d">
         <path>C:\ti\ccs1210\ccs\tools\compiler\ti-cgt-c2000_22.6.0.LTS\lib\</path>
         <kind>archive</kind>
         <file>rts2800_ml.lib</file>
         <name>s_frexp.c.obj</name>
      </input_file>
      <input_file id="fl-4e">
         <path>C:\ti\ccs1210\ccs\tools\compiler\ti-cgt-c2000_22.6.0.LTS\lib\</path>
         <kind>archive</kind>
         <file>rts2800_ml.lib</file>
         <name>s_scalbn.c.obj</name>
      </input_file>
      <input_file id="fl-4f">
         <path>C:\ti\ccs1210\ccs\tools\compiler\ti-cgt-c2000_22.6.0.LTS\lib\</path>
         <kind>archive</kind>
         <file>rts2800_ml.lib</file>
         <name>s_copysign.c.obj</name>
      </input_file>
      <input_file id="fl-50">
         <path>C:\ti\ccs1210\ccs\tools\compiler\ti-cgt-c2000_22.6.0.LTS\lib\</path>
         <kind>archive</kind>
         <file>rts2800_ml.lib</file>
         <name>wcslen.c.obj</name>
      </input_file>
      <input_file id="fl-51">
         <path>C:\ti\ccs1210\ccs\tools\compiler\ti-cgt-c2000_22.6.0.LTS\lib\</path>
         <kind>archive</kind>
         <file>rts2800_ml.lib</file>
         <name>k_cosf.c.obj</name>
      </input_file>
      <input_file id="fl-52">
         <path>C:\ti\ccs1210\ccs\tools\compiler\ti-cgt-c2000_22.6.0.LTS\lib\</path>
         <kind>archive</kind>
         <file>rts2800_ml.lib</file>
         <name>k_sinf.c.obj</name>
      </input_file>
      <input_file id="fl-53">
         <path>C:\ti\ccs1210\ccs\tools\compiler\ti-cgt-c2000_22.6.0.LTS\lib\</path>
         <kind>archive</kind>
         <file>rts2800_ml.lib</file>
         <name>fflush.c.obj</name>
      </input_file>
      <input_file id="fl-54">
         <path>C:\ti\ccs1210\ccs\tools\compiler\ti-cgt-c2000_22.6.0.LTS\lib\</path>
         <kind>archive</kind>
         <file>rts2800_ml.lib</file>
         <name>fopen.c.obj</name>
      </input_file>
      <input_file id="fl-55">
         <path>C:\ti\ccs1210\ccs\tools\compiler\ti-cgt-c2000_22.6.0.LTS\lib\</path>
         <kind>archive</kind>
         <file>rts2800_ml.lib</file>
         <name>fseek.c.obj</name>
      </input_file>
      <input_file id="fl-56">
         <path>C:\ti\ccs1210\ccs\tools\compiler\ti-cgt-c2000_22.6.0.LTS\lib\</path>
         <kind>archive</kind>
         <file>rts2800_ml.lib</file>
         <name>i_div28.asm.obj</name>
      </input_file>
      <input_file id="fl-57">
         <path>C:\ti\ccs1210\ccs\tools\compiler\ti-cgt-c2000_22.6.0.LTS\lib\</path>
         <kind>archive</kind>
         <file>rts2800_ml.lib</file>
         <name>l_div28.asm.obj</name>
      </input_file>
      <input_file id="fl-58">
         <path>C:\ti\ccs1210\ccs\tools\compiler\ti-cgt-c2000_22.6.0.LTS\lib\</path>
         <kind>archive</kind>
         <file>rts2800_ml.lib</file>
         <name>fd_tofs28.asm.obj</name>
      </input_file>
      <input_file id="fl-59">
         <path>C:\ti\ccs1210\ccs\tools\compiler\ti-cgt-c2000_22.6.0.LTS\lib\</path>
         <kind>archive</kind>
         <file>rts2800_ml.lib</file>
         <name>hostclose.c.obj</name>
      </input_file>
      <input_file id="fl-5a">
         <path>C:\ti\ccs1210\ccs\tools\compiler\ti-cgt-c2000_22.6.0.LTS\lib\</path>
         <kind>archive</kind>
         <file>rts2800_ml.lib</file>
         <name>hostlseek.c.obj</name>
      </input_file>
      <input_file id="fl-5b">
         <path>C:\ti\ccs1210\ccs\tools\compiler\ti-cgt-c2000_22.6.0.LTS\lib\</path>
         <kind>archive</kind>
         <file>rts2800_ml.lib</file>
         <name>hostopen.c.obj</name>
      </input_file>
      <input_file id="fl-5c">
         <path>C:\ti\ccs1210\ccs\tools\compiler\ti-cgt-c2000_22.6.0.LTS\lib\</path>
         <kind>archive</kind>
         <file>rts2800_ml.lib</file>
         <name>hostread.c.obj</name>
      </input_file>
      <input_file id="fl-5d">
         <path>C:\ti\ccs1210\ccs\tools\compiler\ti-cgt-c2000_22.6.0.LTS\lib\</path>
         <kind>archive</kind>
         <file>rts2800_ml.lib</file>
         <name>hostrename.c.obj</name>
      </input_file>
      <input_file id="fl-5e">
         <path>C:\ti\ccs1210\ccs\tools\compiler\ti-cgt-c2000_22.6.0.LTS\lib\</path>
         <kind>archive</kind>
         <file>rts2800_ml.lib</file>
         <name>hostunlink.c.obj</name>
      </input_file>
      <input_file id="fl-5f">
         <path>C:\ti\ccs1210\ccs\tools\compiler\ti-cgt-c2000_22.6.0.LTS\lib\</path>
         <kind>archive</kind>
         <file>rts2800_ml.lib</file>
         <name>hostwrite.c.obj</name>
      </input_file>
      <input_file id="fl-60">
         <path>C:\ti\ccs1210\ccs\tools\compiler\ti-cgt-c2000_22.6.0.LTS\lib\</path>
         <kind>archive</kind>
         <file>rts2800_ml.lib</file>
         <name>trgmsg.c.obj</name>
      </input_file>
      <input_file id="fl-61">
         <path>C:\ti\ccs1210\ccs\tools\compiler\ti-cgt-c2000_22.6.0.LTS\lib\</path>
         <kind>archive</kind>
         <file>rts2800_ml.lib</file>
         <name>open.c.obj</name>
      </input_file>
      <input_file id="fl-62">
         <path>C:\ti\ccs1210\ccs\tools\compiler\ti-cgt-c2000_22.6.0.LTS\lib\</path>
         <kind>archive</kind>
         <file>rts2800_ml.lib</file>
         <name>lseek.c.obj</name>
      </input_file>
      <input_file id="fl-63">
         <path>C:\ti\ccs1210\ccs\tools\compiler\ti-cgt-c2000_22.6.0.LTS\lib\</path>
         <kind>archive</kind>
         <file>rts2800_ml.lib</file>
         <name>fclose.c.obj</name>
      </input_file>
      <input_file id="fl-64">
         <path>C:\ti\ccs1210\ccs\tools\compiler\ti-cgt-c2000_22.6.0.LTS\lib\</path>
         <kind>archive</kind>
         <file>rts2800_ml.lib</file>
         <name>getdevice.c.obj</name>
      </input_file>
      <input_file id="fl-65">
         <path>C:\ti\ccs1210\ccs\tools\compiler\ti-cgt-c2000_22.6.0.LTS\lib\</path>
         <kind>archive</kind>
         <file>rts2800_ml.lib</file>
         <name>strcmp.c.obj</name>
      </input_file>
      <input_file id="fl-66">
         <path>C:\ti\ccs1210\ccs\tools\compiler\ti-cgt-c2000_22.6.0.LTS\lib\</path>
         <kind>archive</kind>
         <file>rts2800_ml.lib</file>
         <name>strncpy.c.obj</name>
      </input_file>
      <input_file id="fl-67">
         <path>C:\ti\ccs1210\ccs\tools\compiler\ti-cgt-c2000_22.6.0.LTS\lib\</path>
         <kind>archive</kind>
         <file>rts2800_ml.lib</file>
         <name>remove.c.obj</name>
      </input_file>
      <input_file id="fl-68">
         <path>C:\ti\ccs1210\ccs\tools\compiler\ti-cgt-c2000_22.6.0.LTS\lib\</path>
         <kind>archive</kind>
         <file>rts2800_ml.lib</file>
         <name>close.c.obj</name>
      </input_file>
      <input_file id="fl-69">
         <path>C:\ti\ccs1210\ccs\tools\compiler\ti-cgt-c2000_22.6.0.LTS\lib\</path>
         <kind>archive</kind>
         <file>rts2800_ml.lib</file>
         <name>unlink.c.obj</name>
      </input_file>
   </input_file_list>
   <object_component_list>
      <object_component id="oc-1fc">
         <name>.text</name>
         <load_address>0x8000</load_address>
         <run_address>0x8000</run_address>
         <size>0x698</size>
         <input_file_ref idref="fl-3a"/>
      </object_component>
      <object_component id="oc-1fb">
         <name>.text</name>
         <load_address>0x8698</load_address>
         <run_address>0x8698</run_address>
         <size>0x118</size>
         <input_file_ref idref="fl-16"/>
      </object_component>
      <object_component id="oc-22a">
         <name>.text</name>
         <load_address>0x87b0</load_address>
         <run_address>0x87b0</run_address>
         <size>0x50</size>
         <input_file_ref idref="fl-64"/>
      </object_component>
      <object_component id="oc-201">
         <name>.text:__TI_printfi</name>
         <load_address>0x8800</load_address>
         <run_address>0x8800</run_address>
         <size>0x5f2</size>
         <input_file_ref idref="fl-19"/>
      </object_component>
      <object_component id="oc-1eb">
         <name>.text</name>
         <load_address>0x8df2</load_address>
         <run_address>0x8df2</run_address>
         <size>0x114</size>
         <input_file_ref idref="fl-17"/>
      </object_component>
      <object_component id="oc-1ef">
         <name>.text</name>
         <load_address>0x8f06</load_address>
         <run_address>0x8f06</run_address>
         <size>0xe9</size>
         <input_file_ref idref="fl-14"/>
      </object_component>
      <object_component id="oc-1e5">
         <name>.text</name>
         <load_address>0x8fef</load_address>
         <run_address>0x8fef</run_address>
         <size>0x11</size>
         <input_file_ref idref="fl-3e"/>
      </object_component>
      <object_component id="oc-1ec">
         <name>.text</name>
         <load_address>0x9000</load_address>
         <run_address>0x9000</run_address>
         <size>0x289</size>
         <input_file_ref idref="fl-44"/>
      </object_component>
      <object_component id="oc-1ed">
         <name>.text</name>
         <load_address>0x9289</load_address>
         <run_address>0x9289</run_address>
         <size>0x10d</size>
         <input_file_ref idref="fl-2"/>
      </object_component>
      <object_component id="oc-ad">
         <name>.text</name>
         <load_address>0x9396</load_address>
         <run_address>0x9396</run_address>
         <size>0x107</size>
         <input_file_ref idref="fl-2e"/>
      </object_component>
      <object_component id="oc-208">
         <name>.text</name>
         <load_address>0x949d</load_address>
         <run_address>0x949d</run_address>
         <size>0xe8</size>
         <input_file_ref idref="fl-4c"/>
      </object_component>
      <object_component id="oc-1e8">
         <name>.text</name>
         <load_address>0x9585</load_address>
         <run_address>0x9585</run_address>
         <size>0xbe</size>
         <input_file_ref idref="fl-4"/>
      </object_component>
      <object_component id="oc-207">
         <name>.text</name>
         <load_address>0x9643</load_address>
         <run_address>0x9643</run_address>
         <size>0xaa</size>
         <input_file_ref idref="fl-4e"/>
      </object_component>
      <object_component id="oc-1f3">
         <name>.text</name>
         <load_address>0x96ed</load_address>
         <run_address>0x96ed</run_address>
         <size>0xa7</size>
         <input_file_ref idref="fl-39"/>
      </object_component>
      <object_component id="oc-20b">
         <name>.text</name>
         <load_address>0x9794</load_address>
         <run_address>0x9794</run_address>
         <size>0x6b</size>
         <input_file_ref idref="fl-53"/>
      </object_component>
      <object_component id="oc-1e4">
         <name>.text</name>
         <load_address>0x97ff</load_address>
         <run_address>0x97ff</run_address>
         <size>0x1</size>
         <input_file_ref idref="fl-38"/>
      </object_component>
      <object_component id="oc-1fe">
         <name>.text</name>
         <load_address>0x9800</load_address>
         <run_address>0x9800</run_address>
         <size>0xa3</size>
         <input_file_ref idref="fl-1b"/>
      </object_component>
      <object_component id="oc-62">
         <name>.text</name>
         <load_address>0x98a3</load_address>
         <run_address>0x98a3</run_address>
         <size>0x9c</size>
         <input_file_ref idref="fl-1f"/>
      </object_component>
      <object_component id="oc-22f">
         <name>.text</name>
         <load_address>0x993f</load_address>
         <run_address>0x993f</run_address>
         <size>0x94</size>
         <input_file_ref idref="fl-60"/>
      </object_component>
      <object_component id="oc-1f2">
         <name>.text</name>
         <load_address>0x99d3</load_address>
         <run_address>0x99d3</run_address>
         <size>0x92</size>
         <input_file_ref idref="fl-52"/>
      </object_component>
      <object_component id="oc-cb">
         <name>.text</name>
         <load_address>0x9a65</load_address>
         <run_address>0x9a65</run_address>
         <size>0x8b</size>
         <input_file_ref idref="fl-34"/>
      </object_component>
      <object_component id="oc-1f4">
         <name>.text</name>
         <load_address>0x9af0</load_address>
         <run_address>0x9af0</run_address>
         <size>0x87</size>
         <input_file_ref idref="fl-51"/>
      </object_component>
      <object_component id="oc-6c">
         <name>.text</name>
         <load_address>0x9b77</load_address>
         <run_address>0x9b77</run_address>
         <size>0x83</size>
         <input_file_ref idref="fl-21"/>
      </object_component>
      <object_component id="oc-8f">
         <name>.text</name>
         <load_address>0x9bfa</load_address>
         <run_address>0x9bfa</run_address>
         <size>0x83</size>
         <input_file_ref idref="fl-28"/>
      </object_component>
      <object_component id="oc-85">
         <name>.text</name>
         <load_address>0x9c7d</load_address>
         <run_address>0x9c7d</run_address>
         <size>0x78</size>
         <input_file_ref idref="fl-26"/>
      </object_component>
      <object_component id="oc-216">
         <name>.text</name>
         <load_address>0x9cf5</load_address>
         <run_address>0x9cf5</run_address>
         <size>0x78</size>
         <input_file_ref idref="fl-1d"/>
      </object_component>
      <object_component id="oc-1fa">
         <name>.text</name>
         <load_address>0x9d6d</load_address>
         <run_address>0x9d6d</run_address>
         <size>0x75</size>
         <input_file_ref idref="fl-15"/>
      </object_component>
      <object_component id="oc-221">
         <name>.text</name>
         <load_address>0x9de2</load_address>
         <run_address>0x9de2</run_address>
         <size>0x6f</size>
         <input_file_ref idref="fl-61"/>
      </object_component>
      <object_component id="oc-20a">
         <name>.text</name>
         <load_address>0x9e51</load_address>
         <run_address>0x9e51</run_address>
         <size>0x65</size>
         <input_file_ref idref="fl-1c"/>
      </object_component>
      <object_component id="oc-227">
         <name>.text</name>
         <load_address>0x9eb6</load_address>
         <run_address>0x9eb6</run_address>
         <size>0x5d</size>
         <input_file_ref idref="fl-5a"/>
      </object_component>
      <object_component id="oc-21b">
         <name>.text</name>
         <load_address>0x9f13</load_address>
         <run_address>0x9f13</run_address>
         <size>0x5c</size>
         <input_file_ref idref="fl-4d"/>
      </object_component>
      <object_component id="oc-222">
         <name>.text</name>
         <load_address>0x9f6f</load_address>
         <run_address>0x9f6f</run_address>
         <size>0x5b</size>
         <input_file_ref idref="fl-63"/>
      </object_component>
      <object_component id="oc-1f7">
         <name>.text</name>
         <load_address>0x9fca</load_address>
         <run_address>0x9fca</run_address>
         <size>0x34</size>
         <input_file_ref idref="fl-18"/>
      </object_component>
      <object_component id="oc-1e2">
         <name>.text</name>
         <load_address>0x9ffe</load_address>
         <run_address>0x9ffe</run_address>
         <size>0x2</size>
         <input_file_ref idref="fl-37"/>
      </object_component>
      <object_component id="oc-94">
         <name>.text</name>
         <load_address>0xa000</load_address>
         <run_address>0xa000</run_address>
         <size>0x5a</size>
         <input_file_ref idref="fl-29"/>
      </object_component>
      <object_component id="oc-12">
         <name>.text</name>
         <load_address>0xa05a</load_address>
         <run_address>0xa05a</run_address>
         <size>0x54</size>
         <input_file_ref idref="fl-1e"/>
      </object_component>
      <object_component id="oc-1fd">
         <name>.text</name>
         <load_address>0xa0ae</load_address>
         <run_address>0xa0ae</run_address>
         <size>0x4f</size>
         <input_file_ref idref="fl-1a"/>
      </object_component>
      <object_component id="oc-215">
         <name>.text</name>
         <load_address>0xa0fd</load_address>
         <run_address>0xa0fd</run_address>
         <size>0x3d</size>
         <input_file_ref idref="fl-55"/>
      </object_component>
      <object_component id="oc-223">
         <name>.text</name>
         <load_address>0xa13a</load_address>
         <run_address>0xa13a</run_address>
         <size>0x39</size>
         <input_file_ref idref="fl-5b"/>
      </object_component>
      <object_component id="oc-225">
         <name>.text</name>
         <load_address>0xa173</load_address>
         <run_address>0xa173</run_address>
         <size>0x38</size>
         <input_file_ref idref="fl-5c"/>
      </object_component>
      <object_component id="oc-226">
         <name>.text</name>
         <load_address>0xa1ab</load_address>
         <run_address>0xa1ab</run_address>
         <size>0x38</size>
         <input_file_ref idref="fl-5f"/>
      </object_component>
      <object_component id="oc-22b">
         <name>.text</name>
         <load_address>0xa1e3</load_address>
         <run_address>0xa1e3</run_address>
         <size>0x33</size>
         <input_file_ref idref="fl-68"/>
      </object_component>
      <object_component id="oc-20f">
         <name>.text</name>
         <load_address>0xa216</load_address>
         <run_address>0xa216</run_address>
         <size>0x31</size>
         <input_file_ref idref="fl-3f"/>
      </object_component>
      <object_component id="oc-21a">
         <name>.text</name>
         <load_address>0xa247</load_address>
         <run_address>0xa247</run_address>
         <size>0x2e</size>
         <input_file_ref idref="fl-3d"/>
      </object_component>
      <object_component id="oc-67">
         <name>.text</name>
         <load_address>0xa275</load_address>
         <run_address>0xa275</run_address>
         <size>0x2a</size>
         <input_file_ref idref="fl-20"/>
      </object_component>
      <object_component id="oc-180">
         <name>.text</name>
         <load_address>0xa29f</load_address>
         <run_address>0xa29f</run_address>
         <size>0x2a</size>
         <input_file_ref idref="fl-57"/>
      </object_component>
      <object_component id="oc-1e6">
         <name>.text</name>
         <load_address>0xa2c9</load_address>
         <run_address>0xa2c9</run_address>
         <size>0x29</size>
         <input_file_ref idref="fl-3b"/>
      </object_component>
      <object_component id="oc-224">
         <name>.text</name>
         <load_address>0xa2f2</load_address>
         <run_address>0xa2f2</run_address>
         <size>0x27</size>
         <input_file_ref idref="fl-59"/>
      </object_component>
      <object_component id="oc-9e">
         <name>.text</name>
         <load_address>0xa319</load_address>
         <run_address>0xa319</run_address>
         <size>0x25</size>
         <input_file_ref idref="fl-2b"/>
      </object_component>
      <object_component id="oc-228">
         <name>.text</name>
         <load_address>0xa33e</load_address>
         <run_address>0xa33e</run_address>
         <size>0x25</size>
         <input_file_ref idref="fl-5e"/>
      </object_component>
      <object_component id="oc-1ee">
         <name>.text</name>
         <load_address>0xa363</load_address>
         <run_address>0xa363</run_address>
         <size>0x24</size>
         <input_file_ref idref="fl-3"/>
      </object_component>
      <object_component id="oc-1e3">
         <name>.text</name>
         <load_address>0xa387</load_address>
         <run_address>0xa387</run_address>
         <size>0x24</size>
         <input_file_ref idref="fl-35"/>
      </object_component>
      <object_component id="oc-214">
         <name>.text</name>
         <load_address>0xa3ab</load_address>
         <run_address>0xa3ab</run_address>
         <size>0x23</size>
         <input_file_ref idref="fl-4f"/>
      </object_component>
      <object_component id="oc-17b">
         <name>.text</name>
         <load_address>0xa3ce</load_address>
         <run_address>0xa3ce</run_address>
         <size>0x22</size>
         <input_file_ref idref="fl-56"/>
      </object_component>
      <object_component id="oc-c6">
         <name>.text</name>
         <load_address>0xa3f0</load_address>
         <run_address>0xa3f0</run_address>
         <size>0x22</size>
         <input_file_ref idref="fl-33"/>
      </object_component>
      <object_component id="oc-185">
         <name>.text</name>
         <load_address>0xa412</load_address>
         <run_address>0xa412</run_address>
         <size>0x21</size>
         <input_file_ref idref="fl-58"/>
      </object_component>
      <object_component id="oc-7b">
         <name>.text</name>
         <load_address>0xa433</load_address>
         <run_address>0xa433</run_address>
         <size>0x21</size>
         <input_file_ref idref="fl-24"/>
      </object_component>
      <object_component id="oc-80">
         <name>.text</name>
         <load_address>0xa454</load_address>
         <run_address>0xa454</run_address>
         <size>0x1f</size>
         <input_file_ref idref="fl-25"/>
      </object_component>
      <object_component id="oc-a8">
         <name>.text</name>
         <load_address>0xa473</load_address>
         <run_address>0xa473</run_address>
         <size>0x1e</size>
         <input_file_ref idref="fl-2d"/>
      </object_component>
      <object_component id="oc-b2">
         <name>.text</name>
         <load_address>0xa491</load_address>
         <run_address>0xa491</run_address>
         <size>0x1d</size>
         <input_file_ref idref="fl-2f"/>
      </object_component>
      <object_component id="oc-1e7">
         <name>.text</name>
         <load_address>0xa4ae</load_address>
         <run_address>0xa4ae</run_address>
         <size>0x1d</size>
         <input_file_ref idref="fl-36"/>
      </object_component>
      <object_component id="oc-c1">
         <name>.text</name>
         <load_address>0xa4cb</load_address>
         <run_address>0xa4cb</run_address>
         <size>0x1c</size>
         <input_file_ref idref="fl-32"/>
      </object_component>
      <object_component id="oc-bc">
         <name>.text</name>
         <load_address>0xa4e7</load_address>
         <run_address>0xa4e7</run_address>
         <size>0x1c</size>
         <input_file_ref idref="fl-31"/>
      </object_component>
      <object_component id="oc-b7">
         <name>.text</name>
         <load_address>0xa503</load_address>
         <run_address>0xa503</run_address>
         <size>0x1a</size>
         <input_file_ref idref="fl-30"/>
      </object_component>
      <object_component id="oc-232">
         <name>.text</name>
         <load_address>0xa51d</load_address>
         <run_address>0xa51d</run_address>
         <size>0x19</size>
         <input_file_ref idref="fl-69"/>
      </object_component>
      <object_component id="oc-a3">
         <name>.text</name>
         <load_address>0xa536</load_address>
         <run_address>0xa536</run_address>
         <size>0x18</size>
         <input_file_ref idref="fl-2c"/>
      </object_component>
      <object_component id="oc-21d">
         <name>.text</name>
         <load_address>0xa54e</load_address>
         <run_address>0xa54e</run_address>
         <size>0x18</size>
         <input_file_ref idref="fl-62"/>
      </object_component>
      <object_component id="oc-20c">
         <name>.text</name>
         <load_address>0xa566</load_address>
         <run_address>0xa566</run_address>
         <size>0x18</size>
         <input_file_ref idref="fl-4a"/>
      </object_component>
      <object_component id="oc-8a">
         <name>.text</name>
         <load_address>0xa57e</load_address>
         <run_address>0xa57e</run_address>
         <size>0x17</size>
         <input_file_ref idref="fl-27"/>
      </object_component>
      <object_component id="oc-231">
         <name>.text</name>
         <load_address>0xa595</load_address>
         <run_address>0xa595</run_address>
         <size>0x15</size>
         <input_file_ref idref="fl-66"/>
      </object_component>
      <object_component id="oc-212">
         <name>.text</name>
         <load_address>0xa5aa</load_address>
         <run_address>0xa5aa</run_address>
         <size>0x10</size>
         <input_file_ref idref="fl-42"/>
      </object_component>
      <object_component id="oc-76">
         <name>.text</name>
         <load_address>0xa5ba</load_address>
         <run_address>0xa5ba</run_address>
         <size>0xe</size>
         <input_file_ref idref="fl-23"/>
      </object_component>
      <object_component id="oc-20e">
         <name>.text</name>
         <load_address>0xa5c8</load_address>
         <run_address>0xa5c8</run_address>
         <size>0xd</size>
         <input_file_ref idref="fl-43"/>
      </object_component>
      <object_component id="oc-21c">
         <name>.text</name>
         <load_address>0xa5d5</load_address>
         <run_address>0xa5d5</run_address>
         <size>0xb</size>
         <input_file_ref idref="fl-46"/>
      </object_component>
      <object_component id="oc-230">
         <name>.text</name>
         <load_address>0xa5e0</load_address>
         <run_address>0xa5e0</run_address>
         <size>0xa</size>
         <input_file_ref idref="fl-65"/>
      </object_component>
      <object_component id="oc-71">
         <name>.text</name>
         <load_address>0xa5ea</load_address>
         <run_address>0xa5ea</run_address>
         <size>0x9</size>
         <input_file_ref idref="fl-22"/>
      </object_component>
      <object_component id="oc-20d">
         <name>.text</name>
         <load_address>0xa5f3</load_address>
         <run_address>0xa5f3</run_address>
         <size>0x8</size>
         <input_file_ref idref="fl-48"/>
      </object_component>
      <object_component id="oc-213">
         <name>.text</name>
         <load_address>0xa5fb</load_address>
         <run_address>0xa5fb</run_address>
         <size>0x8</size>
         <input_file_ref idref="fl-50"/>
      </object_component>
      <object_component id="oc-1f6">
         <name>.text</name>
         <load_address>0xa603</load_address>
         <run_address>0xa603</run_address>
         <size>0x7</size>
         <input_file_ref idref="fl-45"/>
      </object_component>
      <object_component id="oc-99">
         <name>.text</name>
         <load_address>0xa60a</load_address>
         <run_address>0xa60a</run_address>
         <size>0x5</size>
         <input_file_ref idref="fl-2a"/>
      </object_component>
      <object_component id="oc-210">
         <name>.text</name>
         <load_address>0xa60f</load_address>
         <run_address>0xa60f</run_address>
         <size>0x5</size>
         <input_file_ref idref="fl-47"/>
      </object_component>
      <object_component id="oc-22d">
         <name>.text</name>
         <load_address>0xa614</load_address>
         <run_address>0xa614</run_address>
         <size>0x3</size>
         <input_file_ref idref="fl-67"/>
      </object_component>
      <object_component id="oc-211">
         <name>.text</name>
         <load_address>0xb000</load_address>
         <run_address>0xb000</run_address>
         <size>0x69a</size>
         <input_file_ref idref="fl-19"/>
      </object_component>
      <object_component id="oc-21e">
         <name>.text</name>
         <load_address>0xb69a</load_address>
         <run_address>0xb69a</run_address>
         <size>0x11e</size>
         <input_file_ref idref="fl-54"/>
      </object_component>
      <object_component id="oc-229">
         <name>.text</name>
         <load_address>0xb7b8</load_address>
         <run_address>0xb7b8</run_address>
         <size>0x3f</size>
         <input_file_ref idref="fl-5d"/>
      </object_component>
      <object_component id="oc-1f0">
         <name>.text</name>
         <load_address>0xb7f7</load_address>
         <run_address>0xb7f7</run_address>
         <size>0x9</size>
         <input_file_ref idref="fl-3c"/>
      </object_component>
      <object_component id="oc-1f9">
         <name>.cinit:_w</name>
         <load_address>0xe000</load_address>
         <run_address>0xe000</run_address>
         <size>0x403</size>
         <input_file_ref idref="fl-2"/>
      </object_component>
      <object_component id="oc-200">
         <name>.cinit:__ftable</name>
         <load_address>0xe403</load_address>
         <run_address>0xe403</run_address>
         <size>0x26</size>
         <input_file_ref idref="fl-41"/>
      </object_component>
      <object_component id="oc-220">
         <name>.cinit:__device</name>
         <load_address>0xe429</load_address>
         <run_address>0xe429</run_address>
         <size>0x1b</size>
         <input_file_ref idref="fl-4b"/>
      </object_component>
      <object_component id="oc-218">
         <name>.cinit:__stream</name>
         <load_address>0xe444</load_address>
         <run_address>0xe444</run_address>
         <size>0xe</size>
         <input_file_ref idref="fl-4b"/>
      </object_component>
      <object_component id="oc-f1">
         <name>.cinit</name>
         <load_address>0xe452</load_address>
         <run_address>0xe452</run_address>
         <size>0xe</size>
         <input_file_ref idref="fl-3b"/>
      </object_component>
      <object_component id="oc-1ea">
         <name>.cinit:__lock</name>
         <load_address>0xe460</load_address>
         <run_address>0xe460</run_address>
         <size>0x5</size>
         <input_file_ref idref="fl-3c"/>
      </object_component>
      <object_component id="oc-1f1">
         <name>.cinit:__unlock</name>
         <load_address>0xe465</load_address>
         <run_address>0xe465</run_address>
         <size>0x5</size>
         <input_file_ref idref="fl-3c"/>
      </object_component>
      <object_component id="oc-10e">
         <name>.cinit</name>
         <load_address>0xe46a</load_address>
         <run_address>0xe46a</run_address>
         <size>0x4</size>
         <input_file_ref idref="fl-41"/>
      </object_component>
      <object_component id="oc-138">
         <name>.cinit</name>
         <load_address>0xe46e</load_address>
         <run_address>0xe46e</run_address>
         <size>0x4</size>
         <input_file_ref idref="fl-49"/>
      </object_component>
      <object_component id="oc-170">
         <name>.cinit</name>
         <load_address>0xe472</load_address>
         <run_address>0xe472</run_address>
         <size>0x4</size>
         <input_file_ref idref="fl-54"/>
      </object_component>
      <object_component id="oc-11c">
         <name>.cinit</name>
         <load_address>0xe476</load_address>
         <run_address>0xe476</run_address>
         <size>0x4</size>
         <input_file_ref idref="fl-44"/>
      </object_component>
      <object_component id="oc-1b4">
         <name>.cinit</name>
         <load_address>0xe47a</load_address>
         <run_address>0xe47a</run_address>
         <size>0x4</size>
         <input_file_ref idref="fl-61"/>
      </object_component>
      <object_component id="oc-5d">
         <name>.reset</name>
         <load_address>0x3fffc0</load_address>
         <run_address>0x3fffc0</run_address>
         <size>0x2</size>
         <input_file_ref idref="fl-1e"/>
      </object_component>
      <object_component id="oc-5c">
         <name>.stack</name>
         <uninitialized>true</uninitialized>
         <run_address>0xb800</run_address>
         <size>0x0</size>
         <input_file_ref idref="fl-1e"/>
      </object_component>
      <object_component id="oc-24e">
         <name>.stack</name>
         <uninitialized>true</uninitialized>
         <run_address>0xb800</run_address>
         <size>0x0</size>
      </object_component>
      <object_component id="oc-1ae">
         <name>.cio</name>
         <uninitialized>true</uninitialized>
         <run_address>0x1b000</run_address>
         <size>0x120</size>
         <input_file_ref idref="fl-60"/>
      </object_component>
      <object_component id="oc-1f8">
         <name>.ebss:_w</name>
         <uninitialized>true</uninitialized>
         <run_address>0xc000</run_address>
         <size>0x400</size>
         <input_file_ref idref="fl-2"/>
      </object_component>
      <object_component id="oc-f2">
         <name>.ebss</name>
         <uninitialized>true</uninitialized>
         <run_address>0xc4a8</run_address>
         <size>0x6</size>
         <input_file_ref idref="fl-3b"/>
      </object_component>
      <object_component id="oc-1e9">
         <name>.ebss:__lock</name>
         <uninitialized>true</uninitialized>
         <run_address>0xc4b2</run_address>
         <size>0x2</size>
         <input_file_ref idref="fl-3c"/>
      </object_component>
      <object_component id="oc-1f5">
         <name>.ebss:__unlock</name>
         <uninitialized>true</uninitialized>
         <run_address>0xc4b4</run_address>
         <size>0x2</size>
         <input_file_ref idref="fl-3c"/>
      </object_component>
      <object_component id="oc-10f">
         <name>.ebss</name>
         <uninitialized>true</uninitialized>
         <run_address>0xc4b6</run_address>
         <size>0x1</size>
         <input_file_ref idref="fl-41"/>
      </object_component>
      <object_component id="oc-1ff">
         <name>.ebss:__ftable</name>
         <uninitialized>true</uninitialized>
         <run_address>0xc4c0</run_address>
         <size>0x78</size>
         <input_file_ref idref="fl-41"/>
      </object_component>
      <object_component id="oc-22c">
         <name>.ebss:___TI_tmpnams</name>
         <uninitialized>true</uninitialized>
         <run_address>0xc400</run_address>
         <size>0xa0</size>
         <input_file_ref idref="fl-41"/>
      </object_component>
      <object_component id="oc-11d">
         <name>.ebss</name>
         <uninitialized>true</uninitialized>
         <run_address>0xc4ae</run_address>
         <size>0x4</size>
         <input_file_ref idref="fl-44"/>
      </object_component>
      <object_component id="oc-139">
         <name>.ebss</name>
         <uninitialized>true</uninitialized>
         <run_address>0xc4b7</run_address>
         <size>0x1</size>
         <input_file_ref idref="fl-49"/>
      </object_component>
      <object_component id="oc-217">
         <name>.ebss:__stream</name>
         <uninitialized>true</uninitialized>
         <run_address>0xc588</run_address>
         <size>0x28</size>
         <input_file_ref idref="fl-4b"/>
      </object_component>
      <object_component id="oc-21f">
         <name>.ebss:__device</name>
         <uninitialized>true</uninitialized>
         <run_address>0xc540</run_address>
         <size>0x48</size>
         <input_file_ref idref="fl-4b"/>
      </object_component>
      <object_component id="oc-171">
         <name>.ebss</name>
         <uninitialized>true</uninitialized>
         <run_address>0xc4b8</run_address>
         <size>0x1</size>
         <input_file_ref idref="fl-54"/>
      </object_component>
      <object_component id="oc-22e">
         <name>.ebss:_parmbuf</name>
         <uninitialized>true</uninitialized>
         <run_address>0xc4a0</run_address>
         <size>0x8</size>
         <input_file_ref idref="fl-5b"/>
      </object_component>
      <object_component id="oc-1b5">
         <name>.ebss</name>
         <uninitialized>true</uninitialized>
         <run_address>0xc4b9</run_address>
         <size>0x1</size>
         <input_file_ref idref="fl-61"/>
      </object_component>
      <object_component id="oc-219">
         <name>.econst:.string:__ctypes_</name>
         <load_address>0xac00</load_address>
         <run_address>0xac00</run_address>
         <size>0x101</size>
         <input_file_ref idref="fl-40"/>
      </object_component>
      <object_component id="oc-206">
         <name>.econst:_ipio2</name>
         <load_address>0xad02</load_address>
         <run_address>0xad02</run_address>
         <size>0x84</size>
         <input_file_ref idref="fl-3a"/>
      </object_component>
      <object_component id="oc-14">
         <name>.econst:.string</name>
         <load_address>0xad86</load_address>
         <run_address>0xad86</run_address>
         <size>0x76</size>
         <input_file_ref idref="fl-2"/>
      </object_component>
      <object_component id="oc-eb">
         <name>.econst</name>
         <load_address>0xadfc</load_address>
         <run_address>0xadfc</run_address>
         <size>0x2c</size>
         <input_file_ref idref="fl-3a"/>
      </object_component>
      <object_component id="oc-15f">
         <name>.econst</name>
         <load_address>0xae28</load_address>
         <run_address>0xae28</run_address>
         <size>0x28</size>
         <input_file_ref idref="fl-51"/>
      </object_component>
      <object_component id="oc-42">
         <name>.econst:.string</name>
         <load_address>0xae50</load_address>
         <run_address>0xae50</run_address>
         <size>0x26</size>
         <input_file_ref idref="fl-19"/>
      </object_component>
      <object_component id="oc-209">
         <name>.econst:_PIo2</name>
         <load_address>0xae76</load_address>
         <run_address>0xae76</run_address>
         <size>0x20</size>
         <input_file_ref idref="fl-3a"/>
      </object_component>
      <object_component id="oc-165">
         <name>.econst</name>
         <load_address>0xae96</load_address>
         <run_address>0xae96</run_address>
         <size>0x20</size>
         <input_file_ref idref="fl-52"/>
      </object_component>
      <object_component id="oc-41">
         <name>.econst</name>
         <load_address>0xaeb6</load_address>
         <run_address>0xaeb6</run_address>
         <size>0x1c</size>
         <input_file_ref idref="fl-19"/>
      </object_component>
      <object_component id="oc-e5">
         <name>.econst</name>
         <load_address>0xaed2</load_address>
         <run_address>0xaed2</run_address>
         <size>0x1c</size>
         <input_file_ref idref="fl-39"/>
      </object_component>
      <object_component id="oc-14f">
         <name>.econst</name>
         <load_address>0xaeee</load_address>
         <run_address>0xaeee</run_address>
         <size>0x1c</size>
         <input_file_ref idref="fl-4e"/>
      </object_component>
      <object_component id="oc-36">
         <name>.econst</name>
         <load_address>0xaf0a</load_address>
         <run_address>0xaf0a</run_address>
         <size>0x18</size>
         <input_file_ref idref="fl-17"/>
      </object_component>
      <object_component id="oc-24">
         <name>.econst</name>
         <load_address>0xaf22</load_address>
         <run_address>0xaf22</run_address>
         <size>0xc</size>
         <input_file_ref idref="fl-14"/>
      </object_component>
      <object_component id="oc-143">
         <name>.econst</name>
         <load_address>0xaf2e</load_address>
         <run_address>0xaf2e</run_address>
         <size>0xc</size>
         <input_file_ref idref="fl-4c"/>
      </object_component>
      <object_component id="oc-204">
         <name>.econst:_aT</name>
         <load_address>0xaf3a</load_address>
         <run_address>0xaf3a</run_address>
         <size>0xa</size>
         <input_file_ref idref="fl-16"/>
      </object_component>
      <object_component id="oc-203">
         <name>.econst:_atanhi</name>
         <load_address>0xaf44</load_address>
         <run_address>0xaf44</run_address>
         <size>0x8</size>
         <input_file_ref idref="fl-16"/>
      </object_component>
      <object_component id="oc-202">
         <name>.econst:_atanlo</name>
         <load_address>0xaf4c</load_address>
         <run_address>0xaf4c</run_address>
         <size>0x8</size>
         <input_file_ref idref="fl-16"/>
      </object_component>
      <object_component id="oc-149">
         <name>.econst</name>
         <load_address>0xaf54</load_address>
         <run_address>0xaf54</run_address>
         <size>0x8</size>
         <input_file_ref idref="fl-4d"/>
      </object_component>
      <object_component id="oc-205">
         <name>.econst:_init_jk</name>
         <load_address>0xaf5c</load_address>
         <run_address>0xaf5c</run_address>
         <size>0x4</size>
         <input_file_ref idref="fl-3a"/>
      </object_component>
      <object_component id="oc-2a">
         <name>.econst</name>
         <load_address>0xaf60</load_address>
         <run_address>0xaf60</run_address>
         <size>0x4</size>
         <input_file_ref idref="fl-15"/>
      </object_component>
      <object_component id="oc-30">
         <name>.econst</name>
         <load_address>0xaf64</load_address>
         <run_address>0xaf64</run_address>
         <size>0x4</size>
         <input_file_ref idref="fl-16"/>
      </object_component>
      <object_component id="oc-4d">
         <name>.econst:.string</name>
         <load_address>0xaf68</load_address>
         <run_address>0xaf68</run_address>
         <size>0x2</size>
         <input_file_ref idref="fl-1b"/>
      </object_component>
      <object_component id="oc-11e">
         <name>.esysmem</name>
         <uninitialized>true</uninitialized>
         <run_address>0xa800</run_address>
         <size>0x4</size>
         <input_file_ref idref="fl-44"/>
      </object_component>
      <object_component id="oc-24f">
         <name>.esysmem</name>
         <uninitialized>true</uninitialized>
         <run_address>0xa800</run_address>
         <size>0x0</size>
      </object_component>
      <object_component id="oc-13">
         <name>.debug_info</name>
         <load_address>0x0</load_address>
         <run_address>0x0</run_address>
         <size>0x606</size>
         <input_file_ref idref="fl-2"/>
      </object_component>
      <object_component id="oc-19">
         <name>.debug_info</name>
         <load_address>0x606</load_address>
         <run_address>0x606</run_address>
         <size>0x42c</size>
         <input_file_ref idref="fl-3"/>
      </object_component>
      <object_component id="oc-1e">
         <name>.debug_info</name>
         <load_address>0xa32</load_address>
         <run_address>0xa32</run_address>
         <size>0x6cf</size>
         <input_file_ref idref="fl-4"/>
      </object_component>
      <object_component id="oc-23">
         <name>.debug_info</name>
         <load_address>0x1101</load_address>
         <run_address>0x1101</run_address>
         <size>0x4f2</size>
         <input_file_ref idref="fl-14"/>
      </object_component>
      <object_component id="oc-29">
         <name>.debug_info</name>
         <load_address>0x15f3</load_address>
         <run_address>0x15f3</run_address>
         <size>0x43e</size>
         <input_file_ref idref="fl-15"/>
      </object_component>
      <object_component id="oc-2f">
         <name>.debug_info</name>
         <load_address>0x1a31</load_address>
         <run_address>0x1a31</run_address>
         <size>0x638</size>
         <input_file_ref idref="fl-16"/>
      </object_component>
      <object_component id="oc-35">
         <name>.debug_info</name>
         <load_address>0x2069</load_address>
         <run_address>0x2069</run_address>
         <size>0x604</size>
         <input_file_ref idref="fl-17"/>
      </object_component>
      <object_component id="oc-3b">
         <name>.debug_info</name>
         <load_address>0x266d</load_address>
         <run_address>0x266d</run_address>
         <size>0x6ad</size>
         <input_file_ref idref="fl-18"/>
      </object_component>
      <object_component id="oc-40">
         <name>.debug_info</name>
         <load_address>0x2d1a</load_address>
         <run_address>0x2d1a</run_address>
         <size>0x29bd</size>
         <input_file_ref idref="fl-19"/>
      </object_component>
      <object_component id="oc-47">
         <name>.debug_info</name>
         <load_address>0x56d7</load_address>
         <run_address>0x56d7</run_address>
         <size>0x5da</size>
         <input_file_ref idref="fl-1a"/>
      </object_component>
      <object_component id="oc-4c">
         <name>.debug_info</name>
         <load_address>0x5cb1</load_address>
         <run_address>0x5cb1</run_address>
         <size>0x790</size>
         <input_file_ref idref="fl-1b"/>
      </object_component>
      <object_component id="oc-52">
         <name>.debug_info</name>
         <load_address>0x6441</load_address>
         <run_address>0x6441</run_address>
         <size>0x559</size>
         <input_file_ref idref="fl-1c"/>
      </object_component>
      <object_component id="oc-57">
         <name>.debug_info</name>
         <load_address>0x699a</load_address>
         <run_address>0x699a</run_address>
         <size>0x5a2</size>
         <input_file_ref idref="fl-1d"/>
      </object_component>
      <object_component id="oc-5e">
         <name>.debug_info</name>
         <load_address>0x6f3c</load_address>
         <run_address>0x6f3c</run_address>
         <size>0x173</size>
         <input_file_ref idref="fl-1e"/>
      </object_component>
      <object_component id="oc-63">
         <name>.debug_info</name>
         <load_address>0x70af</load_address>
         <run_address>0x70af</run_address>
         <size>0x114</size>
         <input_file_ref idref="fl-1f"/>
      </object_component>
      <object_component id="oc-68">
         <name>.debug_info</name>
         <load_address>0x71c3</load_address>
         <run_address>0x71c3</run_address>
         <size>0x120</size>
         <input_file_ref idref="fl-20"/>
      </object_component>
      <object_component id="oc-6d">
         <name>.debug_info</name>
         <load_address>0x72e3</load_address>
         <run_address>0x72e3</run_address>
         <size>0x114</size>
         <input_file_ref idref="fl-21"/>
      </object_component>
      <object_component id="oc-72">
         <name>.debug_info</name>
         <load_address>0x73f7</load_address>
         <run_address>0x73f7</run_address>
         <size>0x114</size>
         <input_file_ref idref="fl-22"/>
      </object_component>
      <object_component id="oc-77">
         <name>.debug_info</name>
         <load_address>0x750b</load_address>
         <run_address>0x750b</run_address>
         <size>0x122</size>
         <input_file_ref idref="fl-23"/>
      </object_component>
      <object_component id="oc-7c">
         <name>.debug_info</name>
         <load_address>0x762d</load_address>
         <run_address>0x762d</run_address>
         <size>0x114</size>
         <input_file_ref idref="fl-24"/>
      </object_component>
      <object_component id="oc-81">
         <name>.debug_info</name>
         <load_address>0x7741</load_address>
         <run_address>0x7741</run_address>
         <size>0x114</size>
         <input_file_ref idref="fl-25"/>
      </object_component>
      <object_component id="oc-86">
         <name>.debug_info</name>
         <load_address>0x7855</load_address>
         <run_address>0x7855</run_address>
         <size>0x114</size>
         <input_file_ref idref="fl-26"/>
      </object_component>
      <object_component id="oc-8b">
         <name>.debug_info</name>
         <load_address>0x7969</load_address>
         <run_address>0x7969</run_address>
         <size>0x114</size>
         <input_file_ref idref="fl-27"/>
      </object_component>
      <object_component id="oc-90">
         <name>.debug_info</name>
         <load_address>0x7a7d</load_address>
         <run_address>0x7a7d</run_address>
         <size>0x114</size>
         <input_file_ref idref="fl-28"/>
      </object_component>
      <object_component id="oc-95">
         <name>.debug_info</name>
         <load_address>0x7b91</load_address>
         <run_address>0x7b91</run_address>
         <size>0x114</size>
         <input_file_ref idref="fl-29"/>
      </object_component>
      <object_component id="oc-9a">
         <name>.debug_info</name>
         <load_address>0x7ca5</load_address>
         <run_address>0x7ca5</run_address>
         <size>0x114</size>
         <input_file_ref idref="fl-2a"/>
      </object_component>
      <object_component id="oc-9f">
         <name>.debug_info</name>
         <load_address>0x7db9</load_address>
         <run_address>0x7db9</run_address>
         <size>0x120</size>
         <input_file_ref idref="fl-2b"/>
      </object_component>
      <object_component id="oc-a4">
         <name>.debug_info</name>
         <load_address>0x7ed9</load_address>
         <run_address>0x7ed9</run_address>
         <size>0x176</size>
         <input_file_ref idref="fl-2c"/>
      </object_component>
      <object_component id="oc-a9">
         <name>.debug_info</name>
         <load_address>0x804f</load_address>
         <run_address>0x804f</run_address>
         <size>0x14e</size>
         <input_file_ref idref="fl-2d"/>
      </object_component>
      <object_component id="oc-ae">
         <name>.debug_info</name>
         <load_address>0x819d</load_address>
         <run_address>0x819d</run_address>
         <size>0x231</size>
         <input_file_ref idref="fl-2e"/>
      </object_component>
      <object_component id="oc-b3">
         <name>.debug_info</name>
         <load_address>0x83ce</load_address>
         <run_address>0x83ce</run_address>
         <size>0x118</size>
         <input_file_ref idref="fl-2f"/>
      </object_component>
      <object_component id="oc-b8">
         <name>.debug_info</name>
         <load_address>0x84e6</load_address>
         <run_address>0x84e6</run_address>
         <size>0x11e</size>
         <input_file_ref idref="fl-30"/>
      </object_component>
      <object_component id="oc-bd">
         <name>.debug_info</name>
         <load_address>0x8604</load_address>
         <run_address>0x8604</run_address>
         <size>0x118</size>
         <input_file_ref idref="fl-31"/>
      </object_component>
      <object_component id="oc-c2">
         <name>.debug_info</name>
         <load_address>0x871c</load_address>
         <run_address>0x871c</run_address>
         <size>0x117</size>
         <input_file_ref idref="fl-32"/>
      </object_component>
      <object_component id="oc-c7">
         <name>.debug_info</name>
         <load_address>0x8833</load_address>
         <run_address>0x8833</run_address>
         <size>0x11b</size>
         <input_file_ref idref="fl-33"/>
      </object_component>
      <object_component id="oc-cc">
         <name>.debug_info</name>
         <load_address>0x894e</load_address>
         <run_address>0x894e</run_address>
         <size>0x114</size>
         <input_file_ref idref="fl-34"/>
      </object_component>
      <object_component id="oc-d0">
         <name>.debug_info</name>
         <load_address>0x8a62</load_address>
         <run_address>0x8a62</run_address>
         <size>0x4fa</size>
         <input_file_ref idref="fl-35"/>
      </object_component>
      <object_component id="oc-d5">
         <name>.debug_info</name>
         <load_address>0x8f5c</load_address>
         <run_address>0x8f5c</run_address>
         <size>0x3d3</size>
         <input_file_ref idref="fl-36"/>
      </object_component>
      <object_component id="oc-da">
         <name>.debug_info</name>
         <load_address>0x932f</load_address>
         <run_address>0x932f</run_address>
         <size>0x346</size>
         <input_file_ref idref="fl-37"/>
      </object_component>
      <object_component id="oc-df">
         <name>.debug_info</name>
         <load_address>0x9675</load_address>
         <run_address>0x9675</run_address>
         <size>0x343</size>
         <input_file_ref idref="fl-38"/>
      </object_component>
      <object_component id="oc-e4">
         <name>.debug_info</name>
         <load_address>0x99b8</load_address>
         <run_address>0x99b8</run_address>
         <size>0x579</size>
         <input_file_ref idref="fl-39"/>
      </object_component>
      <object_component id="oc-ea">
         <name>.debug_info</name>
         <load_address>0x9f31</load_address>
         <run_address>0x9f31</run_address>
         <size>0xa4d</size>
         <input_file_ref idref="fl-3a"/>
      </object_component>
      <object_component id="oc-f0">
         <name>.debug_info</name>
         <load_address>0xa97e</load_address>
         <run_address>0xa97e</run_address>
         <size>0x4dd</size>
         <input_file_ref idref="fl-3b"/>
      </object_component>
      <object_component id="oc-f7">
         <name>.debug_info</name>
         <load_address>0xae5b</load_address>
         <run_address>0xae5b</run_address>
         <size>0x465</size>
         <input_file_ref idref="fl-3c"/>
      </object_component>
      <object_component id="oc-fc">
         <name>.debug_info</name>
         <load_address>0xb2c0</load_address>
         <run_address>0xb2c0</run_address>
         <size>0x405</size>
         <input_file_ref idref="fl-3d"/>
      </object_component>
      <object_component id="oc-101">
         <name>.debug_info</name>
         <load_address>0xb6c5</load_address>
         <run_address>0xb6c5</run_address>
         <size>0x3ee</size>
         <input_file_ref idref="fl-3e"/>
      </object_component>
      <object_component id="oc-106">
         <name>.debug_info</name>
         <load_address>0xbab3</load_address>
         <run_address>0xbab3</run_address>
         <size>0x3b8</size>
         <input_file_ref idref="fl-3f"/>
      </object_component>
      <object_component id="oc-10b">
         <name>.debug_info</name>
         <load_address>0xbe6b</load_address>
         <run_address>0xbe6b</run_address>
         <size>0x1e7</size>
         <input_file_ref idref="fl-40"/>
      </object_component>
      <object_component id="oc-10d">
         <name>.debug_info</name>
         <load_address>0xc052</load_address>
         <run_address>0xc052</run_address>
         <size>0x2e2</size>
         <input_file_ref idref="fl-41"/>
      </object_component>
      <object_component id="oc-111">
         <name>.debug_info</name>
         <load_address>0xc334</load_address>
         <run_address>0xc334</run_address>
         <size>0x3f7</size>
         <input_file_ref idref="fl-42"/>
      </object_component>
      <object_component id="oc-116">
         <name>.debug_info</name>
         <load_address>0xc72b</load_address>
         <run_address>0xc72b</run_address>
         <size>0x46f</size>
         <input_file_ref idref="fl-43"/>
      </object_component>
      <object_component id="oc-11b">
         <name>.debug_info</name>
         <load_address>0xcb9a</load_address>
         <run_address>0xcb9a</run_address>
         <size>0xefb</size>
         <input_file_ref idref="fl-44"/>
      </object_component>
      <object_component id="oc-123">
         <name>.debug_info</name>
         <load_address>0xda95</load_address>
         <run_address>0xda95</run_address>
         <size>0x49b</size>
         <input_file_ref idref="fl-45"/>
      </object_component>
      <object_component id="oc-128">
         <name>.debug_info</name>
         <load_address>0xdf30</load_address>
         <run_address>0xdf30</run_address>
         <size>0x48a</size>
         <input_file_ref idref="fl-46"/>
      </object_component>
      <object_component id="oc-12d">
         <name>.debug_info</name>
         <load_address>0xe3ba</load_address>
         <run_address>0xe3ba</run_address>
         <size>0x47e</size>
         <input_file_ref idref="fl-47"/>
      </object_component>
      <object_component id="oc-132">
         <name>.debug_info</name>
         <load_address>0xe838</load_address>
         <run_address>0xe838</run_address>
         <size>0x443</size>
         <input_file_ref idref="fl-48"/>
      </object_component>
      <object_component id="oc-137">
         <name>.debug_info</name>
         <load_address>0xec7b</load_address>
         <run_address>0xec7b</run_address>
         <size>0x1c6</size>
         <input_file_ref idref="fl-49"/>
      </object_component>
      <object_component id="oc-13b">
         <name>.debug_info</name>
         <load_address>0xee41</load_address>
         <run_address>0xee41</run_address>
         <size>0x5dd</size>
         <input_file_ref idref="fl-4a"/>
      </object_component>
      <object_component id="oc-140">
         <name>.debug_info</name>
         <load_address>0xf41e</load_address>
         <run_address>0xf41e</run_address>
         <size>0x54e</size>
         <input_file_ref idref="fl-4b"/>
      </object_component>
      <object_component id="oc-142">
         <name>.debug_info</name>
         <load_address>0xf96c</load_address>
         <run_address>0xf96c</run_address>
         <size>0x485</size>
         <input_file_ref idref="fl-4c"/>
      </object_component>
      <object_component id="oc-148">
         <name>.debug_info</name>
         <load_address>0xfdf1</load_address>
         <run_address>0xfdf1</run_address>
         <size>0x43f</size>
         <input_file_ref idref="fl-4d"/>
      </object_component>
      <object_component id="oc-14e">
         <name>.debug_info</name>
         <load_address>0x10230</load_address>
         <run_address>0x10230</run_address>
         <size>0x4cb</size>
         <input_file_ref idref="fl-4e"/>
      </object_component>
      <object_component id="oc-154">
         <name>.debug_info</name>
         <load_address>0x106fb</load_address>
         <run_address>0x106fb</run_address>
         <size>0x3bc</size>
         <input_file_ref idref="fl-4f"/>
      </object_component>
      <object_component id="oc-159">
         <name>.debug_info</name>
         <load_address>0x10ab7</load_address>
         <run_address>0x10ab7</run_address>
         <size>0x3a5</size>
         <input_file_ref idref="fl-50"/>
      </object_component>
      <object_component id="oc-15e">
         <name>.debug_info</name>
         <load_address>0x10e5c</load_address>
         <run_address>0x10e5c</run_address>
         <size>0x473</size>
         <input_file_ref idref="fl-51"/>
      </object_component>
      <object_component id="oc-164">
         <name>.debug_info</name>
         <load_address>0x112cf</load_address>
         <run_address>0x112cf</run_address>
         <size>0x46d</size>
         <input_file_ref idref="fl-52"/>
      </object_component>
      <object_component id="oc-16a">
         <name>.debug_info</name>
         <load_address>0x1173c</load_address>
         <run_address>0x1173c</run_address>
         <size>0x5bc</size>
         <input_file_ref idref="fl-53"/>
      </object_component>
      <object_component id="oc-16f">
         <name>.debug_info</name>
         <load_address>0x11cf8</load_address>
         <run_address>0x11cf8</run_address>
         <size>0x864</size>
         <input_file_ref idref="fl-54"/>
      </object_component>
      <object_component id="oc-176">
         <name>.debug_info</name>
         <load_address>0x1255c</load_address>
         <run_address>0x1255c</run_address>
         <size>0x531</size>
         <input_file_ref idref="fl-55"/>
      </object_component>
      <object_component id="oc-17c">
         <name>.debug_info</name>
         <load_address>0x12a8d</load_address>
         <run_address>0x12a8d</run_address>
         <size>0x141</size>
         <input_file_ref idref="fl-56"/>
      </object_component>
      <object_component id="oc-181">
         <name>.debug_info</name>
         <load_address>0x12bce</load_address>
         <run_address>0x12bce</run_address>
         <size>0x1a5</size>
         <input_file_ref idref="fl-57"/>
      </object_component>
      <object_component id="oc-186">
         <name>.debug_info</name>
         <load_address>0x12d73</load_address>
         <run_address>0x12d73</run_address>
         <size>0x117</size>
         <input_file_ref idref="fl-58"/>
      </object_component>
      <object_component id="oc-18a">
         <name>.debug_info</name>
         <load_address>0x12e8a</load_address>
         <run_address>0x12e8a</run_address>
         <size>0x4e8</size>
         <input_file_ref idref="fl-59"/>
      </object_component>
      <object_component id="oc-18f">
         <name>.debug_info</name>
         <load_address>0x13372</load_address>
         <run_address>0x13372</run_address>
         <size>0x557</size>
         <input_file_ref idref="fl-5a"/>
      </object_component>
      <object_component id="oc-194">
         <name>.debug_info</name>
         <load_address>0x138c9</load_address>
         <run_address>0x138c9</run_address>
         <size>0x584</size>
         <input_file_ref idref="fl-5b"/>
      </object_component>
      <object_component id="oc-199">
         <name>.debug_info</name>
         <load_address>0x13e4d</load_address>
         <run_address>0x13e4d</run_address>
         <size>0x536</size>
         <input_file_ref idref="fl-5c"/>
      </object_component>
      <object_component id="oc-19e">
         <name>.debug_info</name>
         <load_address>0x14383</load_address>
         <run_address>0x14383</run_address>
         <size>0x5e0</size>
         <input_file_ref idref="fl-5d"/>
      </object_component>
      <object_component id="oc-1a3">
         <name>.debug_info</name>
         <load_address>0x14963</load_address>
         <run_address>0x14963</run_address>
         <size>0x520</size>
         <input_file_ref idref="fl-5e"/>
      </object_component>
      <object_component id="oc-1a8">
         <name>.debug_info</name>
         <load_address>0x14e83</load_address>
         <run_address>0x14e83</run_address>
         <size>0x53b</size>
         <input_file_ref idref="fl-5f"/>
      </object_component>
      <object_component id="oc-1ad">
         <name>.debug_info</name>
         <load_address>0x153be</load_address>
         <run_address>0x153be</run_address>
         <size>0x529</size>
         <input_file_ref idref="fl-60"/>
      </object_component>
      <object_component id="oc-1b3">
         <name>.debug_info</name>
         <load_address>0x158e7</load_address>
         <run_address>0x158e7</run_address>
         <size>0x6ea</size>
         <input_file_ref idref="fl-61"/>
      </object_component>
      <object_component id="oc-1ba">
         <name>.debug_info</name>
         <load_address>0x15fd1</load_address>
         <run_address>0x15fd1</run_address>
         <size>0x5e9</size>
         <input_file_ref idref="fl-62"/>
      </object_component>
      <object_component id="oc-1bf">
         <name>.debug_info</name>
         <load_address>0x165ba</load_address>
         <run_address>0x165ba</run_address>
         <size>0x658</size>
         <input_file_ref idref="fl-63"/>
      </object_component>
      <object_component id="oc-1c4">
         <name>.debug_info</name>
         <load_address>0x16c12</load_address>
         <run_address>0x16c12</run_address>
         <size>0x728</size>
         <input_file_ref idref="fl-64"/>
      </object_component>
      <object_component id="oc-1c9">
         <name>.debug_info</name>
         <load_address>0x1733a</load_address>
         <run_address>0x1733a</run_address>
         <size>0x47a</size>
         <input_file_ref idref="fl-65"/>
      </object_component>
      <object_component id="oc-1ce">
         <name>.debug_info</name>
         <load_address>0x177b4</load_address>
         <run_address>0x177b4</run_address>
         <size>0x4a7</size>
         <input_file_ref idref="fl-66"/>
      </object_component>
      <object_component id="oc-1d3">
         <name>.debug_info</name>
         <load_address>0x17c5b</load_address>
         <run_address>0x17c5b</run_address>
         <size>0x37e</size>
         <input_file_ref idref="fl-67"/>
      </object_component>
      <object_component id="oc-1d8">
         <name>.debug_info</name>
         <load_address>0x17fd9</load_address>
         <run_address>0x17fd9</run_address>
         <size>0x5f6</size>
         <input_file_ref idref="fl-68"/>
      </object_component>
      <object_component id="oc-1dd">
         <name>.debug_info</name>
         <load_address>0x185cf</load_address>
         <run_address>0x185cf</run_address>
         <size>0x5d3</size>
         <input_file_ref idref="fl-69"/>
      </object_component>
      <object_component id="oc-256">
         <name>.debug_info</name>
         <load_address>0x18ba2</load_address>
         <run_address>0x18ba2</run_address>
         <size>0xf6</size>
      </object_component>
      <object_component id="oc-15">
         <name>.debug_frame</name>
         <load_address>0x0</load_address>
         <run_address>0x0</run_address>
         <size>0x40</size>
         <input_file_ref idref="fl-2"/>
      </object_component>
      <object_component id="oc-1a">
         <name>.debug_frame</name>
         <load_address>0x40</load_address>
         <run_address>0x40</run_address>
         <size>0x3c</size>
         <input_file_ref idref="fl-3"/>
      </object_component>
      <object_component id="oc-1f">
         <name>.debug_frame</name>
         <load_address>0x7c</load_address>
         <run_address>0x7c</run_address>
         <size>0x78</size>
         <input_file_ref idref="fl-4"/>
      </object_component>
      <object_component id="oc-25">
         <name>.debug_frame</name>
         <load_address>0xf4</load_address>
[...]
         <value>0x8c70</value>
         <object_component_ref idref="oc-201"/>
      </symbol>
      <symbol id="sm-2b9">
         <name>_putchar</name>
         <value>0xa0f8</value>
         <object_component_ref idref="oc-1fd"/>
      </symbol>
      <symbol id="sm-2bb">
         <name>_putc</name>
         <value>0xa0ae</value>
         <object_component_ref idref="oc-1fd"/>
      </symbol>
      <symbol id="sm-2bc">
         <name>_fputc</name>
         <value>0xa0ae</value>
         <object_component_ref idref="oc-1fd"/>
      </symbol>
      <symbol id="sm-2d9">
         <name>_puts</name>
         <value>0x9890</value>
         <object_component_ref idref="oc-1fe"/>
      </symbol>
      <symbol id="sm-2db">
         <name>_fputs</name>
         <value>0x9800</value>
         <object_component_ref idref="oc-1fe"/>
      </symbol>
      <symbol id="sm-2f3">
         <name>___TI_rd_ok</name>
         <value>0x9e8b</value>
         <object_component_ref idref="oc-20a"/>
      </symbol>
      <symbol id="sm-2f5">
         <name>___TI_wrt_ok</name>
         <value>0x9e51</value>
         <object_component_ref idref="oc-20a"/>
      </symbol>
      <symbol id="sm-30d">
         <name>_setvbuf</name>
         <value>0x9cf5</value>
         <object_component_ref idref="oc-216"/>
      </symbol>
      <symbol id="sm-329">
         <name>_c_int00</name>
         <value>0xa05a</value>
         <object_component_ref idref="oc-12"/>
      </symbol>
      <symbol id="sm-32a">
         <name>__stack</name>
         <value>0xb800</value>
         <object_component_ref idref="oc-5c"/>
      </symbol>
      <symbol id="sm-345">
         <name>FD$$ADD</name>
         <value>0x98a3</value>
         <object_component_ref idref="oc-62"/>
      </symbol>
      <symbol id="sm-355">
         <name>FD$$CMP</name>
         <value>0xa275</value>
         <object_component_ref idref="oc-67"/>
      </symbol>
      <symbol id="sm-367">
         <name>FD$$MPY</name>
         <value>0x9b77</value>
         <object_component_ref idref="oc-6c"/>
      </symbol>
      <symbol id="sm-374">
         <name>FD$$NEG</name>
         <value>0xa5ea</value>
         <object_component_ref idref="oc-71"/>
      </symbol>
      <symbol id="sm-380">
         <name>FD$$SUB</name>
         <value>0xa5ba</value>
         <object_component_ref idref="oc-76"/>
      </symbol>
      <symbol id="sm-38f">
         <name>FD$$TOI</name>
         <value>0xa433</value>
         <object_component_ref idref="oc-7b"/>
      </symbol>
      <symbol id="sm-39e">
         <name>FD$$TOL</name>
         <value>0xa454</value>
         <object_component_ref idref="oc-80"/>
      </symbol>
      <symbol id="sm-3b8">
         <name>FS$$ADD</name>
         <value>0x9c82</value>
         <object_component_ref idref="oc-85"/>
      </symbol>
      <symbol id="sm-3b9">
         <name>FS$$SUB</name>
         <value>0x9c7d</value>
         <object_component_ref idref="oc-85"/>
      </symbol>
      <symbol id="sm-3cb">
         <name>FS$$CMP</name>
         <value>0xa57e</value>
         <object_component_ref idref="oc-8a"/>
      </symbol>
      <symbol id="sm-3dc">
         <name>FS$$DIV</name>
         <value>0x9bfa</value>
         <object_component_ref idref="oc-8f"/>
      </symbol>
      <symbol id="sm-3ed">
         <name>FS$$MPY</name>
         <value>0xa000</value>
         <object_component_ref idref="oc-94"/>
      </symbol>
      <symbol id="sm-3fa">
         <name>FS$$NEG</name>
         <value>0xa60a</value>
         <object_component_ref idref="oc-99"/>
      </symbol>
      <symbol id="sm-40b">
         <name>FS$$TOI</name>
         <value>0xa319</value>
         <object_component_ref idref="oc-9e"/>
      </symbol>
      <symbol id="sm-417">
         <name>LL$$AND</name>
         <value>0xa536</value>
         <object_component_ref idref="oc-a3"/>
      </symbol>
      <symbol id="sm-418">
         <name>LL$$OR</name>
         <value>0xa53e</value>
         <object_component_ref idref="oc-a3"/>
      </symbol>
      <symbol id="sm-419">
         <name>LL$$XOR</name>
         <value>0xa546</value>
         <object_component_ref idref="oc-a3"/>
      </symbol>
      <symbol id="sm-427">
         <name>ULL$$CMP</name>
         <value>0xa485</value>
         <object_component_ref idref="oc-a8"/>
      </symbol>
      <symbol id="sm-428">
         <name>LL$$CMP</name>
         <value>0xa473</value>
         <object_component_ref idref="oc-a8"/>
      </symbol>
      <symbol id="sm-454">
         <name>ULL$$MOD</name>
         <value>0x943b</value>
         <object_component_ref idref="oc-ad"/>
      </symbol>
      <symbol id="sm-455">
         <name>ULL$$DIV</name>
         <value>0x940c</value>
         <object_component_ref idref="oc-ad"/>
      </symbol>
      <symbol id="sm-456">
         <name>LL$$MOD</name>
         <value>0x93d2</value>
         <object_component_ref idref="oc-ad"/>
      </symbol>
      <symbol id="sm-457">
         <name>LL$$DIV</name>
         <value>0x9396</value>
         <object_component_ref idref="oc-ad"/>
      </symbol>
      <symbol id="sm-467">
         <name>I$$TOFD</name>
         <value>0xa491</value>
         <object_component_ref idref="oc-b2"/>
      </symbol>
      <symbol id="sm-476">
         <name>I$$TOFS</name>
         <value>0xa503</value>
         <object_component_ref idref="oc-b7"/>
      </symbol>
      <symbol id="sm-486">
         <name>L$$TOFD</name>
         <value>0xa4e7</value>
         <object_component_ref idref="oc-bc"/>
      </symbol>
      <symbol id="sm-496">
         <name>FS$$TOFD</name>
         <value>0xa4cb</value>
         <object_component_ref idref="oc-c1"/>
      </symbol>
      <symbol id="sm-4a5">
         <name>LL$$TOFS</name>
         <value>0xa3f0</value>
         <object_component_ref idref="oc-c6"/>
      </symbol>
      <symbol id="sm-4bc">
         <name>FD$$DIV</name>
         <value>0x9a65</value>
         <object_component_ref idref="oc-cb"/>
      </symbol>
      <symbol id="sm-4cb">
         <name>_copy_in</name>
         <value>0xa387</value>
         <object_component_ref idref="oc-1e3"/>
      </symbol>
      <symbol id="sm-4dd">
         <name>_memcpy</name>
         <value>0xa4ae</value>
         <object_component_ref idref="oc-1e7"/>
      </symbol>
      <symbol id="sm-4ea">
         <name>__system_pre_init</name>
         <value>0x9ffe</value>
         <object_component_ref idref="oc-1e2"/>
      </symbol>
      <symbol id="sm-4f8">
         <name>__system_post_cinit</name>
         <value>0x97ff</value>
         <object_component_ref idref="oc-1e4"/>
      </symbol>
      <symbol id="sm-512">
         <name>___rem_pio2f</name>
         <value>0x96ed</value>
         <object_component_ref idref="oc-1f3"/>
      </symbol>
      <symbol id="sm-577">
         <name>___kernel_rem_pio2</name>
         <value>0x8000</value>
         <object_component_ref idref="oc-1fc"/>
      </symbol>
      <symbol id="sm-58c">
         <name>C$$EXIT</name>
         <value>0xa2c9</value>
         <object_component_ref idref="oc-1e6"/>
      </symbol>
      <symbol id="sm-58d">
         <name>_exit</name>
         <value>0xa2cb</value>
         <object_component_ref idref="oc-1e6"/>
      </symbol>
      <symbol id="sm-58f">
         <name>___TI_cleanup_ptr</name>
         <value>0xc4aa</value>
         <object_component_ref idref="oc-f2"/>
      </symbol>
      <symbol id="sm-590">
         <name>___TI_enable_exit_profile_output</name>
         <value>0xc4a8</value>
         <object_component_ref idref="oc-f2"/>
      </symbol>
      <symbol id="sm-591">
         <name>_abort</name>
         <value>0xa2c9</value>
         <object_component_ref idref="oc-1e6"/>
      </symbol>
      <symbol id="sm-593">
         <name>___TI_dtors_ptr</name>
         <value>0xc4ac</value>
         <object_component_ref idref="oc-f2"/>
      </symbol>
      <symbol id="sm-5a7">
         <name>__unlock</name>
         <value>0xc4b4</value>
         <object_component_ref idref="oc-1f5"/>
      </symbol>
      <symbol id="sm-5a8">
         <name>__lock</name>
         <value>0xc4b2</value>
         <object_component_ref idref="oc-1e9"/>
      </symbol>
      <symbol id="sm-5a9">
         <name>__register_lock</name>
         <value>0xb7fb</value>
         <object_component_ref idref="oc-1f0"/>
      </symbol>
      <symbol id="sm-5ab">
         <name>__nop</name>
         <value>0xb7ff</value>
         <object_component_ref idref="oc-1f0"/>
      </symbol>
      <symbol id="sm-5ad">
         <name>__register_unlock</name>
         <value>0xb7f7</value>
         <object_component_ref idref="oc-1f0"/>
      </symbol>
      <symbol id="sm-5bc">
         <name>___TI_ltoa</name>
         <value>0xa247</value>
         <object_component_ref idref="oc-21a"/>
      </symbol>
      <symbol id="sm-5cc">
         <name>__args_main</name>
         <value>0x8fef</value>
         <object_component_ref idref="oc-1e5"/>
      </symbol>
      <symbol id="sm-5e1">
         <name>_atoi</name>
         <value>0xa216</value>
         <object_component_ref idref="oc-20f"/>
      </symbol>
      <symbol id="sm-5ea">
         <name>__ctypes_</name>
         <value>0xac00</value>
         <object_component_ref idref="oc-219"/>
      </symbol>
      <symbol id="sm-5fb">
         <name>___TI_ft_end</name>
         <value>0xc4b6</value>
         <object_component_ref idref="oc-10f"/>
      </symbol>
      <symbol id="sm-5fc">
         <name>___TI_tmpnams</name>
         <value>0xc400</value>
         <object_component_ref idref="oc-22c"/>
      </symbol>
      <symbol id="sm-5fd">
         <name>__ftable</name>
         <value>0xc4c0</value>
         <object_component_ref idref="oc-1ff"/>
      </symbol>
      <symbol id="sm-60c">
         <name>_memccpy</name>
         <value>0xa5aa</value>
         <object_component_ref idref="oc-212"/>
      </symbol>
      <symbol id="sm-61c">
         <name>_memchr</name>
         <value>0xa5c8</value>
         <object_component_ref idref="oc-20e"/>
      </symbol>
      <symbol id="sm-67b">
         <name>__sys_memory</name>
         <value>0xa800</value>
         <object_component_ref idref="oc-11e"/>
      </symbol>
      <symbol id="sm-67c">
         <name>___TI_heap_total_available</name>
         <value>0x924d</value>
         <object_component_ref idref="oc-1ec"/>
      </symbol>
      <symbol id="sm-67e">
         <name>_realloc</name>
         <value>0x90f3</value>
         <object_component_ref idref="oc-1ec"/>
      </symbol>
      <symbol id="sm-680">
         <name>___TI_heap_check</name>
         <value>0x9287</value>
         <object_component_ref idref="oc-1ec"/>
      </symbol>
      <symbol id="sm-682">
         <name>_free</name>
         <value>0x902b</value>
         <object_component_ref idref="oc-1ec"/>
      </symbol>
      <symbol id="sm-684">
         <name>_memalign</name>
         <value>0x91a7</value>
         <object_component_ref idref="oc-1ec"/>
      </symbol>
      <symbol id="sm-685">
         <name>_calloc</name>
         <value>0x917a</value>
         <object_component_ref idref="oc-1ec"/>
      </symbol>
      <symbol id="sm-687">
         <name>_malloc</name>
         <value>0x9000</value>
         <object_component_ref idref="oc-1ec"/>
      </symbol>
      <symbol id="sm-689">
         <name>_aligned_alloc</name>
         <value>0x91a7</value>
         <object_component_ref idref="oc-1ec"/>
      </symbol>
      <symbol id="sm-68b">
         <name>_minit</name>
         <value>0x9176</value>
         <object_component_ref idref="oc-1ec"/>
      </symbol>
      <symbol id="sm-68d">
         <name>___TI_heap_largest_available</name>
         <value>0x926a</value>
         <object_component_ref idref="oc-1ec"/>
      </symbol>
      <symbol id="sm-69c">
         <name>_memset</name>
         <value>0xa603</value>
         <object_component_ref idref="oc-1f6"/>
      </symbol>
      <symbol id="sm-6ac">
         <name>_strchr</name>
         <value>0xa5d5</value>
         <object_component_ref idref="oc-21c"/>
      </symbol>
      <symbol id="sm-6ba">
         <name>_strcpy</name>
         <value>0xa60f</value>
         <object_component_ref idref="oc-210"/>
      </symbol>
      <symbol id="sm-6c8">
         <name>_strlen</name>
         <value>0xa5f3</value>
         <object_component_ref idref="oc-20d"/>
      </symbol>
      <symbol id="sm-6d3">
         <name>_errno</name>
         <value>0xc4b7</value>
         <object_component_ref idref="oc-139"/>
      </symbol>
      <symbol id="sm-6e0">
         <name>_write</name>
         <value>0xa566</value>
         <object_component_ref idref="oc-20c"/>
      </symbol>
      <symbol id="sm-6f1">
         <name>__device</name>
         <value>0xc540</value>
         <object_component_ref idref="oc-21f"/>
      </symbol>
      <symbol id="sm-6f2">
         <name>__stream</name>
         <value>0xc588</value>
         <object_component_ref idref="oc-217"/>
      </symbol>
      <symbol id="sm-711">
         <name>_floorl</name>
         <value>0x949d</value>
         <object_component_ref idref="oc-208"/>
      </symbol>
      <symbol id="sm-725">
         <name>_frexpl</name>
         <value>0x9f13</value>
         <object_component_ref idref="oc-21b"/>
      </symbol>
      <symbol id="sm-744">
         <name>_scalbnl</name>
         <value>0x9643</value>
         <object_component_ref idref="oc-207"/>
      </symbol>
      <symbol id="sm-746">
         <name>_ldexpl</name>
         <value>0x9643</value>
         <object_component_ref idref="oc-207"/>
      </symbol>
      <symbol id="sm-753">
         <name>_copysignl</name>
         <value>0xa3ab</value>
         <object_component_ref idref="oc-214"/>
      </symbol>
      <symbol id="sm-762">
         <name>_wcslen</name>
         <value>0xa5fb</value>
         <object_component_ref idref="oc-213"/>
      </symbol>
      <symbol id="sm-77b">
         <name>___kernel_cosdf</name>
         <value>0x9af0</value>
         <object_component_ref idref="oc-1f4"/>
      </symbol>
      <symbol id="sm-792">
         <name>___kernel_sindf</name>
         <value>0x99d3</value>
         <object_component_ref idref="oc-1f2"/>
      </symbol>
      <symbol id="sm-7a8">
         <name>___TI_doflush</name>
         <value>0x9794</value>
         <object_component_ref idref="oc-20b"/>
      </symbol>
      <symbol id="sm-7aa">
         <name>_fflush</name>
         <value>0x97c3</value>
         <object_component_ref idref="oc-20b"/>
      </symbol>
      <symbol id="sm-7e5">
         <name>_fopen</name>
         <value>0xb772</value>
         <object_component_ref idref="oc-21e"/>
      </symbol>
      <symbol id="sm-7e7">
         <name>___TI_cleanup</name>
         <value>0xb737</value>
         <object_component_ref idref="oc-21e"/>
      </symbol>
      <symbol id="sm-7e9">
         <name>_freopen</name>
         <value>0xb754</value>
         <object_component_ref idref="oc-21e"/>
      </symbol>
      <symbol id="sm-7fa">
         <name>_fseek</name>
         <value>0xa0fd</value>
         <object_component_ref idref="oc-215"/>
      </symbol>
      <symbol id="sm-7fb">
         <name>_fseeko</name>
         <value>0xa0fd</value>
         <object_component_ref idref="oc-215"/>
      </symbol>
      <symbol id="sm-80a">
         <name>I$$MOD</name>
         <value>0xa3df</value>
         <object_component_ref idref="oc-17b"/>
      </symbol>
      <symbol id="sm-80b">
         <name>I$$DIV</name>
         <value>0xa3ce</value>
         <object_component_ref idref="oc-17b"/>
      </symbol>
      <symbol id="sm-817">
         <name>UL$$MOD</name>
         <value>0xa2c3</value>
         <object_component_ref idref="oc-180"/>
      </symbol>
      <symbol id="sm-818">
         <name>L$$MOD</name>
         <value>0xa2ae</value>
         <object_component_ref idref="oc-180"/>
      </symbol>
      <symbol id="sm-819">
         <name>L$$DIV</name>
         <value>0xa29f</value>
         <object_component_ref idref="oc-180"/>
      </symbol>
      <symbol id="sm-81a">
         <name>UL$$DIV</name>
         <value>0xa2bc</value>
         <object_component_ref idref="oc-180"/>
      </symbol>
      <symbol id="sm-82a">
         <name>FD$$TOFS</name>
         <value>0xa412</value>
         <object_component_ref idref="oc-185"/>
      </symbol>
      <symbol id="sm-836">
         <name>_HOSTclose</name>
         <value>0xa2f2</value>
         <object_component_ref idref="oc-224"/>
      </symbol>
      <symbol id="sm-843">
         <name>_HOSTlseek</name>
         <value>0x9eb6</value>
         <object_component_ref idref="oc-227"/>
      </symbol>
      <symbol id="sm-853">
         <name>_parmbuf</name>
         <value>0xc4a0</value>
         <object_component_ref idref="oc-22e"/>
      </symbol>
      <symbol id="sm-854">
         <name>_HOSTopen</name>
         <value>0xa13a</value>
         <object_component_ref idref="oc-223"/>
      </symbol>
      <symbol id="sm-862">
         <name>_HOSTread</name>
         <value>0xa173</value>
         <object_component_ref idref="oc-225"/>
      </symbol>
      <symbol id="sm-86f">
         <name>_HOSTrename</name>
         <value>0xb7b8</value>
         <object_component_ref idref="oc-229"/>
      </symbol>
      <symbol id="sm-87c">
         <name>_HOSTunlink</name>
         <value>0xa33e</value>
         <object_component_ref idref="oc-228"/>
      </symbol>
      <symbol id="sm-88a">
         <name>_HOSTwrite</name>
         <value>0xa1ab</value>
         <object_component_ref idref="oc-226"/>
      </symbol>
      <symbol id="sm-8a3">
         <name>___TI_readmsg</name>
         <value>0x9997</value>
         <object_component_ref idref="oc-22f"/>
      </symbol>
      <symbol id="sm-8a5">
         <name>C$$IO$$</name>
         <value>0x9992</value>
         <object_component_ref idref="oc-22f"/>
      </symbol>
      <symbol id="sm-8a6">
         <name>__CIOBUF_</name>
         <value>0x1b000</value>
         <object_component_ref idref="oc-1ae"/>
      </symbol>
      <symbol id="sm-8a7">
         <name>___TI_writemsg</name>
         <value>0x993f</value>
         <object_component_ref idref="oc-22f"/>
      </symbol>
      <symbol id="sm-8c3">
         <name>_open</name>
         <value>0x9de2</value>
         <object_component_ref idref="oc-221"/>
      </symbol>
      <symbol id="sm-8d1">
         <name>_lseek</name>
         <value>0xa54e</value>
         <object_component_ref idref="oc-21d"/>
      </symbol>
      <symbol id="sm-8e3">
         <name>___TI_closefile</name>
         <value>0x9f6f</value>
         <object_component_ref idref="oc-222"/>
      </symbol>
      <symbol id="sm-8e5">
         <name>_fclose</name>
         <value>0x9fb1</value>
         <object_component_ref idref="oc-222"/>
      </symbol>
      <symbol id="sm-8f7">
         <name>_finddevice</name>
         <value>0x87b0</value>
         <object_component_ref idref="oc-22a"/>
      </symbol>
      <symbol id="sm-8f9">
         <name>_getdevice</name>
         <value>0x87cb</value>
         <object_component_ref idref="oc-22a"/>
      </symbol>
      <symbol id="sm-908">
         <name>_strcmp</name>
         <value>0xa5e0</value>
         <object_component_ref idref="oc-230"/>
      </symbol>
      <symbol id="sm-919">
         <name>_strncpy</name>
         <value>0xa595</value>
         <object_component_ref idref="oc-231"/>
      </symbol>
      <symbol id="sm-926">
         <name>_remove</name>
         <value>0xa614</value>
         <object_component_ref idref="oc-22d"/>
      </symbol>
      <symbol id="sm-937">
         <name>_close</name>
         <value>0xa1e3</value>
         <object_component_ref idref="oc-22b"/>
      </symbol>
      <symbol id="sm-944">
         <name>_unlink</name>
         <value>0xa51d</value>
         <object_component_ref idref="oc-232"/>
      </symbol>
   </symbol_table>
   <title>Link successful</title>
</link_info>
