******************************************************************************
             TMS320C2000 Linker PC v22.6.1                     
******************************************************************************
>> Linked Thu Oct  9 17:20:16 2025

OUTPUT FILE NAME:   <Blinky_LEDs_ex_1.out>
ENTRY POINT SYMBOL: "code_start"  address: 00000000


MEMORY CONFIGURATION

         name            origin    length      used     unused   attr    fill
----------------------  --------  ---------  --------  --------  ----  --------
PAGE 0:
  BEGIN                 00000000   00000002  00000002  00000000  RWIX
  RAMM0                 00000123   000002dd  0000004a  00000293  RWIX
  RAMLS0                00008000   00000800  00000000  00000800  RWIX
  RAMLS1                00008800   00000800  00000000  00000800  RWIX
  RAMLS2                00009000   00000800  00000000  00000800  RWIX
  RAMLS3                00009800   00000800  00000000  00000800  RWIX
  RAMLS4                0000a000   00000800  00000000  00000800  RWIX
  RAMD0                 0000b000   00000800  00000000  00000800  RWIX
  FLASHA                00080002   00001ffe  00000000  00001ffe  RWIX
  FLASHB                00082000   00002000  00000000  00002000  RWIX
  FLASHC                00084000   00002000  00000000  00002000  RWIX
  FLASHD                00086000   00002000  00000000  00002000  RWIX
  FLASHE                00088000   00008000  00000000  00008000  RWIX
  FLASHF                00090000   00008000  00000000  00008000  RWIX
  FLASHG                00098000   00008000  00000000  00008000  RWIX
  FLASHH                000a0000   00008000  00000000  00008000  RWIX
  FLASHI                000a8000   00008000  00000000  00008000  RWIX
  FLASHJ                000b0000   00008000  00000000  00008000  RWIX
  FLASHK                000b8000   00002000  00000000  00002000  RWIX
  FLASHL                000ba000   00002000  00000000  00002000  RWIX
  FLASHM                000bc000   00002000  00000000  00002000  RWIX
  FLASHN                000be000   00001ff0  00000000  00001ff0  RWIX
  RESET                 003fffc0   00000002  00000000  00000002  RWIX

PAGE 1:
  BOOT_RSVD             00000002   00000121  00000000  00000121  RWIX
  RAMM1                 00000400   000003f8  00000200  000001f8  RWIX
  RAMLS5                0000a800   00000800  0000074a  000000b6  RWIX
  RAMD1                 0000b800   00000800  00000000  00000800  RWIX
  RAMGS0                0000c000   00001000  00001000  00000000  RWIX
  RAMGS1                0000d000   00001000  00001000  00000000  RWIX
  RAMGS2                0000e000   00001000  00000ffb  00000005  RWIX
  RAMGS3                0000f000   00001000  00000467  00000b99  RWIX
  RAMGS4                00010000   00001000  00000000  00001000  RWIX
  RAMGS5                00011000   00001000  00000000  00001000  RWIX
  RAMGS6                00012000   00001000  00000000  00001000  RWIX
  RAMGS7                00013000   00001000  000003c3  00000c3d  RWIX
  RAMGS8                00014000   00001000  00000000  00001000  RWIX
  RAMGS9                00015000   00001000  00000000  00001000  RWIX
  RAMGS10               00016000   00001000  00000000  00001000  RWIX
  RAMGS11               00017000   00001000  00000000  00001000  RWIX
  RAMGS12               00018000   00001000  00000000  00001000  RWIX
  RAMGS13               00019000   00001000  00000000  00001000  RWIX
  RAMGS14               0001a000   00001000  00000000  00001000  RWIX
  RAMGS15               0001b000   00000ff8  00000000  00000ff8  RWIX
  CPU2TOCPU1RAM         0003f800   00000400  00000000  00000400  RWIX
  CPU1TOCPU2RAM         0003fc00   00000400  00000000  00000400  RWIX
  CANA_MSG_RAM          00049000   00000800  00000000  00000800  RWIX
  CANB_MSG_RAM          0004b000   00000800  00000000  00000800  RWIX


SECTION ALLOCATION MAP

 output                                  attributes/
section   page    origin      length       input sections
--------  ----  ----------  ----------   ----------------
codestart 
*          0    00000000    00000002     
                  00000000    00000002     F2837xD_CodeStartBranch.obj (codestart)

.cinit     0    00000128    00000046     
                  00000128    00000033     (.cinit..data.load) [load image, compression = lzss]
                  0000015b    00000001     --HOLE-- [fill = 0]
                  0000015c    00000006     (__TI_handler_table)
                  00000162    00000004     (.cinit..bss.load) [load image, compression = zero_init]
                  00000166    00000008     (__TI_cinit_table)

.reset     0    003fffc0    00000000     DSECT

.stack     1    00000400    00000200     UNINITIALIZED
                  00000400    00000200     --HOLE--

.init_array 
*          0    00000123    00000000     UNINITIALIZED

.sysmem    1    0000a800    00000400     UNINITIALIZED
                  0000a800    00000004     rts2800_fpu32_eabi.lib : memory.c.obj (.sysmem)
                  0000a804    000003fc     --HOLE--

.TI.ramfunc 
*          0    00000123    00000004     
                  00000123    00000004     driverlib_eabi.lib : sysctl.obj (.TI.ramfunc)

GETBUFFER 
*          0    0003f800    00000000     DSECT

GETWRITEIDX 
*          0    0003f800    00000000     DSECT

PUTREADIDX 
*          0    0003f800    00000000     DSECT

.const     1    0000ac00    0000034a     
                  0000ac00    00000101     rts2800_fpu32_eabi.lib : ctype.c.obj (.const:.string:_ctypes_)
                  0000ad01    00000001     --HOLE-- [fill = 0]
                  0000ad02    000000c2     driverlib_eabi.lib : sysctl.obj (.const:.string)
                  0000adc4    000000bc                        : gpio.obj (.const:.string)
                  0000ae80    0000005d                        : adc.obj (.const:.string)
                  0000aedd    00000001     --HOLE-- [fill = 0]
                  0000aede    00000026     rts2800_fpu32_eabi.lib : _printfi.c.obj (.const:.string)
                  0000af04    0000001c                            : _printfi.c.obj (.const)
                  0000af20    0000001c                            : s_scalbn.c.obj (.const)
                  0000af3c    00000004     blink_LEDs.obj (.const:.string)
                  0000af40    00000008     rts2800_fpu32_eabi.lib : s_frexp.c.obj (.const)
                  0000af48    00000002                            : fputs.c.obj (.const:.string)

.text.1    1    0000c000    00001000     
                  0000c000    000006c2     rts2800_fpu32_eabi.lib : _printfi.c.obj (.text)
                  0000c6c2    0000062e     Myboard.obj (.text)
                  0000ccf0    00000298     rts2800_fpu32_eabi.lib : memory.c.obj (.text)
                  0000cf88    00000073                            : fflush.c.obj (.text)
                  0000cffb    00000005                            : strcpy.c.obj (.text)

.text.2    1    0000d000    00001000     
                  0000d000    00000614     rts2800_fpu32_eabi.lib : _printfi.c.obj (.text:__TI_printfi)
                  0000d614    0000040a     blink_LEDs.obj (.text)
                  0000da1e    000003db     device.obj (.text)
                  0000ddf9    00000121     rts2800_fpu32_eabi.lib : fopen.c.obj (.text)
                  0000df1a    000000b0     blink_LEDs.obj (.text:retain)
                  0000dfca    00000034     rts2800_fpu32_eabi.lib : printf.c.obj (.text)
                  0000dffe    00000002                            : pre_init.c.obj (.text)

.text.3    1    0000e000    00000ffb     
                  0000e000    00000209     driverlib_eabi.lib : sysctl.obj (.text:SysCtl_setClock)
                  0000e209    00000107     rts2800_fpu32_eabi.lib : ll_div28.asm.obj (.text)
                  0000e310    000000a9                            : s_scalbn.c.obj (.text)
                  0000e3b9    000000a8                            : fputs.c.obj (.text)
                  0000e461    0000009c                            : fd_add28.asm.obj (.text)
                  0000e4fd    00000001                            : startup.c.obj (.text)
                  0000e4fe    00000095                            : trgmsg.c.obj (.text)
                  0000e593    00000090     driverlib_eabi.lib : sysctl.obj (.text:SysCtl_selectXTAL)
                  0000e623    0000008b     rts2800_fpu32_eabi.lib : fd_div28.asm.obj (.text)
                  0000e6ae    00000088                            : fs_div28.asm.obj (.text)
                  0000e736    00000083                            : fd_mpy28.asm.obj (.text)
                  0000e7b9    0000007c                            : setvbuf.c.obj (.text)
                  0000e835    00000071                            : open.c.obj (.text)
                  0000e8a6    0000006f     driverlib_eabi.lib : adc.obj (.text:ADC_setINLTrim)
                  0000e915    00000068                        : sysctl.obj (.text:SysCtl_getDeviceParametric)
                  0000e97d    00000065     rts2800_fpu32_eabi.lib : _io_perm.c.obj (.text)
                  0000e9e2    00000061                            : hostlseek.c.obj (.text)
                  0000ea43    00000060     driverlib_eabi.lib : adc.obj (.text:ADC_setOffsetTrim)
                  0000eaa3    0000005d     rts2800_fpu32_eabi.lib : fclose.c.obj (.text)
                  0000eb00    0000005a                            : s_frexp.c.obj (.text)
                  0000eb5a    00000053                            : fputc.c.obj (.text)
                  0000ebad    00000052     driverlib_eabi.lib : gpio.obj (.text:GPIO_setPadConfig)
                  0000ebff    00000051     rts2800_fpu32_eabi.lib : getdevice.c.obj (.text)
                  0000ec50    00000048     driverlib_eabi.lib : sysctl.obj (.text:SysCtl_selectOscSource)
                  0000ec98    0000003e     rts2800_fpu32_eabi.lib : hostrename.c.obj (.text)
                  0000ecd6    0000003d     driverlib_eabi.lib : interrupt.obj (.text:Interrupt_initModule)
                  0000ed13    0000003d     rts2800_fpu32_eabi.lib : fseek.c.obj (.text)
                  0000ed50    0000003a                            : hostopen.c.obj (.text)
                  0000ed8a    00000039                            : hostwrite.c.obj (.text)
                  0000edc3    00000038                            : hostread.c.obj (.text)
                  0000edfb    00000037     driverlib_eabi.lib : gpio.obj (.text:GPIO_setControllerCore)
                  0000ee32    00000037                        : gpio.obj (.text:GPIO_setPinConfig)
                  0000ee69    00000037                        : gpio.obj (.text:GPIO_setQualificationMode)
                  0000eea0    00000037                        : interrupt.obj (.text:Interrupt_enable)
                  0000eed7    00000033     rts2800_fpu32_eabi.lib : close.c.obj (.text)
                  0000ef0a    00000031     driverlib_eabi.lib : gpio.obj (.text:GPIO_setDirectionMode)
                  0000ef3b    00000031     rts2800_fpu32_eabi.lib : atoi.c.obj (.text)
                  0000ef6c    00000030                            : copy_decompress_lzss.c.obj (.text:decompress:lzss)
                  0000ef9c    00000030                            : _ltoa.c.obj (.text)
                  0000efcc    0000002f     driverlib_eabi.lib : adc.obj (.text:ADC_setMode)

.text.4    1    0000f000    00000467     
                  0000f000    0000002b     rts2800_fpu32_eabi.lib : autoinit.c.obj (.text:__TI_auto_init_nobinit_nopinit)
                  0000f02b    0000002a                            : fd_cmp28.asm.obj (.text)
                  0000f055    0000002a                            : l_div28.asm.obj (.text)
                  0000f07f    00000029                            : exit.c.obj (.text)
                  0000f0a8    00000029                            : hostclose.c.obj (.text)
                  0000f0d1    00000028     driverlib_eabi.lib : sysctl.obj (.text:CPUTimer_selectClockSource)
                  0000f0f9    00000024     rts2800_fpu32_eabi.lib : hostunlink.c.obj (.text)
                  0000f11d    00000024                            : s_copysign.c.obj (.text)
                  0000f141    00000021                            : fd_toi28.asm.obj (.text)
                  0000f162    0000001f     driverlib_eabi.lib : sysctl.obj (.text:CPUTimer_getTimerOverflowStatus)
                  0000f181    0000001f     rts2800_fpu32_eabi.lib : fd_tol28.asm.obj (.text)
                  0000f1a0    0000001e     driverlib_eabi.lib : interrupt.obj (.text:Interrupt_initVectorTable)
                  0000f1be    0000001e     rts2800_fpu32_eabi.lib : ll_cmp28.asm.obj (.text)
                  0000f1dc    0000001d                            : i_tofd28.asm.obj (.text)
                  0000f1f9    0000001d                            : memcpy.c.obj (.text)
                  0000f216    0000001c                            : l_tofd28.asm.obj (.text)
                  0000f232    0000001b     driverlib_eabi.lib : adc.obj (.text:ADC_isBaseValid)
                  0000f24d    0000001a                        : sysctl.obj (.text:CPUTimer_startTimer)
                  0000f267    00000019     rts2800_fpu32_eabi.lib : unlink.c.obj (.text)
                  0000f280    00000019                            : write.c.obj (.text)
                  0000f299    00000018                            : ll_aox28.asm.obj (.text)
                  0000f2b1    00000018                            : lseek.c.obj (.text)
                  0000f2c9    00000017     driverlib_eabi.lib : sysctl.obj (.text:CPUTimer_isBaseValid)
                  0000f2e0    00000017     rts2800_fpu32_eabi.lib : boot28.asm.obj (.text)
                  0000f2f7    00000016     driverlib_eabi.lib : interrupt.obj (.text:Interrupt_defaultHandler)
                  0000f30d    00000015     rts2800_fpu32_eabi.lib : strncpy.c.obj (.text)
                  0000f322    00000014     driverlib_eabi.lib : sysctl.obj (.text:CPUTimer_stopTimer)
                  0000f336    00000012                        : sysctl.obj (.text:CPUTimer_clearOverflowFlag)
                  0000f348    00000012                        : sysctl.obj (.text:CPUTimer_disableInterrupt)
                  0000f35a    00000011                        : sysctl.obj (.text:CPUTimer_setPeriod)
                  0000f36b    00000010     rts2800_fpu32_eabi.lib : memccpy.c.obj (.text)
                  0000f37b    0000000f     driverlib_eabi.lib : sysctl.obj (.text:SysCtl_pollCpuTimer)
                  0000f38a    0000000e                        : gpio.obj (.text:GPIO_isPinValid)
                  0000f398    0000000e     rts2800_fpu32_eabi.lib : fd_sub28.asm.obj (.text)
                  0000f3a6    0000000d     driverlib_eabi.lib : interrupt.obj (.text:Interrupt_disableGlobal)
                  0000f3b3    0000000d                        : interrupt.obj (.text:Interrupt_enableGlobal)
                  0000f3c0    0000000d     rts2800_fpu32_eabi.lib : copy_zero_init.c.obj (.text:decompress:ZI:__TI_zero_init_nomemset)
                  0000f3cd    0000000d                            : memchr.c.obj (.text)
                  0000f3da    0000000c                            : args_main.c.obj (.text)
                  0000f3e6    0000000c                            : strchr.c.obj (.text)
                  0000f3f2    0000000b     driverlib_eabi.lib : sysctl.obj (.text:SysCtl_isMCDClockFailureDetected)
                  0000f3fd    0000000b     rts2800_fpu32_eabi.lib : wcslen.c.obj (.text)
                  0000f408    0000000a     driverlib_eabi.lib : interrupt.obj (.text:Interrupt_illegalOperationHandler)
                  0000f412    0000000a                        : interrupt.obj (.text:Interrupt_nmiHandler)
                  0000f41c    0000000a     rts2800_fpu32_eabi.lib : strcmp.c.obj (.text)
                  0000f426    00000009     driverlib_eabi.lib : sysctl.obj (.text:SysCtl_serviceWatchdog)
                  0000f42f    00000009     rts2800_fpu32_eabi.lib : _lock.c.obj (.text)
                  0000f438    00000009                            : fd_neg28.asm.obj (.text)
                  0000f441    00000008     F2837xD_CodeStartBranch.obj (.text)
                  0000f449    00000008     rts2800_fpu32_eabi.lib : copy_decompress_none.c.obj (.text:decompress:none)
                  0000f451    00000008                            : strlen.c.obj (.text)
                  0000f459    00000007     driverlib_eabi.lib : sysctl.obj (.text:SysCtl_resetMCD)
                  0000f460    00000007     rts2800_fpu32_eabi.lib : memset.c.obj (.text)

.bss       1    00013000    000002c4     UNINITIALIZED
                  00013000    00000120     rts2800_fpu32_eabi.lib : trgmsg.c.obj (.bss:_CIOBUF_)
                  00013120    000000fa     blink_LEDs.obj (.bss:AdcBuf)
                  0001321a    000000a0     rts2800_fpu32_eabi.lib : defs.c.obj (.bss:__TI_tmpnams)
                  000132ba    00000008                            : hostopen.c.obj (.bss:parmbuf)
                  000132c2    00000002                            : memory.c.obj (.bss)

.data      1    000132c4    000000ff     UNINITIALIZED
                  000132c4    00000078     rts2800_fpu32_eabi.lib : defs.c.obj (.data:_ftable)
                  0001333c    00000048                            : host_device.c.obj (.data:_device)
                  00013384    00000028                            : host_device.c.obj (.data:_stream)
                  000133ac    00000006     device.obj (.data)
                  000133b2    00000006     rts2800_fpu32_eabi.lib : exit.c.obj (.data)
                  000133b8    00000002                            : _lock.c.obj (.data:_lock)
                  000133ba    00000002                            : _lock.c.obj (.data:_unlock)
                  000133bc    00000002     blink_LEDs.obj (.data)
                  000133be    00000001     rts2800_fpu32_eabi.lib : defs.c.obj (.data)
                  000133bf    00000001                            : errno.c.obj (.data)
                  000133c0    00000001                            : fopen.c.obj (.data)
                  000133c1    00000001                            : memory.c.obj (.data)
                  000133c2    00000001                            : open.c.obj (.data)

MODULE SUMMARY

       Module                        code    ro data   rw data
       ------                        ----    -------   -------
    .\
       Myboard.obj                   1582    0         0      
       blink_LEDs.obj                1210    4         252    
    +--+-----------------------------+-------+---------+---------+
       Total:                        2792    4         252    
                                                              
    .\device\
       device.obj                    987     0         6      
       F2837xD_CodeStartBranch.obj   10      0         0      
    +--+-----------------------------+-------+---------+---------+
       Total:                        997     0         6      
                                                              
    C:\ti\C2000Ware_5_03_00_00\driverlib\f2837xd\driverlib\ccs\Debug\driverlib_eabi.lib
       sysctl.obj                    1080    194       0      
       gpio.obj                      310     188       0      
       adc.obj                       281     93        0      
       interrupt.obj                 214     0         0      
    +--+-----------------------------+-------+---------+---------+
       Total:                        1885    475       0      
                                                              
    C:\ti\ccs1271\ccs\tools\compiler\ti-cgt-c2000_22.6.1.LTS\lib\rts2800_fpu32_eabi.lib
       _printfi.c.obj                3286    66        0      
       memory.c.obj                  664     0         3      
       trgmsg.c.obj                  149     0         288    
       fopen.c.obj                   289     0         1      
       defs.c.obj                    0       0         281    
       ll_div28.asm.obj              263     0         0      
       ctype.c.obj                   0       257       0      
       s_scalbn.c.obj                169     28        0      
       fputs.c.obj                   168     2         0      
       fd_add28.asm.obj              156     0         0      
       fd_div28.asm.obj              139     0         0      
       fs_div28.asm.obj              136     0         0      
       fd_mpy28.asm.obj              131     0         0      
       setvbuf.c.obj                 124     0         0      
       fflush.c.obj                  115     0         0      
       open.c.obj                    113     0         1      
       host_device.c.obj             0       0         112    
       _io_perm.c.obj                101     0         0      
       s_frexp.c.obj                 90      8         0      
       hostlseek.c.obj               97      0         0      
       fclose.c.obj                  93      0         0      
       fputc.c.obj                   83      0         0      
       getdevice.c.obj               81      0         0      
       hostopen.c.obj                58      0         8      
       hostrename.c.obj              62      0         0      
       fseek.c.obj                   61      0         0      
       hostwrite.c.obj               57      0         0      
       hostread.c.obj                56      0         0      
       printf.c.obj                  52      0         0      
       close.c.obj                   51      0         0      
       atoi.c.obj                    49      0         0      
       _ltoa.c.obj                   48      0         0      
       copy_decompress_lzss.c.obj    48      0         0      
       exit.c.obj                    41      0         6      
       autoinit.c.obj                43      0         0      
       fd_cmp28.asm.obj              42      0         0      
       l_div28.asm.obj               42      0         0      
       hostclose.c.obj               41      0         0      
       hostunlink.c.obj              36      0         0      
       s_copysign.c.obj              36      0         0      
       fd_toi28.asm.obj              33      0         0      
       fd_tol28.asm.obj              31      0         0      
       ll_cmp28.asm.obj              30      0         0      
       i_tofd28.asm.obj              29      0         0      
       memcpy.c.obj                  29      0         0      
       l_tofd28.asm.obj              28      0         0      
       unlink.c.obj                  25      0         0      
       write.c.obj                   25      0         0      
       ll_aox28.asm.obj              24      0         0      
       lseek.c.obj                   24      0         0      
       boot28.asm.obj                23      0         0      
       strncpy.c.obj                 21      0         0      
       memccpy.c.obj                 16      0         0      
       fd_sub28.asm.obj              14      0         0      
       _lock.c.obj                   9       0         4      
       copy_zero_init.c.obj          13      0         0      
       memchr.c.obj                  13      0         0      
       args_main.c.obj               12      0         0      
       strchr.c.obj                  12      0         0      
       wcslen.c.obj                  11      0         0      
       strcmp.c.obj                  10      0         0      
       fd_neg28.asm.obj              9       0         0      
       copy_decompress_none.c.obj    8       0         0      
       strlen.c.obj                  8       0         0      
       memset.c.obj                  7       0         0      
       strcpy.c.obj                  5       0         0      
       pre_init.c.obj                2       0         0      
       errno.c.obj                   0       0         1      
       startup.c.obj                 1       0         0      
    +--+-----------------------------+-------+---------+---------+
       Total:                        7742    361       705    
                                                              
       Heap:                         0       0         1024   
       Stack:                        0       0         512    
       Linker Generated:             0       69        0      
    +--+-----------------------------+-------+---------+---------+
       Grand Total:                  13416   909       2499   


LINKER GENERATED COPY TABLES

__TI_cinit_table @ 00000166 records: 2, size/record: 4, table size: 8
	.data: load addr=00000128, load size=00000033 bytes, run addr=000132c4, run size=000000ff bytes, compression=lzss
	.bss: load addr=00000162, load size=00000004 bytes, run addr=00013000, run size=000002c4 bytes, compression=zero_init


LINKER GENERATED HANDLER TABLE

__TI_handler_table @ 0000015c records: 3, size/record: 2, table size: 6
	index: 0, handler: __TI_zero_init
	index: 1, handler: __TI_decompress_lzss
	index: 2, handler: __TI_decompress_none


GLOBAL DATA SYMBOLS: SORTED BY DATA PAGE

address     data page           name
--------    ----------------    ----
00000400      10 (00000400)     __stack

0000a800     2a0 (0000a800)     _sys_memory

0000ac00     2b0 (0000ac00)     _ctypes_

00013000     4c0 (00013000)     __CIOBUF_

00013120     4c4 (00013100)     AdcBuf

0001321a     4c8 (00013200)     __TI_tmpnams

000132ba     4ca (00013280)     parmbuf

000132c4     4cb (000132c0)     _ftable

0001333c     4cc (00013300)     _device

00013384     4ce (00013380)     _stream
000133ac     4ce (00013380)     Example_Result
000133ae     4ce (00013380)     Example_PassCount
000133b0     4ce (00013380)     Example_Fail
000133b2     4ce (00013380)     __TI_enable_exit_profile_output
000133b4     4ce (00013380)     __TI_cleanup_ptr
000133b6     4ce (00013380)     __TI_dtors_ptr
000133b8     4ce (00013380)     _lock
000133ba     4ce (00013380)     _unlock
000133be     4ce (00013380)     __TI_ft_end
000133bf     4ce (00013380)     errno


GLOBAL SYMBOLS: SORTED ALPHABETICALLY BY Name 

page  address   name                                     
----  -------   ----                                     
1     0000c9fc  ADC_init                                 
1     0000e8a6  ADC_setINLTrim                           
1     0000efcc  ADC_setMode                              
1     0000ea43  ADC_setOffsetTrim                        
1     00013120  AdcBuf                                   
1     0000c976  Board_init                               
1     0000f07f  C$$EXIT                                  
1     0000e551  C$$IO$$                                  
1     0000dc6d  Device_bootCPU2                          
1     0000dc3c  Device_configureTMXAnalogTrim            
1     0000daea  Device_enableAllPeripherals              
1     0000dc26  Device_enableUnbondedGPIOPullups         
1     0000dc09  Device_enableUnbondedGPIOPullupsFor100Pin
1     0000dbf6  Device_enableUnbondedGPIOPullupsFor176Pin
1     0000dacc  Device_init                              
1     0000dbd5  Device_initGPIO                          
1     0000ca47  EPWM_init                                
1     000133b0  Example_Fail                             
1     000133ae  Example_PassCount                        
1     000133ac  Example_Result                           
1     0000ddf8  Example_done                             
1     0000ddf3  Example_setResultFail                    
1     0000ddee  Example_setResultPass                    
1     0000cc9f  GPIO_init                                
1     0000edfb  GPIO_setControllerCore                   
1     0000ef0a  GPIO_setDirectionMode                    
1     0000ebad  GPIO_setPadConfig                        
1     0000ee32  GPIO_setPinConfig                        
1     0000ee69  GPIO_setQualificationMode                
1     0000f0a8  HOSTclose                                
1     0000e9e2  HOSTlseek                                
1     0000ed50  HOSTopen                                 
1     0000edc3  HOSTread                                 
1     0000ec98  HOSTrename                               
1     0000f0f9  HOSTunlink                               
1     0000ed8a  HOSTwrite                                
1     0000ccb6  INPUTXBAR_init                           
1     0000ccc5  INTERRUPT_init                           
1     0000df4c  INT_myADCA_1_ISR                         
1     0000f2f7  Interrupt_defaultHandler                 
1     0000eea0  Interrupt_enable                         
1     0000f408  Interrupt_illegalOperationHandler        
1     0000ecd6  Interrupt_initModule                     
1     0000f1a0  Interrupt_initVectorTable                
1     0000f412  Interrupt_nmiHandler                     
1     0000c985  PinMux_init                              
1     0000ccd2  SYNC_init                                
0     00000123  SysCtl_delay                             
1     0000e915  SysCtl_getDeviceParametric               
1     0000ec50  SysCtl_selectOscSource                   
1     0000e593  SysCtl_selectXTAL                        
1     0000e000  SysCtl_setClock                          
1     00013000  __CIOBUF_                                
0     00000166  __TI_CINIT_Base                          
0     0000016e  __TI_CINIT_Limit                         
0     0000016e  __TI_CINIT_Warm                          
0     0000015c  __TI_Handler_Table_Base                  
0     00000162  __TI_Handler_Table_Limit                 
1     00000600  __TI_STACK_END                           
abs   00000200  __TI_STACK_SIZE                          
abs   00000400  __TI_SYSMEM_SIZE                         
1     0000f000  __TI_auto_init_nobinit_nopinit           
1     0000de98  __TI_cleanup                             
1     000133b4  __TI_cleanup_ptr                         
1     0000eaa3  __TI_closefile                           
1     0000ef6c  __TI_decompress_lzss                     
1     0000f449  __TI_decompress_none                     
1     0000cf88  __TI_doflush                             
1     000133b6  __TI_dtors_ptr                           
1     000133b2  __TI_enable_exit_profile_output          
1     000133be  __TI_ft_end                              
1     0000cf86  __TI_heap_check                          
1     0000cf67  __TI_heap_largest_available              
1     0000cf48  __TI_heap_total_available                
1     0000ef9c  __TI_ltoa                                
abs   ffffffff  __TI_pprof_out_hndl                      
1     0000d48f  __TI_printfi                             
abs   ffffffff  __TI_prof_data_size                      
abs   ffffffff  __TI_prof_data_start                     
1     0000e9b7  __TI_rd_ok                               
1     0000e556  __TI_readmsg                             
1     0001321a  __TI_tmpnams                             
1     0000e4fe  __TI_writemsg                            
1     0000e97d  __TI_wrt_ok                              
1     0000f3c0  __TI_zero_init_nomemset                  
1     0000e461  __c28xabi_addd                           
1     0000f299  __c28xabi_andll                          
1     0000f02b  __c28xabi_cmpd                           
1     0000f1be  __c28xabi_cmpll                          
1     0000f1d0  __c28xabi_cmpull                         
1     0000e623  __c28xabi_divd                           
1     0000e6ae  __c28xabi_divf                           
1     0000f055  __c28xabi_divl                           
1     0000e209  __c28xabi_divll                          
1     0000f072  __c28xabi_divul                          
1     0000e27f  __c28xabi_divull                         
1     0000f141  __c28xabi_dtoi                           
1     0000f181  __c28xabi_dtol                           
1     0000f1dc  __c28xabi_itod                           
1     0000f216  __c28xabi_ltod                           
1     0000f064  __c28xabi_modl                           
1     0000e245  __c28xabi_modll                          
1     0000f079  __c28xabi_modul                          
1     0000e2ae  __c28xabi_modull                         
1     0000e736  __c28xabi_mpyd                           
1     0000f438  __c28xabi_negd                           
1     0000f2a1  __c28xabi_orll                           
1     0000f398  __c28xabi_subd                           
1     0000f2a9  __c28xabi_xorll                          
n/a   UNDEFED   __c_args__                               
1     0000dde7  __error__                                
1     00000400  __stack                                  
1     0000f3da  _args_main                               
1     0000f2e0  _c_int00                                 
1     0000ac00  _ctypes_                                 
1     0001333c  _device                                  
1     000132c4  _ftable                                  
1     000133b8  _lock                                    
1     0000f437  _nop                                     
1     0000f433  _register_lock                           
1     0000f42f  _register_unlock                         
1     00013384  _stream                                  
1     0000a800  _sys_memory                              
1     0000e4fd  _system_post_cinit                       
1     0000dffe  _system_pre_init                         
1     000133ba  _unlock                                  
1     0000f07f  abort                                    
1     0000ce9a  aligned_alloc                            
1     0000ef3b  atoi                                     
1     0000ce6d  calloc                                   
1     0000eed7  close                                    
0     00000000  code_start                               
1     0000f11d  copysign                                 
1     0000f11d  copysignl                                
1     0000df1a  epwm1ISR                                 
1     000133bf  errno                                    
1     0000f081  exit                                     
1     0000eae7  fclose                                   
1     0000cfb7  fflush                                   
1     0000ebff  finddevice                               
1     0000ded3  fopen                                    
1     0000eb5a  fputc                                    
1     0000e3b9  fputs                                    
1     0000cd1b  free                                     
1     0000deb5  freopen                                  
1     0000eb00  frexp                                    
1     0000eb00  frexpl                                   
1     0000ed13  fseek                                    
1     0000ed13  fseeko                                   
1     0000ec1a  getdevice                                
1     0000d974  initEPWM                                 
1     0000e310  ldexp                                    
1     0000e310  ldexpl                                   
1     0000f2b1  lseek                                    
1     0000d913  main                                     
1     0000ccf0  malloc                                   
1     0000ce9a  memalign                                 
1     0000f36b  memccpy                                  
1     0000f3cd  memchr                                   
1     0000f1f9  memcpy                                   
1     0000f460  memset                                   
1     0000ce69  minit                                    
1     0000c9ff  myADCA_init                              
1     0000cca2  myBoardLED0_GPIO_init                    
1     0000ccbb  myINPUTXBARINPUT0_init                   
1     0000ccc0  myINPUTXBARINPUT1_init                   
1     0000e835  open                                     
1     000132ba  parmbuf                                  
1     0000dfd0  printf                                   
1     0000eb5a  putc                                     
1     0000eba8  putchar                                  
1     0000e44e  puts                                     
1     0000cde5  realloc                                  
1     0000f267  remove                                   
1     0000e310  scalbn                                   
1     0000e310  scalbnl                                  
1     0000e7b9  setvbuf                                  
1     0000f3e6  strchr                                   
1     0000f41c  strcmp                                   
1     0000cffb  strcpy                                   
1     0000f451  strlen                                   
1     0000f30d  strncpy                                  
1     0000df93  timer0ISR                                
1     0000f267  unlink                                   
1     0000f3fd  wcslen                                   
1     0000f280  write                                    


GLOBAL SYMBOLS: SORTED BY Symbol Address 

page  address   name                                     
----  -------   ----                                     
0     00000000  code_start                               
0     00000123  SysCtl_delay                             
0     0000015c  __TI_Handler_Table_Base                  
0     00000162  __TI_Handler_Table_Limit                 
0     00000166  __TI_CINIT_Base                          
0     0000016e  __TI_CINIT_Limit                         
0     0000016e  __TI_CINIT_Warm                          
1     00000400  __stack                                  
1     00000600  __TI_STACK_END                           
1     0000a800  _sys_memory                              
1     0000ac00  _ctypes_                                 
1     0000c976  Board_init                               
1     0000c985  PinMux_init                              
1     0000c9fc  ADC_init                                 
1     0000c9ff  myADCA_init                              
1     0000ca47  EPWM_init                                
1     0000cc9f  GPIO_init                                
1     0000cca2  myBoardLED0_GPIO_init                    
1     0000ccb6  INPUTXBAR_init                           
1     0000ccbb  myINPUTXBARINPUT0_init                   
1     0000ccc0  myINPUTXBARINPUT1_init                   
1     0000ccc5  INTERRUPT_init                           
1     0000ccd2  SYNC_init                                
1     0000ccf0  malloc                                   
1     0000cd1b  free                                     
1     0000cde5  realloc                                  
1     0000ce69  minit                                    
1     0000ce6d  calloc                                   
1     0000ce9a  aligned_alloc                            
1     0000ce9a  memalign                                 
1     0000cf48  __TI_heap_total_available                
1     0000cf67  __TI_heap_largest_available              
1     0000cf86  __TI_heap_check                          
1     0000cf88  __TI_doflush                             
1     0000cfb7  fflush                                   
1     0000cffb  strcpy                                   
1     0000d48f  __TI_printfi                             
1     0000d913  main                                     
1     0000d974  initEPWM                                 
1     0000dacc  Device_init                              
1     0000daea  Device_enableAllPeripherals              
1     0000dbd5  Device_initGPIO                          
1     0000dbf6  Device_enableUnbondedGPIOPullupsFor176Pin
1     0000dc09  Device_enableUnbondedGPIOPullupsFor100Pin
1     0000dc26  Device_enableUnbondedGPIOPullups         
1     0000dc3c  Device_configureTMXAnalogTrim            
1     0000dc6d  Device_bootCPU2                          
1     0000dde7  __error__                                
1     0000ddee  Example_setResultPass                    
1     0000ddf3  Example_setResultFail                    
1     0000ddf8  Example_done                             
1     0000de98  __TI_cleanup                             
1     0000deb5  freopen                                  
1     0000ded3  fopen                                    
1     0000df1a  epwm1ISR                                 
1     0000df4c  INT_myADCA_1_ISR                         
1     0000df93  timer0ISR                                
1     0000dfd0  printf                                   
1     0000dffe  _system_pre_init                         
1     0000e000  SysCtl_setClock                          
1     0000e209  __c28xabi_divll                          
1     0000e245  __c28xabi_modll                          
1     0000e27f  __c28xabi_divull                         
1     0000e2ae  __c28xabi_modull                         
1     0000e310  ldexp                                    
1     0000e310  ldexpl                                   
1     0000e310  scalbn                                   
1     0000e310  scalbnl                                  
1     0000e3b9  fputs                                    
1     0000e44e  puts                                     
1     0000e461  __c28xabi_addd                           
1     0000e4fd  _system_post_cinit                       
1     0000e4fe  __TI_writemsg                            
1     0000e551  C$$IO$$                                  
1     0000e556  __TI_readmsg                             
1     0000e593  SysCtl_selectXTAL                        
1     0000e623  __c28xabi_divd                           
1     0000e6ae  __c28xabi_divf                           
1     0000e736  __c28xabi_mpyd                           
1     0000e7b9  setvbuf                                  
1     0000e835  open                                     
1     0000e8a6  ADC_setINLTrim                           
1     0000e915  SysCtl_getDeviceParametric               
1     0000e97d  __TI_wrt_ok                              
1     0000e9b7  __TI_rd_ok                               
1     0000e9e2  HOSTlseek                                
1     0000ea43  ADC_setOffsetTrim                        
1     0000eaa3  __TI_closefile                           
1     0000eae7  fclose                                   
1     0000eb00  frexp                                    
1     0000eb00  frexpl                                   
1     0000eb5a  fputc                                    
1     0000eb5a  putc                                     
1     0000eba8  putchar                                  
1     0000ebad  GPIO_setPadConfig                        
1     0000ebff  finddevice                               
1     0000ec1a  getdevice                                
1     0000ec50  SysCtl_selectOscSource                   
1     0000ec98  HOSTrename                               
1     0000ecd6  Interrupt_initModule                     
1     0000ed13  fseek                                    
1     0000ed13  fseeko                                   
1     0000ed50  HOSTopen                                 
1     0000ed8a  HOSTwrite                                
1     0000edc3  HOSTread                                 
1     0000edfb  GPIO_setControllerCore                   
1     0000ee32  GPIO_setPinConfig                        
1     0000ee69  GPIO_setQualificationMode                
1     0000eea0  Interrupt_enable                         
1     0000eed7  close                                    
1     0000ef0a  GPIO_setDirectionMode                    
1     0000ef3b  atoi                                     
1     0000ef6c  __TI_decompress_lzss                     
1     0000ef9c  __TI_ltoa                                
1     0000efcc  ADC_setMode                              
1     0000f000  __TI_auto_init_nobinit_nopinit           
1     0000f02b  __c28xabi_cmpd                           
1     0000f055  __c28xabi_divl                           
1     0000f064  __c28xabi_modl                           
1     0000f072  __c28xabi_divul                          
1     0000f079  __c28xabi_modul                          
1     0000f07f  C$$EXIT                                  
1     0000f07f  abort                                    
1     0000f081  exit                                     
1     0000f0a8  HOSTclose                                
1     0000f0f9  HOSTunlink                               
1     0000f11d  copysign                                 
1     0000f11d  copysignl                                
1     0000f141  __c28xabi_dtoi                           
1     0000f181  __c28xabi_dtol                           
1     0000f1a0  Interrupt_initVectorTable                
1     0000f1be  __c28xabi_cmpll                          
1     0000f1d0  __c28xabi_cmpull                         
1     0000f1dc  __c28xabi_itod                           
1     0000f1f9  memcpy                                   
1     0000f216  __c28xabi_ltod                           
1     0000f267  remove                                   
1     0000f267  unlink                                   
1     0000f280  write                                    
1     0000f299  __c28xabi_andll                          
1     0000f2a1  __c28xabi_orll                           
1     0000f2a9  __c28xabi_xorll                          
1     0000f2b1  lseek                                    
1     0000f2e0  _c_int00                                 
1     0000f2f7  Interrupt_defaultHandler                 
1     0000f30d  strncpy                                  
1     0000f36b  memccpy                                  
1     0000f398  __c28xabi_subd                           
1     0000f3c0  __TI_zero_init_nomemset                  
1     0000f3cd  memchr                                   
1     0000f3da  _args_main                               
1     0000f3e6  strchr                                   
1     0000f3fd  wcslen                                   
1     0000f408  Interrupt_illegalOperationHandler        
1     0000f412  Interrupt_nmiHandler                     
1     0000f41c  strcmp                                   
1     0000f42f  _register_unlock                         
1     0000f433  _register_lock                           
1     0000f437  _nop                                     
1     0000f438  __c28xabi_negd                           
1     0000f449  __TI_decompress_none                     
1     0000f451  strlen                                   
1     0000f460  memset                                   
1     00013000  __CIOBUF_                                
1     00013120  AdcBuf                                   
1     0001321a  __TI_tmpnams                             
1     000132ba  parmbuf                                  
1     000132c4  _ftable                                  
1     0001333c  _device                                  
1     00013384  _stream                                  
1     000133ac  Example_Result                           
1     000133ae  Example_PassCount                        
1     000133b0  Example_Fail                             
1     000133b2  __TI_enable_exit_profile_output          
1     000133b4  __TI_cleanup_ptr                         
1     000133b6  __TI_dtors_ptr                           
1     000133b8  _lock                                    
1     000133ba  _unlock                                  
1     000133be  __TI_ft_end                              
1     000133bf  errno                                    
abs   00000200  __TI_STACK_SIZE                          
abs   00000400  __TI_SYSMEM_SIZE                         
abs   ffffffff  __TI_pprof_out_hndl                      
abs   ffffffff  __TI_prof_data_size                      
abs   ffffffff  __TI_prof_data_start                     
n/a   UNDEFED   __c_args__                               

[186 symbols]
