******************************************************************************
             TMS320C2000 Linker PC v22.6.2                     
******************************************************************************
>> Linked Fri Dec  5 00:14:55 2025

OUTPUT FILE NAME:   <part_2_adc_pwm.out>
ENTRY POINT SYMBOL: "code_start"  address: 00000000


MEMORY CONFIGURATION

         name            origin    length      used     unused   attr    fill
----------------------  --------  ---------  --------  --------  ----  --------
PAGE 0:
  BEGIN                 00000000   00000002  00000002  00000000  RWIX
  RAMM0                 00000123   000002dd  00000022  000002bb  RWIX
  RAMLS0                00008000   00000800  00000000  00000800  RWIX
  RAMLS1                00008800   00000800  00000000  00000800  RWIX
  RAMLS2                00009000   00000800  00000000  00000800  RWIX
  RAMLS3                00009800   00000800  00000000  00000800  RWIX
  RAMLS4                0000a000   00000800  00000000  00000800  RWIX
  RAMD0                 0000b000   00000800  00000000  00000800  RWIX
  FLASHA                00080002   00001ffe  00000000  00001ffe  RWIX
  FLASHB                00082000   00002000  00000000  00002000  RWIX
  FLASHC                00084000   00002000  00000000  00002000  RWIX
  FLASHD                00086000   00002000  00000000  00002000  RWIX
  FLASHE                00088000   00008000  00000000  00008000  RWIX
  FLASHF                00090000   00008000  00000000  00008000  RWIX
  FLASHG                00098000   00008000  00000000  00008000  RWIX
  FLASHH                000a0000   00008000  00000000  00008000  RWIX
  FLASHI                000a8000   00008000  00000000  00008000  RWIX
  FLASHJ                000b0000   00008000  00000000  00008000  RWIX
  FLASHK                000b8000   00002000  00000000  00002000  RWIX
  FLASHL                000ba000   00002000  00000000  00002000  RWIX
  FLASHM                000bc000   00002000  00000000  00002000  RWIX
  FLASHN                000be000   00001ff0  00000000  00001ff0  RWIX
  RESET                 003fffc0   00000002  00000000  00000002  RWIX

PAGE 1:
  BOOT_RSVD             00000002   00000121  00000000  00000121  RWIX
  RAMM1                 00000400   000003f8  00000200  000001f8  RWIX
  RAMLS5                0000a800   00000800  0000023d  000005c3  RWIX
  RAMD1                 0000b800   00000800  00000000  00000800  RWIX
  RAMGS0                0000c000   00001000  00001000  00000000  RWIX
  RAMGS1                0000d000   00001000  000000ab  00000f55  RWIX
  RAMGS2                0000e000   00001000  00000000  00001000  RWIX
  RAMGS3                0000f000   00001000  00000000  00001000  RWIX
  RAMGS4                00010000   00001000  00000000  00001000  RWIX
  RAMGS5                00011000   00001000  00000000  00001000  RWIX
  RAMGS6                00012000   00001000  00000000  00001000  RWIX
  RAMGS7                00013000   00001000  00000304  00000cfc  RWIX
  RAMGS8                00014000   00001000  00000000  00001000  RWIX
  RAMGS9                00015000   00001000  00000000  00001000  RWIX
  RAMGS10               00016000   00001000  00000000  00001000  RWIX
  RAMGS11               00017000   00001000  00000000  00001000  RWIX
  RAMGS12               00018000   00001000  00000000  00001000  RWIX
  RAMGS13               00019000   00001000  00000000  00001000  RWIX
  RAMGS14               0001a000   00001000  00000000  00001000  RWIX
  RAMGS15               0001b000   00000ff8  00000000  00000ff8  RWIX
  CPU2TOCPU1RAM         0003f800   00000400  00000000  00000400  RWIX
  CPU1TOCPU2RAM         0003fc00   00000400  00000000  00000400  RWIX
  CANA_MSG_RAM          00049000   00000800  00000000  00000800  RWIX
  CANB_MSG_RAM          0004b000   00000800  00000000  00000800  RWIX


SECTION ALLOCATION MAP

 output                                  attributes/
section   page    origin      length       input sections
--------  ----  ----------  ----------   ----------------
codestart 
*          0    00000000    00000002     
                  00000000    00000002     F2837xD_CodeStartBranch.obj (codestart)

.cinit     0    00000128    0000001e     
                  00000128    0000000b     (.cinit..data.load) [load image, compression = lzss]
                  00000133    00000001     --HOLE-- [fill = 0]
                  00000134    00000006     (__TI_handler_table)
                  0000013a    00000004     (.cinit..bss.load) [load image, compression = zero_init]
                  0000013e    00000008     (__TI_cinit_table)

.reset     0    003fffc0    00000000     DSECT

.stack     1    00000400    00000200     UNINITIALIZED
                  00000400    00000200     --HOLE--

.init_array 
*          0    00000123    00000000     UNINITIALIZED

.TI.ramfunc 
*          0    00000123    00000004     
                  00000123    00000004     driverlib_eabi.lib : sysctl.obj (.TI.ramfunc)

GETBUFFER 
*          0    0003f800    00000000     DSECT

GETWRITEIDX 
*          0    0003f800    00000000     DSECT

PUTREADIDX 
*          0    0003f800    00000000     DSECT

.const     1    0000a800    0000023d     
                  0000a800    000000c2     driverlib_eabi.lib : sysctl.obj (.const:.string)
                  0000a8c2    000000bc                        : gpio.obj (.const:.string)
                  0000a97e    00000062                        : cputimer.obj (.const:.string)
                  0000a9e0    0000005d                        : adc.obj (.const:.string)

.text.1    1    0000c000    00001000     
                  0000c000    000003db     device.obj (.text)
                  0000c3db    000002f7     main.obj (.text)
                  0000c6d2    00000209     driverlib_eabi.lib : sysctl.obj (.text:SysCtl_setClock)
                  0000c8db    00000091     Myboard.obj (.text)
                  0000c96c    00000090     driverlib_eabi.lib : sysctl.obj (.text:SysCtl_selectXTAL)
                  0000c9fc    00000088     rts2800_fpu32_eabi.lib : fs_div28.asm.obj (.text)
                  0000ca84    0000006f     driverlib_eabi.lib : adc.obj (.text:ADC_setINLTrim)
                  0000caf3    00000068                        : sysctl.obj (.text:SysCtl_getDeviceParametric)
                  0000cb5b    00000060                        : adc.obj (.text:ADC_setOffsetTrim)
                  0000cbbb    00000052                        : gpio.obj (.text:GPIO_setPadConfig)
                  0000cc0d    00000052     main.obj (.text:retain)
                  0000cc5f    00000048     driverlib_eabi.lib : sysctl.obj (.text:SysCtl_selectOscSource)
                  0000cca7    0000003d                        : interrupt.obj (.text:Interrupt_initModule)
                  0000cce4    00000037                        : gpio.obj (.text:GPIO_setControllerCore)
                  0000cd1b    00000037                        : gpio.obj (.text:GPIO_setPinConfig)
                  0000cd52    00000037                        : gpio.obj (.text:GPIO_setQualificationMode)
                  0000cd89    00000037                        : interrupt.obj (.text:Interrupt_enable)
                  0000cdc0    00000031                        : gpio.obj (.text:GPIO_setDirectionMode)
                  0000cdf1    0000002f                        : adc.obj (.text:ADC_setMode)
                  0000ce20    0000002e     rts2800_fpu32_eabi.lib : copy_decompress_lzss.c.obj (.text:decompress:lzss)
                  0000ce4e    0000002b                            : autoinit.c.obj (.text:__TI_auto_init_nobinit_nopinit)
                  0000ce79    00000029                            : exit.c.obj (.text)
                  0000cea2    00000028     driverlib_eabi.lib : sysctl.obj (.text:CPUTimer_selectClockSource)
                  0000ceca    0000001f                        : sysctl.obj (.text:CPUTimer_getTimerOverflowStatus)
                  0000cee9    0000001e                        : interrupt.obj (.text:Interrupt_initVectorTable)
                  0000cf07    0000001d     rts2800_fpu32_eabi.lib : memcpy.c.obj (.text)
                  0000cf24    0000001b     driverlib_eabi.lib : adc.obj (.text:ADC_isBaseValid)
                  0000cf3f    0000001a                        : sysctl.obj (.text:CPUTimer_startTimer)
                  0000cf59    00000017                        : cputimer.obj (.text:CPUTimer_isBaseValid)
                  0000cf70    00000017                        : sysctl.obj (.text:CPUTimer_isBaseValid)
                  0000cf87    00000017     rts2800_fpu32_eabi.lib : boot28.asm.obj (.text)
                  0000cf9e    00000016     driverlib_eabi.lib : interrupt.obj (.text:Interrupt_defaultHandler)
                  0000cfb4    00000014                        : sysctl.obj (.text:CPUTimer_stopTimer)
                  0000cfc8    00000013                        : cputimer.obj (.text:CPUTimer_setEmulationMode)
                  0000cfdb    00000012                        : sysctl.obj (.text:CPUTimer_clearOverflowFlag)
                  0000cfed    00000012                        : sysctl.obj (.text:CPUTimer_disableInterrupt)
                  0000cfff    00000001     rts2800_fpu32_eabi.lib : startup.c.obj (.text)

.text.2    1    0000d000    000000ab     
                  0000d000    00000011     driverlib_eabi.lib : sysctl.obj (.text:CPUTimer_setPeriod)
                  0000d011    0000000f                        : sysctl.obj (.text:SysCtl_pollCpuTimer)
                  0000d020    0000000e                        : gpio.obj (.text:GPIO_isPinValid)
                  0000d02e    0000000d                        : interrupt.obj (.text:Interrupt_disableGlobal)
                  0000d03b    0000000d                        : interrupt.obj (.text:Interrupt_enableGlobal)
                  0000d048    0000000d     rts2800_fpu32_eabi.lib : copy_zero_init.c.obj (.text:decompress:ZI:__TI_zero_init_nomemset)
                  0000d055    0000000c                            : args_main.c.obj (.text)
                  0000d061    0000000b     driverlib_eabi.lib : sysctl.obj (.text:SysCtl_isMCDClockFailureDetected)
                  0000d06c    0000000a                        : interrupt.obj (.text:Interrupt_illegalOperationHandler)
                  0000d076    0000000a                        : interrupt.obj (.text:Interrupt_nmiHandler)
                  0000d080    00000009                        : sysctl.obj (.text:SysCtl_serviceWatchdog)
                  0000d089    00000009     rts2800_fpu32_eabi.lib : _lock.c.obj (.text)
                  0000d092    00000008     F2837xD_CodeStartBranch.obj (.text)
                  0000d09a    00000008     rts2800_fpu32_eabi.lib : copy_decompress_none.c.obj (.text:decompress:none)
                  0000d0a2    00000007     driverlib_eabi.lib : sysctl.obj (.text:SysCtl_resetMCD)
                  0000d0a9    00000002     rts2800_fpu32_eabi.lib : pre_init.c.obj (.text)

.bss       1    00013000    000002ee     UNINITIALIZED
                  00013000    000001f4     main.obj (.bss:measuredVals)
                  000131f4    000000fa     main.obj (.bss:rawData)

.data      1    000132ee    00000016     UNINITIALIZED
                  000132ee    00000006     device.obj (.data)
                  000132f4    00000006     main.obj (.data)
                  000132fa    00000006     rts2800_fpu32_eabi.lib : exit.c.obj (.data)
                  00013300    00000002                            : _lock.c.obj (.data:_lock)
                  00013302    00000002                            : _lock.c.obj (.data:_unlock)

MODULE SUMMARY

       Module                        code   ro data   rw data
       ------                        ----   -------   -------
    .\
       main.obj                      841    0         756    
       Myboard.obj                   145    0         0      
    +--+-----------------------------+------+---------+---------+
       Total:                        986    0         756    
                                                             
    .\device\
       device.obj                    987    0         6      
       F2837xD_CodeStartBranch.obj   10     0         0      
    +--+-----------------------------+------+---------+---------+
       Total:                        997    0         6      
                                                             
    C:\ti\C2000Ware_6_00_00_00\driverlib\f2837xd\driverlib\ccs\Debug\driverlib_eabi.lib
       sysctl.obj                    1080   194       0      
       gpio.obj                      310    188       0      
       adc.obj                       281    93        0      
       interrupt.obj                 214    0         0      
       cputimer.obj                  42     98        0      
    +--+-----------------------------+------+---------+---------+
       Total:                        1927   573       0      
                                                             
    C:\ti\ccs2030\ccs\tools\compiler\ti-cgt-c2000_22.6.2.LTS\lib\rts2800_fpu32_eabi.lib
       fs_div28.asm.obj              136    0         0      
       exit.c.obj                    41     0         6      
       copy_decompress_lzss.c.obj    46     0         0      
       autoinit.c.obj                43     0         0      
       memcpy.c.obj                  29     0         0      
       boot28.asm.obj                23     0         0      
       _lock.c.obj                   9      0         4      
       copy_zero_init.c.obj          13     0         0      
       args_main.c.obj               12     0         0      
       copy_decompress_none.c.obj    8      0         0      
       pre_init.c.obj                2      0         0      
       startup.c.obj                 1      0         0      
    +--+-----------------------------+------+---------+---------+
       Total:                        363    0         10     
                                                             
       Stack:                        0      0         512    
       Linker Generated:             0      29        0      
    +--+-----------------------------+------+---------+---------+
       Grand Total:                  4273   602       1284   


LINKER GENERATED COPY TABLES

__TI_cinit_table @ 0000013e records: 2, size/record: 4, table size: 8
	.data: load addr=00000128, load size=0000000b bytes, run addr=000132ee, run size=00000016 bytes, compression=lzss
	.bss: load addr=0000013a, load size=00000004 bytes, run addr=00013000, run size=000002ee bytes, compression=zero_init


LINKER GENERATED HANDLER TABLE

__TI_handler_table @ 00000134 records: 3, size/record: 2, table size: 6
	index: 0, handler: __TI_zero_init
	index: 1, handler: __TI_decompress_lzss
	index: 2, handler: __TI_decompress_none


GLOBAL DATA SYMBOLS: SORTED BY DATA PAGE

address     data page           name
--------    ----------------    ----
00000400      10 (00000400)     __stack

00013000     4c0 (00013000)     measuredVals

000131f4     4c7 (000131c0)     rawData

000132ee     4cb (000132c0)     Example_Result
000132f0     4cb (000132c0)     Example_PassCount
000132f2     4cb (000132c0)     Example_Fail
000132f4     4cb (000132c0)     adcBufferIndex
000132f6     4cb (000132c0)     sysClockFreq
000132fa     4cb (000132c0)     __TI_enable_exit_profile_output
000132fc     4cb (000132c0)     __TI_cleanup_ptr
000132fe     4cb (000132c0)     __TI_dtors_ptr

00013300     4cc (00013300)     _lock
00013302     4cc (00013300)     _unlock


GLOBAL SYMBOLS: SORTED ALPHABETICALLY BY Name 

page  address   name                                     
----  -------   ----                                     
1     0000ca84  ADC_setINLTrim                           
1     0000cdf1  ADC_setMode                              
1     0000cb5b  ADC_setOffsetTrim                        
1     0000ce79  C$$EXIT                                  
1     0000cfc8  CPUTimer_setEmulationMode                
1     0000c24f  Device_bootCPU2                          
1     0000c21e  Device_configureTMXAnalogTrim            
1     0000c0cc  Device_enableAllPeripherals              
1     0000c208  Device_enableUnbondedGPIOPullups         
1     0000c1eb  Device_enableUnbondedGPIOPullupsFor100Pin
1     0000c1d8  Device_enableUnbondedGPIOPullupsFor176Pin
1     0000c0ae  Device_init                              
1     0000c1b7  Device_initGPIO                          
1     000132f2  Example_Fail                             
1     000132f0  Example_PassCount                        
1     000132ee  Example_Result                           
1     0000c3da  Example_done                             
1     0000c3d5  Example_setResultFail                    
1     0000c3d0  Example_setResultPass                    
1     0000cce4  GPIO_setControllerCore                   
1     0000cdc0  GPIO_setDirectionMode                    
1     0000cbbb  GPIO_setPadConfig                        
1     0000cd1b  GPIO_setPinConfig                        
1     0000cd52  GPIO_setQualificationMode                
1     0000cf9e  Interrupt_defaultHandler                 
1     0000cd89  Interrupt_enable                         
1     0000d06c  Interrupt_illegalOperationHandler        
1     0000cca7  Interrupt_initModule                     
1     0000cee9  Interrupt_initVectorTable                
1     0000d076  Interrupt_nmiHandler                     
1     0000c917  PinMux_init                              
1     0000c93a  SYNC_init                                
0     00000123  SysCtl_delay                             
1     0000caf3  SysCtl_getDeviceParametric               
1     0000cc5f  SysCtl_selectOscSource                   
1     0000c96c  SysCtl_selectXTAL                        
1     0000c6d2  SysCtl_setClock                          
0     0000013e  __TI_CINIT_Base                          
0     00000146  __TI_CINIT_Limit                         
0     00000146  __TI_CINIT_Warm                          
0     00000134  __TI_Handler_Table_Base                  
0     0000013a  __TI_Handler_Table_Limit                 
1     00000600  __TI_STACK_END                           
abs   00000200  __TI_STACK_SIZE                          
1     0000ce4e  __TI_auto_init_nobinit_nopinit           
1     000132fc  __TI_cleanup_ptr                         
1     0000ce20  __TI_decompress_lzss                     
1     0000d09a  __TI_decompress_none                     
1     000132fe  __TI_dtors_ptr                           
1     000132fa  __TI_enable_exit_profile_output          
abs   ffffffff  __TI_pprof_out_hndl                      
abs   ffffffff  __TI_prof_data_size                      
abs   ffffffff  __TI_prof_data_start                     
1     0000d048  __TI_zero_init_nomemset                  
1     0000c9fc  __c28xabi_divf                           
n/a   UNDEFED   __c_args__                               
1     0000c3c9  __error__                                
1     00000400  __stack                                  
1     0000d055  _args_main                               
1     0000cf87  _c_int00                                 
1     00013300  _lock                                    
1     0000d091  _nop                                     
1     0000d08d  _register_lock                           
1     0000d089  _register_unlock                         
1     0000cfff  _system_post_cinit                       
1     0000d0a9  _system_pre_init                         
1     00013302  _unlock                                  
1     0000ce79  abort                                    
1     0000cc0d  adcA1ISR                                 
1     000132f4  adcBufferIndex                           
0     00000000  code_start                               
1     0000c646  configCPUTimer                           
1     0000c66b  configureADC                             
1     0000c685  configureADCSOC                          
1     0000ce7b  exit                                     
1     0000c62f  initCPUTimers                            
1     0000c6a1  initEPWM                                 
1     0000c5c5  main                                     
1     00013000  measuredVals                             
1     0000cf07  memcpy                                   
1     0000c958  myBoardLED0_GPIO_init                    
1     000131f4  rawData                                  
1     000132f6  sysClockFreq                             


GLOBAL SYMBOLS: SORTED BY Symbol Address 

page  address   name                                     
----  -------   ----                                     
0     00000000  code_start                               
0     00000123  SysCtl_delay                             
0     00000134  __TI_Handler_Table_Base                  
0     0000013a  __TI_Handler_Table_Limit                 
0     0000013e  __TI_CINIT_Base                          
0     00000146  __TI_CINIT_Limit                         
0     00000146  __TI_CINIT_Warm                          
1     00000400  __stack                                  
1     00000600  __TI_STACK_END                           
1     0000c0ae  Device_init                              
1     0000c0cc  Device_enableAllPeripherals              
1     0000c1b7  Device_initGPIO                          
1     0000c1d8  Device_enableUnbondedGPIOPullupsFor176Pin
1     0000c1eb  Device_enableUnbondedGPIOPullupsFor100Pin
1     0000c208  Device_enableUnbondedGPIOPullups         
1     0000c21e  Device_configureTMXAnalogTrim            
1     0000c24f  Device_bootCPU2                          
1     0000c3c9  __error__                                
1     0000c3d0  Example_setResultPass                    
1     0000c3d5  Example_setResultFail                    
1     0000c3da  Example_done                             
1     0000c5c5  main                                     
1     0000c62f  initCPUTimers                            
1     0000c646  configCPUTimer                           
1     0000c66b  configureADC                             
1     0000c685  configureADCSOC                          
1     0000c6a1  initEPWM                                 
1     0000c6d2  SysCtl_setClock                          
1     0000c917  PinMux_init                              
1     0000c93a  SYNC_init                                
1     0000c958  myBoardLED0_GPIO_init                    
1     0000c96c  SysCtl_selectXTAL                        
1     0000c9fc  __c28xabi_divf                           
1     0000ca84  ADC_setINLTrim                           
1     0000caf3  SysCtl_getDeviceParametric               
1     0000cb5b  ADC_setOffsetTrim                        
1     0000cbbb  GPIO_setPadConfig                        
1     0000cc0d  adcA1ISR                                 
1     0000cc5f  SysCtl_selectOscSource                   
1     0000cca7  Interrupt_initModule                     
1     0000cce4  GPIO_setControllerCore                   
1     0000cd1b  GPIO_setPinConfig                        
1     0000cd52  GPIO_setQualificationMode                
1     0000cd89  Interrupt_enable                         
1     0000cdc0  GPIO_setDirectionMode                    
1     0000cdf1  ADC_setMode                              
1     0000ce20  __TI_decompress_lzss                     
1     0000ce4e  __TI_auto_init_nobinit_nopinit           
1     0000ce79  C$$EXIT                                  
1     0000ce79  abort                                    
1     0000ce7b  exit                                     
1     0000cee9  Interrupt_initVectorTable                
1     0000cf07  memcpy                                   
1     0000cf87  _c_int00                                 
1     0000cf9e  Interrupt_defaultHandler                 
1     0000cfc8  CPUTimer_setEmulationMode                
1     0000cfff  _system_post_cinit                       
1     0000d048  __TI_zero_init_nomemset                  
1     0000d055  _args_main                               
1     0000d06c  Interrupt_illegalOperationHandler        
1     0000d076  Interrupt_nmiHandler                     
1     0000d089  _register_unlock                         
1     0000d08d  _register_lock                           
1     0000d091  _nop                                     
1     0000d09a  __TI_decompress_none                     
1     0000d0a9  _system_pre_init                         
1     00013000  measuredVals                             
1     000131f4  rawData                                  
1     000132ee  Example_Result                           
1     000132f0  Example_PassCount                        
1     000132f2  Example_Fail                             
1     000132f4  adcBufferIndex                           
1     000132f6  sysClockFreq                             
1     000132fa  __TI_enable_exit_profile_output          
1     000132fc  __TI_cleanup_ptr                         
1     000132fe  __TI_dtors_ptr                           
1     00013300  _lock                                    
1     00013302  _unlock                                  
abs   00000200  __TI_STACK_SIZE                          
abs   ffffffff  __TI_pprof_out_hndl                      
abs   ffffffff  __TI_prof_data_size                      
abs   ffffffff  __TI_prof_data_start                     
n/a   UNDEFED   __c_args__                               

[83 symbols]
