******************************************************************************
             TMS320C2000 Linker PC v22.6.0                     
******************************************************************************
>> Linked Wed Nov 27 11:31:00 2024

OUTPUT FILE NAME:   <DMA_PINGPONG_01.out>
ENTRY POINT SYMBOL: "code_start"  address: 00000000


MEMORY CONFIGURATION

         name            origin    length      used     unused   attr    fill
----------------------  --------  ---------  --------  --------  ----  --------
PAGE 0:
  BEGIN                 00000000   00000002  00000002  00000000  RWIX
  RAMM0                 00000123   000002dd  0000003c  000002a1  RWIX
  RAMLS0                00008000   00000800  00000800  00000000  RWIX
  RAMLS1                00008800   00000800  00000800  00000000  RWIX
  RAMLS2                00009000   00000800  000005c6  0000023a  RWIX
  RAMLS3                00009800   00000800  00000000  00000800  RWIX
  RAMLS4                0000a000   00000800  00000000  00000800  RWIX
  RAMD0                 0000b000   00000800  000007fe  00000002  RWIX
  FLASHA                00080002   00001ffe  00000000  00001ffe  RWIX
  FLASHB                00082000   00002000  00000000  00002000  RWIX
  FLASHC                00084000   00002000  00000000  00002000  RWIX
  FLASHD                00086000   00002000  00000000  00002000  RWIX
  FLASHE                00088000   00008000  00000000  00008000  RWIX
  FLASHF                00090000   00008000  00000000  00008000  RWIX
  FLASHG                00098000   00008000  00000000  00008000  RWIX
  FLASHH                000a0000   00008000  00000000  00008000  RWIX
  FLASHI                000a8000   00008000  00000000  00008000  RWIX
  FLASHJ                000b0000   00008000  00000000  00008000  RWIX
  FLASHK                000b8000   00002000  00000000  00002000  RWIX
  FLASHL                000ba000   00002000  00000000  00002000  RWIX
  FLASHM                000bc000   00002000  00000000  00002000  RWIX
  FLASHN                000be000   00001ff0  00000000  00001ff0  RWIX
  RESET                 003fffc0   00000002  00000000  00000002  RWIX

PAGE 1:
  BOOT_RSVD             00000002   00000121  00000000  00000121  RWIX
  RAMM1                 00000400   000003f8  00000100  000002f8  RWIX
  RAMLS5                0000a800   00000800  00000447  000003b9  RWIX
  RAMD1                 0000b800   00000800  00000000  00000800  RWIX
  RAMGS0                0000c000   00001000  00000390  00000c70  RWIX
  RAMGS1                0000d000   00001000  00000390  00000c70  RWIX
  RAMGS2                0000e000   00001000  00000000  00001000  RWIX
  RAMGS3                0000f000   00001000  00000000  00001000  RWIX
  RAMGS4                00010000   00001000  00000000  00001000  RWIX
  RAMGS5                00011000   00001000  00000000  00001000  RWIX
  RAMGS6                00012000   00001000  00000000  00001000  RWIX
  RAMGS7                00013000   00001000  00000000  00001000  RWIX
  RAMGS8                00014000   00001000  00000000  00001000  RWIX
  RAMGS9                00015000   00001000  00000000  00001000  RWIX
  RAMGS10               00016000   00001000  00000000  00001000  RWIX
  RAMGS11               00017000   00001000  00000000  00001000  RWIX
  RAMGS12               00018000   00001000  00000000  00001000  RWIX
  RAMGS13               00019000   00001000  00000000  00001000  RWIX
  RAMGS14               0001a000   00001000  00000000  00001000  RWIX
  RAMGS15               0001b000   00000ff8  00000000  00000ff8  RWIX
  CPU2TOCPU1RAM         0003f800   00000400  00000000  00000400  RWIX
  CPU1TOCPU2RAM         0003fc00   00000400  00000000  00000400  RWIX
  CANA_MSG_RAM          00049000   00000800  00000000  00000800  RWIX
  CANB_MSG_RAM          0004b000   00000800  00000000  00000800  RWIX


SECTION ALLOCATION MAP

 output                                  attributes/
section   page    origin      length       input sections
--------  ----  ----------  ----------   ----------------
codestart 
*          0    00000000    00000002     
                  00000000    00000002     F2837xD_CodeStartBranch.obj (codestart)

.cinit     0    00000128    00000038     
                  00000128    00000015     (.cinit..data.load) [load image, compression = lzss]
                  0000013d    00000001     --HOLE-- [fill = 0]
                  0000013e    00000006     (__TI_handler_table)
                  00000144    00000004     (.cinit..bss.load) [load image, compression = zero_init]
                  00000148    00000004     (.cinit.ramgs0.load) [load image, compression = zero_init]
                  0000014c    00000004     (.cinit.ramgs1.load) [load image, compression = zero_init]
                  00000150    00000010     (__TI_cinit_table)

.reset     0    003fffc0    00000000     DSECT

.stack     1    00000400    00000100     UNINITIALIZED
                  00000400    00000100     --HOLE--

.bss       1    0000ac40    00000008     UNINITIALIZED
                  0000ac40    00000008     dma_ex1_gsram_transfer.obj (.bss)

.init_array 
*          0    00000123    00000000     UNINITIALIZED

.TI.ramfunc 
*          0    00000123    00000004     
                  00000123    00000004     driverlib_eabi.lib : sysctl.obj (.TI.ramfunc)

.const     1    0000a800    00000421     
                  0000a800    000000c2     driverlib_eabi.lib : sysctl.obj (.const:.string)
                  0000a8c2    000000bc     dma_ex1_gsram_transfer.obj (.const:.string)
                  0000a97e    000000bc     driverlib_eabi.lib : gpio.obj (.const:.string)
                  0000aa3a    000000bb                        : dma.obj (.const:.string)
                  0000aaf5    00000001     --HOLE-- [fill = 0]
                  0000aaf6    000000ba     board.obj (.const:.string)
                  0000abb0    0000005d     driverlib_eabi.lib : adc.obj (.const:.string)
                  0000ac0d    00000001     --HOLE-- [fill = 0]
                  0000ac0e    00000013     device.obj (.const:.string)

.data      1    0000ac22    0000001e     UNINITIALIZED
                  0000ac22    0000000e     dma_ex1_gsram_transfer.obj (.data)
                  0000ac30    00000006     device.obj (.data)
                  0000ac36    00000006     rts2800_fpu32_eabi.lib : exit.c.obj (.data)
                  0000ac3c    00000002                            : _lock.c.obj (.data:_lock)
                  0000ac3e    00000002                            : _lock.c.obj (.data:_unlock)

ramgs0     1    0000c000    00000390     UNINITIALIZED
                  0000c000    00000390     dma_ex1_gsram_transfer.obj (ramgs0)

ramgs1     1    0000d000    00000390     UNINITIALIZED
                  0000d000    00000390     dma_ex1_gsram_transfer.obj (ramgs1)

GETBUFFER 
*          0    0003f800    00000000     DSECT

GETWRITEIDX 
*          0    0003f800    00000000     DSECT

PUTREADIDX 
*          0    0003f800    00000000     DSECT

.text.1    0    00008000    00000800     
                  00008000    0000064b     dma_ex1_gsram_transfer.obj (.text)
                  0000864b    000000b9     dma_ex1_gsram_transfer.obj (.text:retain)
                  00008704    0000009d     driverlib_eabi.lib : dma.obj (.text:DMA_configMode)
                  000087a1    00000052                        : gpio.obj (.text:GPIO_setPadConfig)
                  000087f3    0000000d                        : interrupt.obj (.text:Interrupt_disableGlobal)

.text.2    0    00008800    00000800     
                  00008800    000003ff     device.obj (.text)
                  00008bff    00000209     driverlib_eabi.lib : sysctl.obj (.text:SysCtl_setClock)
                  00008e08    00000090                        : sysctl.obj (.text:SysCtl_selectXTAL)
                  00008e98    00000088     rts2800_fpu32_eabi.lib : fs_div28.asm.obj (.text)
                  00008f20    0000006f     driverlib_eabi.lib : adc.obj (.text:ADC_setINLTrim)
                  00008f8f    00000068                        : sysctl.obj (.text:SysCtl_getDeviceParametric)
                  00008ff7    00000009                        : sysctl.obj (.text:SysCtl_serviceWatchdog)

.text.3    0    00009000    000005c6     
                  00009000    00000060     driverlib_eabi.lib : adc.obj (.text:ADC_setOffsetTrim)
                  00009060    00000051                        : sysctl.obj (.text:SysCtl_getClock)
                  000090b1    00000048                        : sysctl.obj (.text:SysCtl_selectOscSource)
                  000090f9    00000046                        : dma.obj (.text:DMA_configWrap)
                  0000913f    0000003c                        : dma.obj (.text:DMA_configTransfer)
                  0000917b    00000037                        : dma.obj (.text:DMA_configBurst)
                  000091b2    00000037                        : gpio.obj (.text:GPIO_setControllerCore)
                  000091e9    00000037                        : gpio.obj (.text:GPIO_setPinConfig)
                  00009220    00000037                        : gpio.obj (.text:GPIO_setQualificationMode)
                  00009257    00000037                        : interrupt.obj (.text:Interrupt_enable)
                  0000928e    00000031                        : gpio.obj (.text:GPIO_setDirectionMode)
                  000092bf    0000002f                        : adc.obj (.text:ADC_setMode)
                  000092ee    0000002e                        : xbar.obj (.text:XBAR_setOutputMuxConfig)
                  0000931c    0000002e     rts2800_fpu32_eabi.lib : copy_decompress_lzss.c.obj (.text:decompress:lzss)
                  0000934a    0000002b                            : autoinit.c.obj (.text:__TI_auto_init_nobinit_nopinit)
                  00009375    00000029                            : exit.c.obj (.text)
                  0000939e    00000028     driverlib_eabi.lib : sysctl.obj (.text:CPUTimer_selectClockSource)
                  000093c6    00000025                        : dma.obj (.text:DMA_configAddresses)
                  000093eb    00000023                        : dma.obj (.text:DMA_isBaseValid)
                  0000940e    0000001f                        : sysctl.obj (.text:CPUTimer_getTimerOverflowStatus)
                  0000942d    0000001e                        : interrupt.obj (.text:Interrupt_initVectorTable)
                  0000944b    0000001d     rts2800_fpu32_eabi.lib : memcpy.c.obj (.text)
                  00009468    0000001b     driverlib_eabi.lib : adc.obj (.text:ADC_isBaseValid)
                  00009483    0000001a                        : sysctl.obj (.text:CPUTimer_startTimer)
                  0000949d    0000001a                        : sysctl.obj (.text:SysCtl_getLowSpeedClock)
                  000094b7    00000017                        : sysctl.obj (.text:CPUTimer_isBaseValid)
                  000094ce    00000017     rts2800_fpu32_eabi.lib : boot28.asm.obj (.text)
                  000094e5    00000016     driverlib_eabi.lib : interrupt.obj (.text:Interrupt_defaultHandler)
                  000094fb    00000014                        : sysctl.obj (.text:CPUTimer_stopTimer)
                  0000950f    00000012                        : sysctl.obj (.text:CPUTimer_clearOverflowFlag)
                  00009521    00000012                        : sysctl.obj (.text:CPUTimer_disableInterrupt)
                  00009533    00000011                        : sysctl.obj (.text:CPUTimer_setPeriod)
                  00009544    0000000f                        : sysctl.obj (.text:SysCtl_pollCpuTimer)
                  00009553    0000000e                        : gpio.obj (.text:GPIO_isPinValid)
                  00009561    0000000d                        : interrupt.obj (.text:Interrupt_enableGlobal)
                  0000956e    0000000c     rts2800_fpu32_eabi.lib : args_main.c.obj (.text)
                  0000957a    0000000b     driverlib_eabi.lib : sysctl.obj (.text:SysCtl_isMCDClockFailureDetected)
                  00009585    0000000a                        : interrupt.obj (.text:Interrupt_illegalOperationHandler)
                  0000958f    0000000a                        : interrupt.obj (.text:Interrupt_nmiHandler)
                  00009599    00000009     rts2800_fpu32_eabi.lib : _lock.c.obj (.text)
                  000095a2    00000008     F2837xD_CodeStartBranch.obj (.text)
                  000095aa    00000008     rts2800_fpu32_eabi.lib : copy_decompress_none.c.obj (.text:decompress:none)
                  000095b2    00000007     driverlib_eabi.lib : sysctl.obj (.text:SysCtl_resetMCD)
                  000095b9    00000007     rts2800_fpu32_eabi.lib : memset.c.obj (.text)
                  000095c0    00000006                            : copy_zero_init.c.obj (.text:decompress:ZI)

.text.4    0    0000b000    000007fe     
                  0000b000    000007be     board.obj (.text)
                  0000b7be    0000003d     driverlib_eabi.lib : interrupt.obj (.text:Interrupt_initModule)
                  0000b7fb    00000002     rts2800_fpu32_eabi.lib : pre_init.c.obj (.text)
                  0000b7fd    00000001                            : startup.c.obj (.text)

MODULE SUMMARY

       Module                        code   ro data   rw data
       ------                        ----   -------   -------
    .\
       dma_ex1_gsram_transfer.obj    1796   188       1846   
       board.obj                     1982   186       0      
    +--+-----------------------------+------+---------+---------+
       Total:                        3778   374       1846   
                                                             
    .\device\
       device.obj                    1023   19        6      
       F2837xD_CodeStartBranch.obj   10     0         0      
    +--+-----------------------------+------+---------+---------+
       Total:                        1033   19        6      
                                                             
    C:\ti\C2000Ware_5_03_00_00\driverlib\f2837xd\driverlib\ccs\Debug\driverlib_eabi.lib
       sysctl.obj                    1187   194       0      
       dma.obj                       414    187       0      
       gpio.obj                      310    188       0      
       adc.obj                       281    93        0      
       interrupt.obj                 214    0         0      
       xbar.obj                      46     0         0      
    +--+-----------------------------+------+---------+---------+
       Total:                        2452   662       0      
                                                             
    C:\ti\ccs1210\ccs\tools\compiler\ti-cgt-c2000_22.6.0.LTS\lib\rts2800_fpu32_eabi.lib
       fs_div28.asm.obj              136    0         0      
       exit.c.obj                    41     0         6      
       copy_decompress_lzss.c.obj    46     0         0      
       autoinit.c.obj                43     0         0      
       memcpy.c.obj                  29     0         0      
       boot28.asm.obj                23     0         0      
       _lock.c.obj                   9      0         4      
       args_main.c.obj               12     0         0      
       copy_decompress_none.c.obj    8      0         0      
       memset.c.obj                  7      0         0      
       copy_zero_init.c.obj          6      0         0      
       pre_init.c.obj                2      0         0      
       startup.c.obj                 1      0         0      
    +--+-----------------------------+------+---------+---------+
       Total:                        363    0         10     
                                                             
       Stack:                        0      0         256    
       Linker Generated:             0      55        0      
    +--+-----------------------------+------+---------+---------+
       Grand Total:                  7626   1110      2118   


LINKER GENERATED COPY TABLES

__TI_cinit_table @ 00000150 records: 4, size/record: 4, table size: 16
	.data: load addr=00000128, load size=00000015 bytes, run addr=0000ac22, run size=0000001e bytes, compression=lzss
	.bss: load addr=00000144, load size=00000004 bytes, run addr=0000ac40, run size=00000008 bytes, compression=zero_init
	ramgs0: load addr=00000148, load size=00000004 bytes, run addr=0000c000, run size=00000390 bytes, compression=zero_init
	ramgs1: load addr=0000014c, load size=00000004 bytes, run addr=0000d000, run size=00000390 bytes, compression=zero_init


LINKER GENERATED HANDLER TABLE

__TI_handler_table @ 0000013e records: 3, size/record: 2, table size: 6
	index: 0, handler: __TI_zero_init
	index: 1, handler: __TI_decompress_lzss
	index: 2, handler: __TI_decompress_none


GLOBAL DATA SYMBOLS: SORTED BY DATA PAGE

address     data page           name
--------    ----------------    ----
00000400      10 (00000400)     __stack

0000ac22     2b0 (0000ac00)     DEBUG_TOGGLE
0000ac23     2b0 (0000ac00)     SINE_ENABLE
0000ac24     2b0 (0000ac00)     src_step
0000ac25     2b0 (0000ac00)     dst_step
0000ac26     2b0 (0000ac00)     burst_dst_step
0000ac27     2b0 (0000ac00)     burst_src_step
0000ac28     2b0 (0000ac00)     srcWrapSize
0000ac29     2b0 (0000ac00)     destWrapSize
0000ac2a     2b0 (0000ac00)     Sensor1LevelH
0000ac2b     2b0 (0000ac00)     Sensor1LevelL
0000ac2c     2b0 (0000ac00)     Sensor2LevelH
0000ac2d     2b0 (0000ac00)     Sensor2LevelL
0000ac2e     2b0 (0000ac00)     PWM_level
0000ac30     2b0 (0000ac00)     Example_Result
0000ac32     2b0 (0000ac00)     Example_PassCount
0000ac34     2b0 (0000ac00)     Example_Fail
0000ac36     2b0 (0000ac00)     __TI_enable_exit_profile_output
0000ac38     2b0 (0000ac00)     __TI_cleanup_ptr
0000ac3a     2b0 (0000ac00)     __TI_dtors_ptr
0000ac3c     2b0 (0000ac00)     _lock
0000ac3e     2b0 (0000ac00)     _unlock

0000ac40     2b1 (0000ac40)     DacOutput
0000ac41     2b1 (0000ac40)     DacOffset
0000ac42     2b1 (0000ac40)     done
0000ac44     2b1 (0000ac40)     destAddr
0000ac46     2b1 (0000ac40)     srcAddr

0000c000     300 (0000c000)     sData

0000d000     340 (0000d000)     rData


GLOBAL SYMBOLS: SORTED ALPHABETICALLY BY Name 

page  address   name                                     
----  -------   ----                                     
0     0000b4a5  ADC_init                                 
0     00008f20  ADC_setINLTrim                           
0     000092bf  ADC_setMode                              
0     00009000  ADC_setOffsetTrim                        
0     0000b421  Board_init                               
0     00009375  C$$EXIT                                  
1     0000ac22  DEBUG_TOGGLE                             
0     000093c6  DMA_configAddresses                      
0     0000917b  DMA_configBurst                          
0     00008704  DMA_configMode                           
0     0000913f  DMA_configTransfer                       
0     000090f9  DMA_configWrap                           
1     0000ac41  DacOffset                                
1     0000ac40  DacOutput                                
0     00008a73  Device_bootCPU2                          
0     00008a42  Device_configureTMXAnalogTrim            
0     000088f0  Device_enableAllPeripherals              
0     00008a2c  Device_enableUnbondedGPIOPullups         
0     00008a0f  Device_enableUnbondedGPIOPullupsFor100Pin
0     000089fc  Device_enableUnbondedGPIOPullupsFor176Pin
0     000088ae  Device_init                              
0     000089db  Device_initGPIO                          
0     0000b4f0  EPWM_init                                
1     0000ac34  Example_Fail                             
1     0000ac32  Example_PassCount                        
1     0000ac30  Example_Result                           
0     00008bfe  Example_done                             
0     00008bf9  Example_setResultFail                    
0     00008bf4  Example_setResultPass                    
0     0000b76d  GPIO_init                                
0     000091b2  GPIO_setControllerCore                   
0     0000928e  GPIO_setDirectionMode                    
0     000087a1  GPIO_setPadConfig                        
0     000091e9  GPIO_setPinConfig                        
0     00009220  GPIO_setQualificationMode                
0     0000b784  INPUTXBAR_init                           
0     0000b793  INTERRUPT_init                           
0     000086f7  INT_myADCA_1_ISR                         
0     000094e5  Interrupt_defaultHandler                 
0     00009257  Interrupt_enable                         
0     00009585  Interrupt_illegalOperationHandler        
0     0000b7be  Interrupt_initModule                     
0     0000942d  Interrupt_initVectorTable                
0     0000958f  Interrupt_nmiHandler                     
1     0000ac2e  PWM_level                                
0     0000b42e  PinMux_init                              
1     0000ac23  SINE_ENABLE                              
0     0000b7a0  SYNC_init                                
1     0000ac2a  Sensor1LevelH                            
1     0000ac2b  Sensor1LevelL                            
1     0000ac2c  Sensor2LevelH                            
1     0000ac2d  Sensor2LevelL                            
0     00000123  SysCtl_delay                             
0     00009060  SysCtl_getClock                          
0     00008f8f  SysCtl_getDeviceParametric               
0     0000949d  SysCtl_getLowSpeedClock                  
0     000090b1  SysCtl_selectOscSource                   
0     00008e08  SysCtl_selectXTAL                        
0     00008bff  SysCtl_setClock                          
0     000092ee  XBAR_setOutputMuxConfig                  
0     00000150  __TI_CINIT_Base                          
0     00000160  __TI_CINIT_Limit                         
0     00000160  __TI_CINIT_Warm                          
0     0000013e  __TI_Handler_Table_Base                  
0     00000144  __TI_Handler_Table_Limit                 
1     00000500  __TI_STACK_END                           
abs   00000100  __TI_STACK_SIZE                          
0     0000934a  __TI_auto_init_nobinit_nopinit           
1     0000ac38  __TI_cleanup_ptr                         
0     0000931c  __TI_decompress_lzss                     
0     000095aa  __TI_decompress_none                     
1     0000ac3a  __TI_dtors_ptr                           
1     0000ac36  __TI_enable_exit_profile_output          
abs   ffffffff  __TI_pprof_out_hndl                      
abs   ffffffff  __TI_prof_data_size                      
abs   ffffffff  __TI_prof_data_start                     
0     000095c0  __TI_zero_init                           
0     00008e98  __c28xabi_divf                           
n/a   UNDEFED   __c_args__                               
0     00008bed  __error__                                
1     00000400  __stack                                  
0     0000956e  _args_main                               
0     000094ce  _c_int00                                 
1     0000ac3c  _lock                                    
0     000095a1  _nop                                     
0     0000959d  _register_lock                           
0     00009599  _register_unlock                         
0     0000b7fd  _system_post_cinit                       
0     0000b7fb  _system_pre_init                         
1     0000ac3e  _unlock                                  
0     00009375  abort                                    
1     0000ac26  burst_dst_step                           
1     0000ac27  burst_src_step                           
0     00000000  code_start                               
1     0000ac44  destAddr                                 
1     0000ac29  destWrapSize                             
0     0000864b  dmaCh1ISR                                
1     0000ac42  done                                     
1     0000ac25  dst_step                                 
0     0000869e  epwm1ISR                                 
0     000086d0  epwm2ISR                                 
0     000086dd  epwm3ISR                                 
0     000086ea  epwm4ISR                                 
0     00009377  exit                                     
0     0000859c  initCMPSS                                
0     00008608  initDMA                                  
0     000084f3  initEPWM                                 
0     00008548  initEPWM2                                
0     0000842d  main                                     
0     0000944b  memcpy                                   
0     000095b9  memset                                   
0     0000b4a8  myADCA_init                              
0     0000b770  myBoardLED0_GPIO_init                    
0     0000b789  myINPUTXBARINPUT0_init                   
0     0000b78e  myINPUTXBARINPUT1_init                   
1     0000d000  rData                                    
1     0000c000  sData                                    
1     0000ac46  srcAddr                                  
1     0000ac28  srcWrapSize                              
1     0000ac24  src_step                                 


GLOBAL SYMBOLS: SORTED BY Symbol Address 

page  address   name                                     
----  -------   ----                                     
0     00000000  code_start                               
0     00000123  SysCtl_delay                             
0     0000013e  __TI_Handler_Table_Base                  
0     00000144  __TI_Handler_Table_Limit                 
0     00000150  __TI_CINIT_Base                          
0     00000160  __TI_CINIT_Limit                         
0     00000160  __TI_CINIT_Warm                          
0     0000842d  main                                     
0     000084f3  initEPWM                                 
0     00008548  initEPWM2                                
0     0000859c  initCMPSS                                
0     00008608  initDMA                                  
0     0000864b  dmaCh1ISR                                
0     0000869e  epwm1ISR                                 
0     000086d0  epwm2ISR                                 
0     000086dd  epwm3ISR                                 
0     000086ea  epwm4ISR                                 
0     000086f7  INT_myADCA_1_ISR                         
0     00008704  DMA_configMode                           
0     000087a1  GPIO_setPadConfig                        
0     000088ae  Device_init                              
0     000088f0  Device_enableAllPeripherals              
0     000089db  Device_initGPIO                          
0     000089fc  Device_enableUnbondedGPIOPullupsFor176Pin
0     00008a0f  Device_enableUnbondedGPIOPullupsFor100Pin
0     00008a2c  Device_enableUnbondedGPIOPullups         
0     00008a42  Device_configureTMXAnalogTrim            
0     00008a73  Device_bootCPU2                          
0     00008bed  __error__                                
0     00008bf4  Example_setResultPass                    
0     00008bf9  Example_setResultFail                    
0     00008bfe  Example_done                             
0     00008bff  SysCtl_setClock                          
0     00008e08  SysCtl_selectXTAL                        
0     00008e98  __c28xabi_divf                           
0     00008f20  ADC_setINLTrim                           
0     00008f8f  SysCtl_getDeviceParametric               
0     00009000  ADC_setOffsetTrim                        
0     00009060  SysCtl_getClock                          
0     000090b1  SysCtl_selectOscSource                   
0     000090f9  DMA_configWrap                           
0     0000913f  DMA_configTransfer                       
0     0000917b  DMA_configBurst                          
0     000091b2  GPIO_setControllerCore                   
0     000091e9  GPIO_setPinConfig                        
0     00009220  GPIO_setQualificationMode                
0     00009257  Interrupt_enable                         
0     0000928e  GPIO_setDirectionMode                    
0     000092bf  ADC_setMode                              
0     000092ee  XBAR_setOutputMuxConfig                  
0     0000931c  __TI_decompress_lzss                     
0     0000934a  __TI_auto_init_nobinit_nopinit           
0     00009375  C$$EXIT                                  
0     00009375  abort                                    
0     00009377  exit                                     
0     000093c6  DMA_configAddresses                      
0     0000942d  Interrupt_initVectorTable                
0     0000944b  memcpy                                   
0     0000949d  SysCtl_getLowSpeedClock                  
0     000094ce  _c_int00                                 
0     000094e5  Interrupt_defaultHandler                 
0     0000956e  _args_main                               
0     00009585  Interrupt_illegalOperationHandler        
0     0000958f  Interrupt_nmiHandler                     
0     00009599  _register_unlock                         
0     0000959d  _register_lock                           
0     000095a1  _nop                                     
0     000095aa  __TI_decompress_none                     
0     000095b9  memset                                   
0     000095c0  __TI_zero_init                           
0     0000b421  Board_init                               
0     0000b42e  PinMux_init                              
0     0000b4a5  ADC_init                                 
0     0000b4a8  myADCA_init                              
0     0000b4f0  EPWM_init                                
0     0000b76d  GPIO_init                                
0     0000b770  myBoardLED0_GPIO_init                    
0     0000b784  INPUTXBAR_init                           
0     0000b789  myINPUTXBARINPUT0_init                   
0     0000b78e  myINPUTXBARINPUT1_init                   
0     0000b793  INTERRUPT_init                           
0     0000b7a0  SYNC_init                                
0     0000b7be  Interrupt_initModule                     
0     0000b7fb  _system_pre_init                         
0     0000b7fd  _system_post_cinit                       
1     00000400  __stack                                  
1     00000500  __TI_STACK_END                           
1     0000ac22  DEBUG_TOGGLE                             
1     0000ac23  SINE_ENABLE                              
1     0000ac24  src_step                                 
1     0000ac25  dst_step                                 
1     0000ac26  burst_dst_step                           
1     0000ac27  burst_src_step                           
1     0000ac28  srcWrapSize                              
1     0000ac29  destWrapSize                             
1     0000ac2a  Sensor1LevelH                            
1     0000ac2b  Sensor1LevelL                            
1     0000ac2c  Sensor2LevelH                            
1     0000ac2d  Sensor2LevelL                            
1     0000ac2e  PWM_level                                
1     0000ac30  Example_Result                           
1     0000ac32  Example_PassCount                        
1     0000ac34  Example_Fail                             
1     0000ac36  __TI_enable_exit_profile_output          
1     0000ac38  __TI_cleanup_ptr                         
1     0000ac3a  __TI_dtors_ptr                           
1     0000ac3c  _lock                                    
1     0000ac3e  _unlock                                  
1     0000ac40  DacOutput                                
1     0000ac41  DacOffset                                
1     0000ac42  done                                     
1     0000ac44  destAddr                                 
1     0000ac46  srcAddr                                  
1     0000c000  sData                                    
1     0000d000  rData                                    
abs   00000100  __TI_STACK_SIZE                          
abs   ffffffff  __TI_pprof_out_hndl                      
abs   ffffffff  __TI_prof_data_size                      
abs   ffffffff  __TI_prof_data_start                     
n/a   UNDEFED   __c_args__                               

[120 symbols]
