******************************************************************************
             TMS320C2000 Linker PC v22.6.0                     
******************************************************************************
>> Linked Sun Nov 16 18:09:35 2025

OUTPUT FILE NAME:   <part_1_DMA.out>
ENTRY POINT SYMBOL: "code_start"  address: 00000000


MEMORY CONFIGURATION

         name            origin    length      used     unused   attr    fill
----------------------  --------  ---------  --------  --------  ----  --------
PAGE 0:
  BEGIN                 00000000   00000002  00000002  00000000  RWIX
  RAMM0                 00000123   000002dd  00000030  000002ad  RWIX
  RAMLS0                00008000   00000800  000003b9  00000447  RWIX
  RAMLS1                00008800   00000800  00000000  00000800  RWIX
  RAMLS2                00009000   00000800  00000000  00000800  RWIX
  RAMLS3                00009800   00000800  00000000  00000800  RWIX
  RAMLS4                0000a000   00000800  00000000  00000800  RWIX
  RAMD0                 0000b000   00000800  00000800  00000000  RWIX
  FLASHA                00080002   00001ffe  00000000  00001ffe  RWIX
  FLASHB                00082000   00002000  00000000  00002000  RWIX
  FLASHC                00084000   00002000  00000000  00002000  RWIX
  FLASHD                00086000   00002000  00000000  00002000  RWIX
  FLASHE                00088000   00008000  00000000  00008000  RWIX
  FLASHF                00090000   00008000  00000000  00008000  RWIX
  FLASHG                00098000   00008000  00000000  00008000  RWIX
  FLASHH                000a0000   00008000  00000000  00008000  RWIX
  FLASHI                000a8000   00008000  00000000  00008000  RWIX
  FLASHJ                000b0000   00008000  00000000  00008000  RWIX
  FLASHK                000b8000   00002000  00000000  00002000  RWIX
  FLASHL                000ba000   00002000  00000000  00002000  RWIX
  FLASHM                000bc000   00002000  00000000  00002000  RWIX
  FLASHN                000be000   00001ff0  00000000  00001ff0  RWIX
  RESET                 003fffc0   00000002  00000000  00000002  RWIX

PAGE 1:
  BOOT_RSVD             00000002   00000121  00000000  00000121  RWIX
  RAMM1                 00000400   000003f8  00000100  000002f8  RWIX
  RAMLS5                0000a800   00000800  000001ef  00000611  RWIX
  RAMD1                 0000b800   00000800  00000000  00000800  RWIX
  RAMGS0                0000c000   00001000  00000390  00000c70  RWIX
  RAMGS1                0000d000   00001000  00000390  00000c70  RWIX
  RAMGS2                0000e000   00001000  00000000  00001000  RWIX
  RAMGS3                0000f000   00001000  00000000  00001000  RWIX
  RAMGS4                00010000   00001000  00000000  00001000  RWIX
  RAMGS5                00011000   00001000  00000000  00001000  RWIX
  RAMGS6                00012000   00001000  00000000  00001000  RWIX
  RAMGS7                00013000   00001000  00000000  00001000  RWIX
  RAMGS8                00014000   00001000  00000000  00001000  RWIX
  RAMGS9                00015000   00001000  00000000  00001000  RWIX
  RAMGS10               00016000   00001000  00000000  00001000  RWIX
  RAMGS11               00017000   00001000  00000000  00001000  RWIX
  RAMGS12               00018000   00001000  00000000  00001000  RWIX
  RAMGS13               00019000   00001000  00000000  00001000  RWIX
  RAMGS14               0001a000   00001000  00000000  00001000  RWIX
  RAMGS15               0001b000   00000ff8  00000000  00000ff8  RWIX
  CPU2TOCPU1RAM         0003f800   00000400  00000000  00000400  RWIX
  CPU1TOCPU2RAM         0003fc00   00000400  00000000  00000400  RWIX
  CANA_MSG_RAM          00049000   00000800  00000000  00000800  RWIX
  CANB_MSG_RAM          0004b000   00000800  00000000  00000800  RWIX


SECTION ALLOCATION MAP

 output                                  attributes/
section   page    origin      length       input sections
--------  ----  ----------  ----------   ----------------
codestart 
*          0    00000000    00000002     
                  00000000    00000002     F2837xD_CodeStartBranch.obj (codestart)

.cinit     0    00000128    0000002c     
                  00000128    00000009     (.cinit..data.load) [load image, compression = lzss]
                  00000131    00000001     --HOLE-- [fill = 0]
                  00000132    00000006     (__TI_handler_table)
                  00000138    00000004     (.cinit..bss.load) [load image, compression = zero_init]
                  0000013c    00000004     (.cinit.ramgs0.load) [load image, compression = zero_init]
                  00000140    00000004     (.cinit.ramgs1.load) [load image, compression = zero_init]
                  00000144    00000010     (__TI_cinit_table)

.reset     0    003fffc0    00000000     DSECT

.stack     1    00000400    00000100     UNINITIALIZED
                  00000400    00000100     --HOLE--

.bss       1    0000a9e6    0000000a     UNINITIALIZED
                  0000a9e6    0000000a     DMA_Timer_PINGPONG.obj (.bss)

.init_array 
*          0    00000123    00000000     UNINITIALIZED

.const     1    0000a800    000001d5     
                  0000a800    000000c2     driverlib_eabi.lib : sysctl.obj (.const:.string)
                  0000a8c2    000000bc                        : gpio.obj (.const:.string)
                  0000a97e    00000043     DMA_Timer_PINGPONG.obj (.const:.string)
                  0000a9c1    00000001     --HOLE-- [fill = 0]
                  0000a9c2    00000013     device.obj (.const:.string)

.data      1    0000a9d6    00000010     UNINITIALIZED
                  0000a9d6    00000006     device.obj (.data)
                  0000a9dc    00000006     rts2800_fpu32_eabi.lib : exit.c.obj (.data)
                  0000a9e2    00000002                            : _lock.c.obj (.data:_lock)
                  0000a9e4    00000002                            : _lock.c.obj (.data:_unlock)

ramgs0     1    0000c000    00000390     UNINITIALIZED
                  0000c000    00000390     DMA_Timer_PINGPONG.obj (ramgs0)

ramgs1     1    0000d000    00000390     UNINITIALIZED
                  0000d000    00000390     DMA_Timer_PINGPONG.obj (ramgs1)

.TI.ramfunc 
*          0    00000123    00000004     
                  00000123    00000004     driverlib_eabi.lib : sysctl.obj (.TI.ramfunc)

GETBUFFER 
*          0    0003f800    00000000     DSECT

GETWRITEIDX 
*          0    0003f800    00000000     DSECT

PUTREADIDX 
*          0    0003f800    00000000     DSECT

.text.1    0    00008000    000003b9     
                  00008000    00000055     DMA_Timer_PINGPONG.obj (.text)
                  00008055    00000051     driverlib_eabi.lib : sysctl.obj (.text:SysCtl_getClock)
                  000080a6    00000048                        : sysctl.obj (.text:SysCtl_selectOscSource)
                  000080ee    00000037                        : gpio.obj (.text:GPIO_setControllerCore)
                  00008125    00000037                        : gpio.obj (.text:GPIO_setPinConfig)
                  0000815c    00000037                        : gpio.obj (.text:GPIO_setQualificationMode)
                  00008193    00000031                        : gpio.obj (.text:GPIO_setDirectionMode)
                  000081c4    0000002e     rts2800_fpu32_eabi.lib : copy_decompress_lzss.c.obj (.text:decompress:lzss)
                  000081f2    0000002b                            : autoinit.c.obj (.text:__TI_auto_init_nobinit_nopinit)
                  0000821d    00000029                            : exit.c.obj (.text)
                  00008246    00000028     driverlib_eabi.lib : sysctl.obj (.text:CPUTimer_selectClockSource)
                  0000826e    0000001f                        : sysctl.obj (.text:CPUTimer_getTimerOverflowStatus)
                  0000828d    0000001d     rts2800_fpu32_eabi.lib : memcpy.c.obj (.text)
                  000082aa    0000001a     driverlib_eabi.lib : sysctl.obj (.text:CPUTimer_startTimer)
                  000082c4    0000001a                        : sysctl.obj (.text:SysCtl_getLowSpeedClock)
                  000082de    00000017                        : sysctl.obj (.text:CPUTimer_isBaseValid)
                  000082f5    00000017     rts2800_fpu32_eabi.lib : boot28.asm.obj (.text)
                  0000830c    00000014     driverlib_eabi.lib : sysctl.obj (.text:CPUTimer_stopTimer)
                  00008320    00000012                        : sysctl.obj (.text:CPUTimer_clearOverflowFlag)
                  00008332    00000012                        : sysctl.obj (.text:CPUTimer_disableInterrupt)
                  00008344    00000011                        : sysctl.obj (.text:CPUTimer_setPeriod)
                  00008355    0000000f                        : sysctl.obj (.text:SysCtl_pollCpuTimer)
                  00008364    0000000e                        : gpio.obj (.text:GPIO_isPinValid)
                  00008372    0000000c     rts2800_fpu32_eabi.lib : args_main.c.obj (.text)
                  0000837e    0000000b     driverlib_eabi.lib : sysctl.obj (.text:SysCtl_isMCDClockFailureDetected)
                  00008389    00000009     rts2800_fpu32_eabi.lib : _lock.c.obj (.text)
                  00008392    00000008     F2837xD_CodeStartBranch.obj (.text)
                  0000839a    00000008     rts2800_fpu32_eabi.lib : copy_decompress_none.c.obj (.text:decompress:none)
                  000083a2    00000007     driverlib_eabi.lib : sysctl.obj (.text:SysCtl_resetMCD)
                  000083a9    00000007     rts2800_fpu32_eabi.lib : memset.c.obj (.text)
                  000083b0    00000006                            : copy_zero_init.c.obj (.text:decompress:ZI)
                  000083b6    00000002                            : pre_init.c.obj (.text)
                  000083b8    00000001                            : startup.c.obj (.text)

.text.2    0    0000b000    00000800     
                  0000b000    000003ff     device.obj (.text)
                  0000b3ff    00000209     driverlib_eabi.lib : sysctl.obj (.text:SysCtl_setClock)
                  0000b608    00000090                        : sysctl.obj (.text:SysCtl_selectXTAL)
                  0000b698    00000088     rts2800_fpu32_eabi.lib : fs_div28.asm.obj (.text)
                  0000b720    0000006f     DMA_Timer_PINGPONG.obj (.text:retain)
                  0000b78f    00000068     driverlib_eabi.lib : sysctl.obj (.text:SysCtl_getDeviceParametric)
                  0000b7f7    00000009                        : sysctl.obj (.text:SysCtl_serviceWatchdog)

MODULE SUMMARY

       Module                        code   ro data   rw data
       ------                        ----   -------   -------
    .\
       DMA_Timer_PINGPONG.obj        196    67        1834   
    +--+-----------------------------+------+---------+---------+
       Total:                        196    67        1834   
                                                             
    .\device\
       device.obj                    1023   19        6      
       F2837xD_CodeStartBranch.obj   10     0         0      
    +--+-----------------------------+------+---------+---------+
       Total:                        1033   19        6      
                                                             
    C:\ti\c2000\C2000Ware_5_02_00_00\driverlib\f2837xd\driverlib\ccs\Debug\driverlib_eabi.lib
       sysctl.obj                    1187   194       0      
       gpio.obj                      228    188       0      
    +--+-----------------------------+------+---------+---------+
       Total:                        1415   382       0      
                                                             
    C:\ti\ccs1210\ccs\tools\compiler\ti-cgt-c2000_22.6.0.LTS\lib\rts2800_fpu32_eabi.lib
       fs_div28.asm.obj              136    0         0      
       exit.c.obj                    41     0         6      
       copy_decompress_lzss.c.obj    46     0         0      
       autoinit.c.obj                43     0         0      
       memcpy.c.obj                  29     0         0      
       boot28.asm.obj                23     0         0      
       _lock.c.obj                   9      0         4      
       args_main.c.obj               12     0         0      
       copy_decompress_none.c.obj    8      0         0      
       memset.c.obj                  7      0         0      
       copy_zero_init.c.obj          6      0         0      
       pre_init.c.obj                2      0         0      
       startup.c.obj                 1      0         0      
    +--+-----------------------------+------+---------+---------+
       Total:                        363    0         10     
                                                             
       Stack:                        0      0         256    
       Linker Generated:             0      43        0      
    +--+-----------------------------+------+---------+---------+
       Grand Total:                  3007   511       2106   


LINKER GENERATED COPY TABLES

__TI_cinit_table @ 00000144 records: 4, size/record: 4, table size: 16
	.data: load addr=00000128, load size=00000009 bytes, run addr=0000a9d6, run size=00000010 bytes, compression=lzss
	.bss: load addr=00000138, load size=00000004 bytes, run addr=0000a9e6, run size=0000000a bytes, compression=zero_init
	ramgs0: load addr=0000013c, load size=00000004 bytes, run addr=0000c000, run size=00000390 bytes, compression=zero_init
	ramgs1: load addr=00000140, load size=00000004 bytes, run addr=0000d000, run size=00000390 bytes, compression=zero_init


LINKER GENERATED HANDLER TABLE

__TI_handler_table @ 00000132 records: 3, size/record: 2, table size: 6
	index: 0, handler: __TI_zero_init
	index: 1, handler: __TI_decompress_lzss
	index: 2, handler: __TI_decompress_none


GLOBAL DATA SYMBOLS: SORTED BY DATA PAGE

address     data page           name
--------    ----------------    ----
00000400      10 (00000400)     __stack

0000a9d6     2a7 (0000a9c0)     Example_Result
0000a9d8     2a7 (0000a9c0)     Example_PassCount
0000a9da     2a7 (0000a9c0)     Example_Fail
0000a9dc     2a7 (0000a9c0)     __TI_enable_exit_profile_output
0000a9de     2a7 (0000a9c0)     __TI_cleanup_ptr
0000a9e0     2a7 (0000a9c0)     __TI_dtors_ptr
0000a9e2     2a7 (0000a9c0)     _lock
0000a9e4     2a7 (0000a9c0)     _unlock
0000a9e6     2a7 (0000a9c0)     DacOutput
0000a9e7     2a7 (0000a9c0)     DacOffset
0000a9e8     2a7 (0000a9c0)     done
0000a9e9     2a7 (0000a9c0)     cpuTimer0IntCount
0000a9ea     2a7 (0000a9c0)     cpuTimer1IntCount
0000a9ec     2a7 (0000a9c0)     destAddr
0000a9ee     2a7 (0000a9c0)     srcAddr

0000c000     300 (0000c000)     sData

0000d000     340 (0000d000)     rData


GLOBAL SYMBOLS: SORTED ALPHABETICALLY BY Name 

page  address   name                                     
----  -------   ----                                     
0     0000821d  C$$EXIT                                  
1     0000a9e7  DacOffset                                
1     0000a9e6  DacOutput                                
0     0000b273  Device_bootCPU2                          
0     0000b242  Device_configureTMXAnalogTrim            
0     0000b0f0  Device_enableAllPeripherals              
0     0000b22c  Device_enableUnbondedGPIOPullups         
0     0000b20f  Device_enableUnbondedGPIOPullupsFor100Pin
0     0000b1fc  Device_enableUnbondedGPIOPullupsFor176Pin
0     0000b0ae  Device_init                              
0     0000b1db  Device_initGPIO                          
1     0000a9da  Example_Fail                             
1     0000a9d8  Example_PassCount                        
1     0000a9d6  Example_Result                           
0     0000b3fe  Example_done                             
0     0000b3f9  Example_setResultFail                    
0     0000b3f4  Example_setResultPass                    
0     000080ee  GPIO_setControllerCore                   
0     00008193  GPIO_setDirectionMode                    
0     00008125  GPIO_setPinConfig                        
0     0000815c  GPIO_setQualificationMode                
0     00000123  SysCtl_delay                             
0     00008055  SysCtl_getClock                          
0     0000b78f  SysCtl_getDeviceParametric               
0     000082c4  SysCtl_getLowSpeedClock                  
0     000080a6  SysCtl_selectOscSource                   
0     0000b608  SysCtl_selectXTAL                        
0     0000b3ff  SysCtl_setClock                          
0     00000144  __TI_CINIT_Base                          
0     00000154  __TI_CINIT_Limit                         
0     00000154  __TI_CINIT_Warm                          
0     00000132  __TI_Handler_Table_Base                  
0     00000138  __TI_Handler_Table_Limit                 
1     00000500  __TI_STACK_END                           
abs   00000100  __TI_STACK_SIZE                          
0     000081f2  __TI_auto_init_nobinit_nopinit           
1     0000a9de  __TI_cleanup_ptr                         
0     000081c4  __TI_decompress_lzss                     
0     0000839a  __TI_decompress_none                     
1     0000a9e0  __TI_dtors_ptr                           
1     0000a9dc  __TI_enable_exit_profile_output          
abs   ffffffff  __TI_pprof_out_hndl                      
abs   ffffffff  __TI_prof_data_size                      
abs   ffffffff  __TI_prof_data_start                     
0     000083b0  __TI_zero_init                           
0     0000b698  __c28xabi_divf                           
n/a   UNDEFED   __c_args__                               
0     0000b3ed  __error__                                
1     00000400  __stack                                  
0     00008372  _args_main                               
0     000082f5  _c_int00                                 
1     0000a9e2  _lock                                    
0     00008391  _nop                                     
0     0000838d  _register_lock                           
0     00008389  _register_unlock                         
0     000083b8  _system_post_cinit                       
0     000083b6  _system_pre_init                         
1     0000a9e4  _unlock                                  
0     0000821d  abort                                    
0     00000000  code_start                               
0     0000804d  configCPUTimer                           
0     0000b72d  cpuTimer0ISR                             
1     0000a9e9  cpuTimer0IntCount                        
0     0000b75e  cpuTimer1ISR                             
1     0000a9ea  cpuTimer1IntCount                        
1     0000a9ec  destAddr                                 
0     0000b720  dmaCh1ISR                                
1     0000a9e8  done                                     
0     0000821f  exit                                     
0     0000804c  initCPUTimers                            
0     0000804b  initDMA                                  
0     0000803e  main                                     
0     0000828d  memcpy                                   
0     000083a9  memset                                   
1     0000d000  rData                                    
1     0000c000  sData                                    
1     0000a9ee  srcAddr                                  


GLOBAL SYMBOLS: SORTED BY Symbol Address 

page  address   name                                     
----  -------   ----                                     
0     00000000  code_start                               
0     00000123  SysCtl_delay                             
0     00000132  __TI_Handler_Table_Base                  
0     00000138  __TI_Handler_Table_Limit                 
0     00000144  __TI_CINIT_Base                          
0     00000154  __TI_CINIT_Limit                         
0     00000154  __TI_CINIT_Warm                          
0     0000803e  main                                     
0     0000804b  initDMA                                  
0     0000804c  initCPUTimers                            
0     0000804d  configCPUTimer                           
0     00008055  SysCtl_getClock                          
0     000080a6  SysCtl_selectOscSource                   
0     000080ee  GPIO_setControllerCore                   
0     00008125  GPIO_setPinConfig                        
0     0000815c  GPIO_setQualificationMode                
0     00008193  GPIO_setDirectionMode                    
0     000081c4  __TI_decompress_lzss                     
0     000081f2  __TI_auto_init_nobinit_nopinit           
0     0000821d  C$$EXIT                                  
0     0000821d  abort                                    
0     0000821f  exit                                     
0     0000828d  memcpy                                   
0     000082c4  SysCtl_getLowSpeedClock                  
0     000082f5  _c_int00                                 
0     00008372  _args_main                               
0     00008389  _register_unlock                         
0     0000838d  _register_lock                           
0     00008391  _nop                                     
0     0000839a  __TI_decompress_none                     
0     000083a9  memset                                   
0     000083b0  __TI_zero_init                           
0     000083b6  _system_pre_init                         
0     000083b8  _system_post_cinit                       
0     0000b0ae  Device_init                              
0     0000b0f0  Device_enableAllPeripherals              
0     0000b1db  Device_initGPIO                          
0     0000b1fc  Device_enableUnbondedGPIOPullupsFor176Pin
0     0000b20f  Device_enableUnbondedGPIOPullupsFor100Pin
0     0000b22c  Device_enableUnbondedGPIOPullups         
0     0000b242  Device_configureTMXAnalogTrim            
0     0000b273  Device_bootCPU2                          
0     0000b3ed  __error__                                
0     0000b3f4  Example_setResultPass                    
0     0000b3f9  Example_setResultFail                    
0     0000b3fe  Example_done                             
0     0000b3ff  SysCtl_setClock                          
0     0000b608  SysCtl_selectXTAL                        
0     0000b698  __c28xabi_divf                           
0     0000b720  dmaCh1ISR                                
0     0000b72d  cpuTimer0ISR                             
0     0000b75e  cpuTimer1ISR                             
0     0000b78f  SysCtl_getDeviceParametric               
1     00000400  __stack                                  
1     00000500  __TI_STACK_END                           
1     0000a9d6  Example_Result                           
1     0000a9d8  Example_PassCount                        
1     0000a9da  Example_Fail                             
1     0000a9dc  __TI_enable_exit_profile_output          
1     0000a9de  __TI_cleanup_ptr                         
1     0000a9e0  __TI_dtors_ptr                           
1     0000a9e2  _lock                                    
1     0000a9e4  _unlock                                  
1     0000a9e6  DacOutput                                
1     0000a9e7  DacOffset                                
1     0000a9e8  done                                     
1     0000a9e9  cpuTimer0IntCount                        
1     0000a9ea  cpuTimer1IntCount                        
1     0000a9ec  destAddr                                 
1     0000a9ee  srcAddr                                  
1     0000c000  sData                                    
1     0000d000  rData                                    
abs   00000100  __TI_STACK_SIZE                          
abs   ffffffff  __TI_pprof_out_hndl                      
abs   ffffffff  __TI_prof_data_size                      
abs   ffffffff  __TI_prof_data_start                     
n/a   UNDEFED   __c_args__                               

[77 symbols]
